Archive member included to satisfy reference by file (symbol)

external/rtt/librtt_nrf52840_xxAA.a(SEGGER_RTT.c.obj)
                              examples/experimental_lpn/CMakeFiles/lpn_nrf52840_xxAA_s140_6.1.0.dir/__/__/mesh/core/src/log.c.obj (SEGGER_RTT_Write)
external/rtt/librtt_nrf52840_xxAA.a(SEGGER_RTT_printf.c.obj)
                              examples/experimental_lpn/CMakeFiles/lpn_nrf52840_xxAA_s140_6.1.0.dir/__/__/mesh/core/src/log.c.obj (SEGGER_RTT_vprintf)
external/micro-ecc/libuECC_nrf52840_xxAA.a(uECC.c.obj)
                              examples/experimental_lpn/CMakeFiles/lpn_nrf52840_xxAA_s140_6.1.0.dir/__/__/mesh/prov/src/prov_utils.c.obj (uECC_secp256r1)
c:/mesh/arm_gcc/bin/../lib/gcc/arm-none-eabi/6.3.1/thumb/v7e-m/fpv4-sp/hard\libgcc.a(_aeabi_uldivmod.o)
                              examples/experimental_lpn/CMakeFiles/lpn_nrf52840_xxAA_s140_6.1.0.dir/__/common/src/rtt_input.c.obj (__aeabi_uldivmod)
c:/mesh/arm_gcc/bin/../lib/gcc/arm-none-eabi/6.3.1/thumb/v7e-m/fpv4-sp/hard\libgcc.a(_udivmoddi4.o)
                              c:/mesh/arm_gcc/bin/../lib/gcc/arm-none-eabi/6.3.1/thumb/v7e-m/fpv4-sp/hard\libgcc.a(_aeabi_uldivmod.o) (__udivmoddi4)
c:/mesh/arm_gcc/bin/../lib/gcc/arm-none-eabi/6.3.1/thumb/v7e-m/fpv4-sp/hard\libgcc.a(_dvmd_tls.o)
                              c:/mesh/arm_gcc/bin/../lib/gcc/arm-none-eabi/6.3.1/thumb/v7e-m/fpv4-sp/hard\libgcc.a(_aeabi_uldivmod.o) (__aeabi_ldiv0)
c:/mesh/arm_gcc/bin/../lib/gcc/arm-none-eabi/6.3.1/../../../../arm-none-eabi/lib/thumb/v7e-m/fpv4-sp/hard\libg_nano.a(lib_a-calloc.o)
                              examples/experimental_lpn/CMakeFiles/lpn_nrf52840_xxAA_s140_6.1.0.dir/__/__/mesh/core/src/mesh_mem_stdlib.c.obj (calloc)
c:/mesh/arm_gcc/bin/../lib/gcc/arm-none-eabi/6.3.1/../../../../arm-none-eabi/lib/thumb/v7e-m/fpv4-sp/hard\libg_nano.a(lib_a-exit.o)
                              c:/mesh/arm_gcc/bin/../lib/gcc/arm-none-eabi/6.3.1/../../../../arm-none-eabi/lib/thumb/v7e-m/fpv4-sp/hard/crt0.o (exit)
c:/mesh/arm_gcc/bin/../lib/gcc/arm-none-eabi/6.3.1/../../../../arm-none-eabi/lib/thumb/v7e-m/fpv4-sp/hard\libg_nano.a(lib_a-impure.o)
                              c:/mesh/arm_gcc/bin/../lib/gcc/arm-none-eabi/6.3.1/../../../../arm-none-eabi/lib/thumb/v7e-m/fpv4-sp/hard\libg_nano.a(lib_a-exit.o) (_global_impure_ptr)
c:/mesh/arm_gcc/bin/../lib/gcc/arm-none-eabi/6.3.1/../../../../arm-none-eabi/lib/thumb/v7e-m/fpv4-sp/hard\libg_nano.a(lib_a-init.o)
                              c:/mesh/arm_gcc/bin/../lib/gcc/arm-none-eabi/6.3.1/../../../../arm-none-eabi/lib/thumb/v7e-m/fpv4-sp/hard/crt0.o (__libc_init_array)
c:/mesh/arm_gcc/bin/../lib/gcc/arm-none-eabi/6.3.1/../../../../arm-none-eabi/lib/thumb/v7e-m/fpv4-sp/hard\libg_nano.a(lib_a-malloc.o)
                              examples/experimental_lpn/CMakeFiles/lpn_nrf52840_xxAA_s140_6.1.0.dir/__/__/mesh/core/src/mesh_mem_stdlib.c.obj (malloc)
c:/mesh/arm_gcc/bin/../lib/gcc/arm-none-eabi/6.3.1/../../../../arm-none-eabi/lib/thumb/v7e-m/fpv4-sp/hard\libg_nano.a(lib_a-memcmp.o)
                              examples/experimental_lpn/CMakeFiles/lpn_nrf52840_xxAA_s140_6.1.0.dir/C_/mesh/deps/nRF5_SDK_15.2.0_9412b96/components/ble/peer_manager/id_manager.c.obj (memcmp)
c:/mesh/arm_gcc/bin/../lib/gcc/arm-none-eabi/6.3.1/../../../../arm-none-eabi/lib/thumb/v7e-m/fpv4-sp/hard\libg_nano.a(lib_a-memcpy-stub.o)
                              examples/experimental_lpn/CMakeFiles/lpn_nrf52840_xxAA_s140_6.1.0.dir/C_/mesh/deps/nRF5_SDK_15.2.0_9412b96/components/ble/ble_services/ble_dfu/ble_dfu_unbonded.c.obj (memcpy)
c:/mesh/arm_gcc/bin/../lib/gcc/arm-none-eabi/6.3.1/../../../../arm-none-eabi/lib/thumb/v7e-m/fpv4-sp/hard\libg_nano.a(lib_a-memset.o)
                              c:/mesh/arm_gcc/bin/../lib/gcc/arm-none-eabi/6.3.1/../../../../arm-none-eabi/lib/thumb/v7e-m/fpv4-sp/hard/crt0.o (memset)
c:/mesh/arm_gcc/bin/../lib/gcc/arm-none-eabi/6.3.1/../../../../arm-none-eabi/lib/thumb/v7e-m/fpv4-sp/hard\libg_nano.a(lib_a-nano-callocr.o)
                              c:/mesh/arm_gcc/bin/../lib/gcc/arm-none-eabi/6.3.1/../../../../arm-none-eabi/lib/thumb/v7e-m/fpv4-sp/hard\libg_nano.a(lib_a-calloc.o) (_calloc_r)
c:/mesh/arm_gcc/bin/../lib/gcc/arm-none-eabi/6.3.1/../../../../arm-none-eabi/lib/thumb/v7e-m/fpv4-sp/hard\libg_nano.a(lib_a-nano-freer.o)
                              c:/mesh/arm_gcc/bin/../lib/gcc/arm-none-eabi/6.3.1/../../../../arm-none-eabi/lib/thumb/v7e-m/fpv4-sp/hard\libg_nano.a(lib_a-malloc.o) (_free_r)
c:/mesh/arm_gcc/bin/../lib/gcc/arm-none-eabi/6.3.1/../../../../arm-none-eabi/lib/thumb/v7e-m/fpv4-sp/hard\libg_nano.a(lib_a-nano-mallocr.o)
                              c:/mesh/arm_gcc/bin/../lib/gcc/arm-none-eabi/6.3.1/../../../../arm-none-eabi/lib/thumb/v7e-m/fpv4-sp/hard\libg_nano.a(lib_a-malloc.o) (_malloc_r)
c:/mesh/arm_gcc/bin/../lib/gcc/arm-none-eabi/6.3.1/../../../../arm-none-eabi/lib/thumb/v7e-m/fpv4-sp/hard\libg_nano.a(lib_a-sbrkr.o)
[...]
Memory Configuration

Name             Origin             Length             Attributes
FLASH            0x00026000         0x000d1000         xr
RAM              0x20002da0         0x0003cf60         xrw
*default*        0x00000000         0xffffffff

Linker script and memory map


.text           0x00026000    0x1bc94
 *(.isr_vector)
 .isr_vector    0x00026000      0x200 examples/experimental_lpn/CMakeFiles/lpn_nrf52840_xxAA_s140_6.1.0.dir/C_/mesh/deps/nRF5_SDK_15.2.0_9412b96/modules/nrfx/mdk/gcc_startup_nrf52840.S.obj
                0x00026000                __isr_vector
 *(.text*)
 .text          0x00026200       0x6c c:/mesh/arm_gcc/bin/../lib/gcc/arm-none-eabi/6.3.1/thumb/v7e-m/fpv4-sp/hard/crtbegin.o
 .text          0x0002626c       0x74 c:/mesh/arm_gcc/bin/../lib/gcc/arm-none-eabi/6.3.1/../../../../arm-none-eabi/lib/thumb/v7e-m/fpv4-sp/hard/crt0.o
                0x0002626c                _start
                0x0002626c                _mainCRTStartup
 .text.sd_power_dcdc_mode_set
                0x000262e0        0x4 examples/experimental_lpn/CMakeFiles/lpn_nrf52840_xxAA_s140_6.1.0.dir/src/main.c.obj
 .text.sd_app_evt_wait
                0x000262e4        0x4 examples/experimental_lpn/CMakeFiles/lpn_nrf52840_xxAA_s140_6.1.0.dir/src/main.c.obj
 .text.app_generic_onoff_client_status_cb
                0x000262e8       0xd0 examples/experimental_lpn/CMakeFiles/lpn_nrf52840_xxAA_s140_6.1.0.dir/src/main.c.obj
 .text.send_app_state
                0x000263b8      0x168 examples/experimental_lpn/CMakeFiles/lpn_nrf52840_xxAA_s140_6.1.0.dir/src/main.c.obj
 .text.state_on_timer_handler
                0x00026520        0x6 examples/experimental_lpn/CMakeFiles/lpn_nrf52840_xxAA_s140_6.1.0.dir/src/main.c.obj
 *fill*         0x00026526        0x2 
 .text.node_reset
                0x00026528       0x74 examples/experimental_lpn/CMakeFiles/lpn_nrf52840_xxAA_s140_6.1.0.dir/src/main.c.obj
 .text.button_event_handler
                0x0002659c      0x320 examples/experimental_lpn/CMakeFiles/lpn_nrf52840_xxAA_s140_6.1.0.dir/src/main.c.obj
 .text.rtt_input_handler
                0x000268bc        0xc examples/experimental_lpn/CMakeFiles/lpn_nrf52840_xxAA_s140_6.1.0.dir/src/main.c.obj
 .text.config_server_evt_cb
                0x000268c8        0xc examples/experimental_lpn/CMakeFiles/lpn_nrf52840_xxAA_s140_6.1.0.dir/src/main.c.obj
 .text.app_mesh_core_event_cb
                0x000268d4      0x288 examples/experimental_lpn/CMakeFiles/lpn_nrf52840_xxAA_s140_6.1.0.dir/src/main.c.obj
 .text.models_init_cb
                0x00026b5c       0x98 examples/experimental_lpn/CMakeFiles/lpn_nrf52840_xxAA_s140_6.1.0.dir/src/main.c.obj
 .text.device_identification_start_cb
                0x00026bf4       0x22 examples/experimental_lpn/CMakeFiles/lpn_nrf52840_xxAA_s140_6.1.0.dir/src/main.c.obj
 .text.provisioning_aborted_cb
                0x00026c16        0x4 examples/experimental_lpn/CMakeFiles/lpn_nrf52840_xxAA_s140_6.1.0.dir/src/main.c.obj
 *fill*         0x00026c1a        0x2 
 .text.provisioning_complete_cb
                0x00026c1c       0xdc examples/experimental_lpn/CMakeFiles/lpn_nrf52840_xxAA_s140_6.1.0.dir/src/main.c.obj
 .text.app_gen_onoff_client_publish_interval_cb
                0x00026cf8       0x64 examples/experimental_lpn/CMakeFiles/lpn_nrf52840_xxAA_s140_6.1.0.dir/src/main.c.obj
 .text.startup.main
                0x00026d5c      0x19c examples/experimental_lpn/CMakeFiles/lpn_nrf52840_xxAA_s140_6.1.0.dir/src/main.c.obj
                0x00026d5c                main
 .text.mesh_evt_handler
                0x00026ef8        0xe examples/experimental_lpn/CMakeFiles/lpn_nrf52840_xxAA_s140_6.1.0.dir/__/__/mesh/stack/src/mesh_stack.c.obj
 .text.mesh_stack_provisioning_data_store
                0x00026f06       0x6c examples/experimental_lpn/CMakeFiles/lpn_nrf52840_xxAA_s140_6.1.0.dir/__/__/mesh/stack/src/mesh_stack.c.obj
                0x00026f06                mesh_stack_provisioning_data_store
 .text.mesh_stack_config_clear
                0x00026f72       0x16 examples/experimental_lpn/CMakeFiles/lpn_nrf52840_xxAA_s140_6.1.0.dir/__/__/mesh/stack/src/mesh_stack.c.obj
                0x00026f72                mesh_stack_config_clear
 .text.mesh_stack_is_device_provisioned
                0x00026f88       0x18 examples/experimental_lpn/CMakeFiles/lpn_nrf52840_xxAA_s140_6.1.0.dir/__/__/mesh/stack/src/mesh_stack.c.obj
                0x00026f88                mesh_stack_is_device_provisioned
 .text.mesh_stack_init
                0x00026fa0       0x6c examples/experimental_lpn/CMakeFiles/lpn_nrf52840_xxAA_s140_6.1.0.dir/__/__/mesh/stack/src/mesh_stack.c.obj
                0x00026fa0                mesh_stack_init
 .text.mesh_stack_start
                0x0002700c       0x1a examples/experimental_lpn/CMakeFiles/lpn_nrf52840_xxAA_s140_6.1.0.dir/__/__/mesh/stack/src/mesh_stack.c.obj
                0x0002700c                mesh_stack_start
 *fill*         0x00027026        0x2 
 .text.mesh_stack_device_reset
                0x00027028       0x20 examples/experimental_lpn/CMakeFiles/lpn_nrf52840_xxAA_s140_6.1.0.dir/__/__/mesh/stack/src/mesh_stack.c.obj
                0x00027028                mesh_stack_device_reset
 .text.provisionee_start
                0x00027048       0x18 examples/experimental_lpn/CMakeFiles/lpn_nrf52840_xxAA_s140_6.1.0.dir/__/common/src/mesh_provisionee.c.obj
 .text.prov_evt_handler
                0x00027060       0xbc examples/experimental_lpn/CMakeFiles/lpn_nrf52840_xxAA_s140_6.1.0.dir/__/common/src/mesh_provisionee.c.obj
 .text.sd_state_evt_handler
                0x0002711c       0xa8 examples/experimental_lpn/CMakeFiles/lpn_nrf52840_xxAA_s140_6.1.0.dir/__/common/src/mesh_provisionee.c.obj
 .text.mesh_evt_handler
                0x000271c4       0x2c examples/experimental_lpn/CMakeFiles/lpn_nrf52840_xxAA_s140_6.1.0.dir/__/common/src/mesh_provisionee.c.obj
 .text.mesh_provisionee_prov_start
                0x000271f0       0x88 examples/experimental_lpn/CMakeFiles/lpn_nrf52840_xxAA_s140_6.1.0.dir/__/common/src/mesh_provisionee.c.obj
                0x000271f0                mesh_provisionee_prov_start
 .text.timeout_handler
                0x00027278       0x1c examples/experimental_lpn/CMakeFiles/lpn_nrf52840_xxAA_s140_6.1.0.dir/__/common/src/rtt_input.c.obj
                0x00027278                timeout_handler
 .text.rtt_input_enable
                0x00027294       0x6c examples/experimental_lpn/CMakeFiles/lpn_nrf52840_xxAA_s140_6.1.0.dir/__/common/src/rtt_input.c.obj
                0x00027294                rtt_input_enable
 .text.led_timeout_handler
                0x00027300       0x48 examples/experimental_lpn/CMakeFiles/lpn_nrf52840_xxAA_s140_6.1.0.dir/__/common/src/simple_hal.c.obj
 .text.hal_led_pin_set
                0x00027348       0x16 examples/experimental_lpn/CMakeFiles/lpn_nrf52840_xxAA_s140_6.1.0.dir/__/common/src/simple_hal.c.obj
                0x00027348                hal_led_pin_set
 .text.hal_led_mask_set
                0x0002735e       0x12 examples/experimental_lpn/CMakeFiles/lpn_nrf52840_xxAA_s140_6.1.0.dir/__/common/src/simple_hal.c.obj
                0x0002735e                hal_led_mask_set
 .text.hal_led_blink_ms
                0x00027370       0x68 examples/experimental_lpn/CMakeFiles/lpn_nrf52840_xxAA_s140_6.1.0.dir/__/common/src/simple_hal.c.obj
                0x00027370                hal_led_blink_ms
 .text.hal_led_blink_stop
                0x000273d8       0x20 examples/experimental_lpn/CMakeFiles/lpn_nrf52840_xxAA_s140_6.1.0.dir/__/common/src/simple_hal.c.obj
                0x000273d8                hal_led_blink_stop
 .text.hal_leds_init
                0x000273f8       0x58 examples/experimental_lpn/CMakeFiles/lpn_nrf52840_xxAA_s140_6.1.0.dir/__/common/src/simple_hal.c.obj
                0x000273f8                hal_leds_init
 .text.hal_buttons_init
                0x00027450       0x50 examples/experimental_lpn/CMakeFiles/lpn_nrf52840_xxAA_s140_6.1.0.dir/__/common/src/simple_hal.c.obj
                0x00027450                hal_buttons_init
 .text.GPIOTE_IRQHandler
                0x000274a0       0x60 examples/experimental_lpn/CMakeFiles/lpn_nrf52840_xxAA_s140_6.1.0.dir/__/common/src/simple_hal.c.obj
                0x000274a0                GPIOTE_IRQHandler
 .text.mesh_app_uuid_print
                0x00027500      0x11c examples/experimental_lpn/CMakeFiles/lpn_nrf52840_xxAA_s140_6.1.0.dir/__/common/src/mesh_app_utils.c.obj
                0x00027500                mesh_app_uuid_print
 .text.sd_ble_gatts_hvx
                0x0002761c        0x4 examples/experimental_lpn/CMakeFiles/lpn_nrf52840_xxAA_s140_6.1.0.dir/C_/mesh/deps/nRF5_SDK_15.2.0_9412b96/components/ble/ble_services/ble_dfu/ble_dfu.c.obj
 .text.sd_ble_gatts_rw_authorize_reply
                0x00027620        0x4 examples/experimental_lpn/CMakeFiles/lpn_nrf52840_xxAA_s140_6.1.0.dir/C_/mesh/deps/nRF5_SDK_15.2.0_9412b96/components/ble/ble_services/ble_dfu/ble_dfu.c.obj
 .text.sd_power_gpregret_set
                0x00027624        0x4 examples/experimental_lpn/CMakeFiles/lpn_nrf52840_xxAA_s140_6.1.0.dir/C_/mesh/deps/nRF5_SDK_15.2.0_9412b96/components/ble/ble_services/ble_dfu/ble_dfu.c.obj
 .text.sd_power_gpregret_clr
                0x00027628        0x4 examples/experimental_lpn/CMakeFiles/lpn_nrf52840_xxAA_s140_6.1.0.dir/C_/mesh/deps/nRF5_SDK_15.2.0_9412b96/components/ble/ble_services/ble_dfu/ble_dfu.c.obj
 .text.ble_dfu_buttonless_on_ble_evt
                0x0002762c       0xe0 examples/experimental_lpn/CMakeFiles/lpn_nrf52840_xxAA_s140_6.1.0.dir/C_/mesh/deps/nRF5_SDK_15.2.0_9412b96/components/ble/ble_services/ble_dfu/ble_dfu.c.obj
                0x0002762c                ble_dfu_buttonless_on_ble_evt
 .text.ble_dfu_buttonless_resp_send
                0x0002770c       0x60 examples/experimental_lpn/CMakeFiles/lpn_nrf52840_xxAA_s140_6.1.0.dir/C_/mesh/deps/nRF5_SDK_15.2.0_9412b96/components/ble/ble_services/ble_dfu/ble_dfu.c.obj
                0x0002770c                ble_dfu_buttonless_resp_send
 .text.ble_dfu_buttonless_bootloader_start_finalize
                0x0002776c       0x30 examples/experimental_lpn/CMakeFiles/lpn_nrf52840_xxAA_s140_6.1.0.dir/C_/mesh/deps/nRF5_SDK_15.2.0_9412b96/components/ble/ble_services/ble_dfu/ble_dfu.c.obj
                0x0002776c                ble_dfu_buttonless_bootloader_start_finalize
 .text.ble_dfu_buttonless_on_sys_evt
                0x0002779c       0x5c examples/experimental_lpn/CMakeFiles/lpn_nrf52840_xxAA_s140_6.1.0.dir/C_/mesh/deps/nRF5_SDK_15.2.0_9412b96/components/ble/ble_services/ble_dfu/ble_dfu_unbonded.c.obj
                0x0002779c                ble_dfu_buttonless_on_sys_evt
 .text.ble_dfu_buttonless_on_ctrl_pt_write
                0x000277f8       0xa4 examples/experimental_lpn/CMakeFiles/lpn_nrf52840_xxAA_s140_6.1.0.dir/C_/mesh/deps/nRF5_SDK_15.2.0_9412b96/components/ble/ble_services/ble_dfu/ble_dfu_unbonded.c.obj
                0x000277f8                ble_dfu_buttonless_on_ctrl_pt_write
 .text.ble_dfu_buttonless_bootloader_start_prepare
                0x0002789c       0x18 examples/experimental_lpn/CMakeFiles/lpn_nrf52840_xxAA_s140_6.1.0.dir/C_/mesh/deps/nRF5_SDK_15.2.0_9412b96/components/ble/ble_services/ble_dfu/ble_dfu_unbonded.c.obj
                0x0002789c                ble_dfu_buttonless_bootloader_start_prepare
 .text.for_each_set_flag
                0x000278b4       0x34 examples/experimental_lpn/CMakeFiles/lpn_nrf52840_xxAA_s140_6.1.0.dir/C_/mesh/deps/nRF5_SDK_15.2.0_9412b96/components/ble/common/ble_conn_state.c.obj
 .text.conn_handle_list_get
                0x000278e8       0x2e examples/experimental_lpn/CMakeFiles/lpn_nrf52840_xxAA_s140_6.1.0.dir/C_/mesh/deps/nRF5_SDK_15.2.0_9412b96/components/ble/common/ble_conn_state.c.obj
                0x000278e8                conn_handle_list_get
 *fill*         0x00027916        0x2 
 .text.ble_evt_handler
                0x00027918       0xd0 examples/experimental_lpn/CMakeFiles/lpn_nrf52840_xxAA_s140_6.1.0.dir/C_/mesh/deps/nRF5_SDK_15.2.0_9412b96/components/ble/common/ble_conn_state.c.obj
 .text.ble_conn_state_valid
                0x000279e8       0x14 examples/experimental_lpn/CMakeFiles/lpn_nrf52840_xxAA_s140_6.1.0.dir/C_/mesh/deps/nRF5_SDK_15.2.0_9412b96/components/ble/common/ble_conn_state.c.obj
                0x000279e8                ble_conn_state_valid
 .text.ble_conn_state_role
                0x000279fc       0x20 examples/experimental_lpn/CMakeFiles/lpn_nrf52840_xxAA_s140_6.1.0.dir/C_/mesh/deps/nRF5_SDK_15.2.0_9412b96/components/ble/common/ble_conn_state.c.obj
                0x000279fc                ble_conn_state_role
 .text.ble_conn_state_encrypted
                0x00027a1c       0x1c examples/experimental_lpn/CMakeFiles/lpn_nrf52840_xxAA_s140_6.1.0.dir/C_/mesh/deps/nRF5_SDK_15.2.0_9412b96/components/ble/common/ble_conn_state.c.obj
                0x00027a1c                ble_conn_state_encrypted
 .text.ble_conn_state_user_flag_get
                0x00027a38       0x30 examples/experimental_lpn/CMakeFiles/lpn_nrf52840_xxAA_s140_6.1.0.dir/C_/mesh/deps/nRF5_SDK_15.2.0_9412b96/components/ble/common/ble_conn_state.c.obj
                0x00027a38                ble_conn_state_user_flag_get
 .text.ble_conn_state_user_flag_set
                0x00027a68       0x3c examples/experimental_lpn/CMakeFiles/lpn_nrf52840_xxAA_s140_6.1.0.dir/C_/mesh/deps/nRF5_SDK_15.2.0_9412b96/components/ble/common/ble_conn_state.c.obj
                0x00027a68                ble_conn_state_user_flag_set
 .text.ble_conn_state_for_each_set_user_flag
                0x00027aa4       0x30 examples/experimental_lpn/CMakeFiles/lpn_nrf52840_xxAA_s140_6.1.0.dir/C_/mesh/deps/nRF5_SDK_15.2.0_9412b96/components/ble/common/ble_conn_state.c.obj
                0x00027aa4                ble_conn_state_for_each_set_user_flag
 .text.nrf_atfifo_item_alloc
                0x00027ad4       0x54 examples/experimental_lpn/CMakeFiles/lpn_nrf52840_xxAA_s140_6.1.0.dir/C_/mesh/deps/nRF5_SDK_15.2.0_9412b96/components/libraries/atomic_fifo/nrf_atfifo.c.obj
                0x00027ad4                nrf_atfifo_item_alloc
 .text.nrf_atfifo_item_put
                0x00027b28       0x20 examples/experimental_lpn/CMakeFiles/lpn_nrf52840_xxAA_s140_6.1.0.dir/C_/mesh/deps/nRF5_SDK_15.2.0_9412b96/components/libraries/atomic_fifo/nrf_atfifo.c.obj
                0x00027b28                nrf_atfifo_item_put
 .text.nrf_atfifo_item_get
                0x00027b48       0x56 examples/experimental_lpn/CMakeFiles/lpn_nrf52840_xxAA_s140_6.1.0.dir/C_/mesh/deps/nRF5_SDK_15.2.0_9412b96/components/libraries/atomic_fifo/nrf_atfifo.c.obj
                0x00027b48                nrf_atfifo_item_get
 .text.nrf_atfifo_item_free
                0x00027b9e       0x20 examples/experimental_lpn/CMakeFiles/lpn_nrf52840_xxAA_s140_6.1.0.dir/C_/mesh/deps/nRF5_SDK_15.2.0_9412b96/components/libraries/atomic_fifo/nrf_atfifo.c.obj
                0x00027b9e                nrf_atfifo_item_free
 .text.nrf_atflags_set
                0x00027bbe       0x12 examples/experimental_lpn/CMakeFiles/lpn_nrf52840_xxAA_s140_6.1.0.dir/C_/mesh/deps/nRF5_SDK_15.2.0_9412b96/components/libraries/atomic_flags/nrf_atflags.c.obj
                0x00027bbe                nrf_atflags_set
 .text.nrf_atflags_fetch_set
                0x00027bd0       0x1c examples/experimental_lpn/CMakeFiles/lpn_nrf52840_xxAA_s140_6.1.0.dir/C_/mesh/deps/nRF5_SDK_15.2.0_9412b96/components/libraries/atomic_flags/nrf_atflags.c.obj
                0x00027bd0                nrf_atflags_fetch_set
 .text.nrf_atflags_clear
                0x00027bec       0x14 examples/experimental_lpn/CMakeFiles/lpn_nrf52840_xxAA_s140_6.1.0.dir/C_/mesh/deps/nRF5_SDK_15.2.0_9412b96/components/libraries/atomic_flags/nrf_atflags.c.obj
                0x00027bec                nrf_atflags_clear
 .text.nrf_atflags_get
                0x00027c00       0x12 examples/experimental_lpn/CMakeFiles/lpn_nrf52840_xxAA_s140_6.1.0.dir/C_/mesh/deps/nRF5_SDK_15.2.0_9412b96/components/libraries/atomic_flags/nrf_atflags.c.obj
                0x00027c00                nrf_atflags_get
 .text.nrf_atflags_find_and_set_flag
                0x00027c12       0x5a examples/experimental_lpn/CMakeFiles/lpn_nrf52840_xxAA_s140_6.1.0.dir/C_/mesh/deps/nRF5_SDK_15.2.0_9412b96/components/libraries/atomic_flags/nrf_atflags.c.obj
                0x00027c12                nrf_atflags_find_and_set_flag
 .text.event_send
                0x00027c6c       0x20 examples/experimental_lpn/CMakeFiles/lpn_nrf52840_xxAA_s140_6.1.0.dir/C_/mesh/deps/nRF5_SDK_15.2.0_9412b96/components/libraries/fds/fds.c.obj
 .text.write_space_reserve
                0x00027c8c       0x5c examples/experimental_lpn/CMakeFiles/lpn_nrf52840_xxAA_s140_6.1.0.dir/C_/mesh/deps/nRF5_SDK_15.2.0_9412b96/components/libraries/fds/fds.c.obj
 .text.gc_page_erase
                0x00027ce8       0x40 examples/experimental_lpn/CMakeFiles/lpn_nrf52840_xxAA_s140_6.1.0.dir/C_/mesh/deps/nRF5_SDK_15.2.0_9412b96/components/libraries/fds/fds.c.obj
 .text.page_tag_write_swap
                0x00027d28       0x28 examples/experimental_lpn/CMakeFiles/lpn_nrf52840_xxAA_s140_6.1.0.dir/C_/mesh/deps/nRF5_SDK_15.2.0_9412b96/components/libraries/fds/fds.c.obj
 .text.page_tag_write_data
                0x00027d50       0x20 examples/experimental_lpn/CMakeFiles/lpn_nrf52840_xxAA_s140_6.1.0.dir/C_/mesh/deps/nRF5_SDK_15.2.0_9412b96/components/libraries/fds/fds.c.obj
 .text.record_header_flag_dirty
                0x00027d70       0x38 examples/experimental_lpn/CMakeFiles/lpn_nrf52840_xxAA_s140_6.1.0.dir/C_/mesh/deps/nRF5_SDK_15.2.0_9412b96/components/libraries/fds/fds.c.obj
 .text.gc_record_copy
                0x00027da8       0x38 examples/experimental_lpn/CMakeFiles/lpn_nrf52840_xxAA_s140_6.1.0.dir/C_/mesh/deps/nRF5_SDK_15.2.0_9412b96/components/libraries/fds/fds.c.obj
 .text.queue_buf_get
                0x00027de0       0x1c examples/experimental_lpn/CMakeFiles/lpn_nrf52840_xxAA_s140_6.1.0.dir/C_/mesh/deps/nRF5_SDK_15.2.0_9412b96/components/libraries/fds/fds.c.obj
 .text.header_check
                0x00027dfc       0x28 examples/experimental_lpn/CMakeFiles/lpn_nrf52840_xxAA_s140_6.1.0.dir/C_/mesh/deps/nRF5_SDK_15.2.0_9412b96/components/libraries/fds/fds.c.obj
 .text.record_find_next
                0x00027e24       0x58 examples/experimental_lpn/CMakeFiles/lpn_nrf52840_xxAA_s140_6.1.0.dir/C_/mesh/deps/nRF5_SDK_15.2.0_9412b96/components/libraries/fds/fds.c.obj
 .text.record_find_by_desc
                0x00027e7c       0xac examples/experimental_lpn/CMakeFiles/lpn_nrf52840_xxAA_s140_6.1.0.dir/C_/mesh/deps/nRF5_SDK_15.2.0_9412b96/components/libraries/fds/fds.c.obj
 .text.record_find
                0x00027f28       0x94 examples/experimental_lpn/CMakeFiles/lpn_nrf52840_xxAA_s140_6.1.0.dir/C_/mesh/deps/nRF5_SDK_15.2.0_9412b96/components/libraries/fds/fds.c.obj
 .text.gc_record_find_next
                0x00027fbc       0x24 examples/experimental_lpn/CMakeFiles/lpn_nrf52840_xxAA_s140_6.1.0.dir/C_/mesh/deps/nRF5_SDK_15.2.0_9412b96/components/libraries/fds/fds.c.obj
 .text.queue_process
                0x00027fe0      0x4b8 examples/experimental_lpn/CMakeFiles/lpn_nrf52840_xxAA_s140_6.1.0.dir/C_/mesh/deps/nRF5_SDK_15.2.0_9412b96/components/libraries/fds/fds.c.obj
 .text.fs_event_handler
                0x00028498        0x6 examples/experimental_lpn/CMakeFiles/lpn_nrf52840_xxAA_s140_6.1.0.dir/C_/mesh/deps/nRF5_SDK_15.2.0_9412b96/components/libraries/fds/fds.c.obj
 *fill*         0x0002849e        0x2 
 .text.queue_start
                0x000284a0       0x1c examples/experimental_lpn/CMakeFiles/lpn_nrf52840_xxAA_s140_6.1.0.dir/C_/mesh/deps/nRF5_SDK_15.2.0_9412b96/components/libraries/fds/fds.c.obj
 .text.write_enqueue
                0x000284bc       0xec examples/experimental_lpn/CMakeFiles/lpn_nrf52840_xxAA_s140_6.1.0.dir/C_/mesh/deps/nRF5_SDK_15.2.0_9412b96/components/libraries/fds/fds.c.obj
 .text.fds_record_open
                0x000285a8       0x48 examples/experimental_lpn/CMakeFiles/lpn_nrf52840_xxAA_s140_6.1.0.dir/C_/mesh/deps/nRF5_SDK_15.2.0_9412b96/components/libraries/fds/fds.c.obj
                0x000285a8                fds_record_open
 .text.fds_record_close
                0x000285f0       0x44 examples/experimental_lpn/CMakeFiles/lpn_nrf52840_xxAA_s140_6.1.0.dir/C_/mesh/deps/nRF5_SDK_15.2.0_9412b96/components/libraries/fds/fds.c.obj
                0x000285f0                fds_record_close
 .text.fds_record_write
                0x00028634        0x8 examples/experimental_lpn/CMakeFiles/lpn_nrf52840_xxAA_s140_6.1.0.dir/C_/mesh/deps/nRF5_SDK_15.2.0_9412b96/components/libraries/fds/fds.c.obj
                0x00028634                fds_record_write
 .text.fds_record_update
                0x0002863c        0xe examples/experimental_lpn/CMakeFiles/lpn_nrf52840_xxAA_s140_6.1.0.dir/C_/mesh/deps/nRF5_SDK_15.2.0_9412b96/components/libraries/fds/fds.c.obj
                0x0002863c                fds_record_update
 *fill*         0x0002864a        0x2 
 .text.fds_file_delete
                0x0002864c       0x4c examples/experimental_lpn/CMakeFiles/lpn_nrf52840_xxAA_s140_6.1.0.dir/C_/mesh/deps/nRF5_SDK_15.2.0_9412b96/components/libraries/fds/fds.c.obj
                0x0002864c                fds_file_delete
 .text.fds_record_find
                0x00028698       0x1c examples/experimental_lpn/CMakeFiles/lpn_nrf52840_xxAA_s140_6.1.0.dir/C_/mesh/deps/nRF5_SDK_15.2.0_9412b96/components/libraries/fds/fds.c.obj
                0x00028698                fds_record_find
 .text.fds_record_find_by_key
                0x000286b4       0x18 examples/experimental_lpn/CMakeFiles/lpn_nrf52840_xxAA_s140_6.1.0.dir/C_/mesh/deps/nRF5_SDK_15.2.0_9412b96/components/libraries/fds/fds.c.obj
                0x000286b4                fds_record_find_by_key
 .text.fds_record_find_in_file
                0x000286cc       0x18 examples/experimental_lpn/CMakeFiles/lpn_nrf52840_xxAA_s140_6.1.0.dir/C_/mesh/deps/nRF5_SDK_15.2.0_9412b96/components/libraries/fds/fds.c.obj
                0x000286cc                fds_record_find_in_file
 .text.fds_record_id_from_desc
                0x000286e4       0x10 examples/experimental_lpn/CMakeFiles/lpn_nrf52840_xxAA_s140_6.1.0.dir/C_/mesh/deps/nRF5_SDK_15.2.0_9412b96/components/libraries/fds/fds.c.obj
                0x000286e4                fds_record_id_from_desc
 .text.nrf_fstorage_write
                0x000286f4       0x6c examples/experimental_lpn/CMakeFiles/lpn_nrf52840_xxAA_s140_6.1.0.dir/C_/mesh/deps/nRF5_SDK_15.2.0_9412b96/components/libraries/fstorage/nrf_fstorage.c.obj
                0x000286f4                nrf_fstorage_write
 .text.nrf_fstorage_erase
                0x00028760       0x4c examples/experimental_lpn/CMakeFiles/lpn_nrf52840_xxAA_s140_6.1.0.dir/C_/mesh/deps/nRF5_SDK_15.2.0_9412b96/components/libraries/fstorage/nrf_fstorage.c.obj
                0x00028760                nrf_fstorage_erase
 .text.sd_flash_write
                0x000287ac        0x4 examples/experimental_lpn/CMakeFiles/lpn_nrf52840_xxAA_s140_6.1.0.dir/C_/mesh/deps/nRF5_SDK_15.2.0_9412b96/components/libraries/fstorage/nrf_fstorage_sd.c.obj
 .text.sd_flash_page_erase
                0x000287b0        0x4 examples/experimental_lpn/CMakeFiles/lpn_nrf52840_xxAA_s140_6.1.0.dir/C_/mesh/deps/nRF5_SDK_15.2.0_9412b96/components/libraries/fstorage/nrf_fstorage_sd.c.obj
 .text.event_send
                0x000287b4       0x52 examples/experimental_lpn/CMakeFiles/lpn_nrf52840_xxAA_s140_6.1.0.dir/C_/mesh/deps/nRF5_SDK_15.2.0_9412b96/components/libraries/fstorage/nrf_fstorage_sd.c.obj
 *fill*         0x00028806        0x2 
 .text.nrf_fstorage_sdh_req_handler
                0x00028808       0x14 examples/experimental_lpn/CMakeFiles/lpn_nrf52840_xxAA_s140_6.1.0.dir/C_/mesh/deps/nRF5_SDK_15.2.0_9412b96/components/libraries/fstorage/nrf_fstorage_sd.c.obj
                0x00028808                nrf_fstorage_sdh_req_handler
 .text.queue_process
                0x0002881c       0xa4 examples/experimental_lpn/CMakeFiles/lpn_nrf52840_xxAA_s140_6.1.0.dir/C_/mesh/deps/nRF5_SDK_15.2.0_9412b96/components/libraries/fstorage/nrf_fstorage_sd.c.obj
 .text.nrf_fstorage_sys_evt_handler
                0x000288c0       0xa8 examples/experimental_lpn/CMakeFiles/lpn_nrf52840_xxAA_s140_6.1.0.dir/C_/mesh/deps/nRF5_SDK_15.2.0_9412b96/components/libraries/fstorage/nrf_fstorage_sd.c.obj
                0x000288c0                nrf_fstorage_sys_evt_handler
 .text.nrf_fstorage_sdh_state_handler
                0x00028968       0x20 examples/experimental_lpn/CMakeFiles/lpn_nrf52840_xxAA_s140_6.1.0.dir/C_/mesh/deps/nRF5_SDK_15.2.0_9412b96/components/libraries/fstorage/nrf_fstorage_sd.c.obj
                0x00028968                nrf_fstorage_sdh_state_handler
 .text.sd_power_system_off
                0x00028988        0x4 examples/experimental_lpn/CMakeFiles/lpn_nrf52840_xxAA_s140_6.1.0.dir/C_/mesh/deps/nRF5_SDK_15.2.0_9412b96/components/libraries/pwr_mgmt/nrf_pwr_mgmt.c.obj
 .text.nrf_pwr_mgmt_shutdown
                0x0002898c       0xa8 examples/experimental_lpn/CMakeFiles/lpn_nrf52840_xxAA_s140_6.1.0.dir/C_/mesh/deps/nRF5_SDK_15.2.0_9412b96/components/libraries/pwr_mgmt/nrf_pwr_mgmt.c.obj
                0x0002898c                nrf_pwr_mgmt_shutdown
 .text.sd_ble_gattc_char_value_by_uuid_read
                0x00028a34        0x4 examples/experimental_lpn/CMakeFiles/lpn_nrf52840_xxAA_s140_6.1.0.dir/C_/mesh/deps/nRF5_SDK_15.2.0_9412b96/components/ble/peer_manager/gatt_cache_manager.c.obj
 .text.evt_send
                0x00028a38       0x16 examples/experimental_lpn/CMakeFiles/lpn_nrf52840_xxAA_s140_6.1.0.dir/C_/mesh/deps/nRF5_SDK_15.2.0_9412b96/components/ble/peer_manager/gatt_cache_manager.c.obj
 .text.send_unexpected_error
                0x00028a4e       0x28 examples/experimental_lpn/CMakeFiles/lpn_nrf52840_xxAA_s140_6.1.0.dir/C_/mesh/deps/nRF5_SDK_15.2.0_9412b96/components/ble/peer_manager/gatt_cache_manager.c.obj
 *fill*         0x00028a76        0x2 
 .text.local_db_apply_in_evt
                0x00028a78       0x6c examples/experimental_lpn/CMakeFiles/lpn_nrf52840_xxAA_s140_6.1.0.dir/C_/mesh/deps/nRF5_SDK_15.2.0_9412b96/components/ble/peer_manager/gatt_cache_manager.c.obj
 .text.apply_pending_handle
                0x00028ae4        0x4 examples/experimental_lpn/CMakeFiles/lpn_nrf52840_xxAA_s140_6.1.0.dir/C_/mesh/deps/nRF5_SDK_15.2.0_9412b96/components/ble/peer_manager/gatt_cache_manager.c.obj
 .text.service_changed_pending_flags_check
                0x00028ae8       0x14 examples/experimental_lpn/CMakeFiles/lpn_nrf52840_xxAA_s140_6.1.0.dir/C_/mesh/deps/nRF5_SDK_15.2.0_9412b96/components/ble/peer_manager/gatt_cache_manager.c.obj
 .text.car_update_pending_handle
                0x00028afc       0x34 examples/experimental_lpn/CMakeFiles/lpn_nrf52840_xxAA_s140_6.1.0.dir/C_/mesh/deps/nRF5_SDK_15.2.0_9412b96/components/ble/peer_manager/gatt_cache_manager.c.obj
 .text.sc_send_pending_handle
                0x00028b30       0x98 examples/experimental_lpn/CMakeFiles/lpn_nrf52840_xxAA_s140_6.1.0.dir/C_/mesh/deps/nRF5_SDK_15.2.0_9412b96/components/ble/peer_manager/gatt_cache_manager.c.obj
 .text.car_update_needed
                0x00028bc8       0x2c examples/experimental_lpn/CMakeFiles/lpn_nrf52840_xxAA_s140_6.1.0.dir/C_/mesh/deps/nRF5_SDK_15.2.0_9412b96/components/ble/peer_manager/gatt_cache_manager.c.obj
 .text.update_pending_flags_check
                0x00028bf4       0x34 examples/experimental_lpn/CMakeFiles/lpn_nrf52840_xxAA_s140_6.1.0.dir/C_/mesh/deps/nRF5_SDK_15.2.0_9412b96/components/ble/peer_manager/gatt_cache_manager.c.obj
 .text.db_update_pending_handle
                0x00028c28       0x84 examples/experimental_lpn/CMakeFiles/lpn_nrf52840_xxAA_s140_6.1.0.dir/C_/mesh/deps/nRF5_SDK_15.2.0_9412b96/components/ble/peer_manager/gatt_cache_manager.c.obj
 .text.gcm_im_evt_handler
                0x00028cac       0x38 examples/experimental_lpn/CMakeFiles/lpn_nrf52840_xxAA_s140_6.1.0.dir/C_/mesh/deps/nRF5_SDK_15.2.0_9412b96/components/ble/peer_manager/gatt_cache_manager.c.obj
                0x00028cac                gcm_im_evt_handler
 .text.gcm_pdb_evt_handler
                0x00028ce4       0x90 examples/experimental_lpn/CMakeFiles/lpn_nrf52840_xxAA_s140_6.1.0.dir/C_/mesh/deps/nRF5_SDK_15.2.0_9412b96/components/ble/peer_manager/gatt_cache_manager.c.obj
                0x00028ce4                gcm_pdb_evt_handler
 .text.store_car_value
                0x00028d74       0x38 examples/experimental_lpn/CMakeFiles/lpn_nrf52840_xxAA_s140_6.1.0.dir/C_/mesh/deps/nRF5_SDK_15.2.0_9412b96/components/ble/peer_manager/gatt_cache_manager.c.obj
                0x00028d74                store_car_value
 .text.gcm_ble_evt_handler
                0x00028dac       0xe4 examples/experimental_lpn/CMakeFiles/lpn_nrf52840_xxAA_s140_6.1.0.dir/C_/mesh/deps/nRF5_SDK_15.2.0_9412b96/components/ble/peer_manager/gatt_cache_manager.c.obj
                0x00028dac                gcm_ble_evt_handler
 .text.sd_ble_gatts_service_changed
                0x00028e90        0x4 examples/experimental_lpn/CMakeFiles/lpn_nrf52840_xxAA_s140_6.1.0.dir/C_/mesh/deps/nRF5_SDK_15.2.0_9412b96/components/ble/peer_manager/gatts_cache_manager.c.obj
 .text.sd_ble_gatts_sys_attr_set
                0x00028e94        0x4 examples/experimental_lpn/CMakeFiles/lpn_nrf52840_xxAA_s140_6.1.0.dir/C_/mesh/deps/nRF5_SDK_15.2.0_9412b96/components/ble/peer_manager/gatts_cache_manager.c.obj
 .text.sd_ble_gatts_sys_attr_get
                0x00028e98        0x4 examples/experimental_lpn/CMakeFiles/lpn_nrf52840_xxAA_s140_6.1.0.dir/C_/mesh/deps/nRF5_SDK_15.2.0_9412b96/components/ble/peer_manager/gatts_cache_manager.c.obj
 .text.sd_ble_gatts_initial_user_handle_get
                0x00028e9c        0x4 examples/experimental_lpn/CMakeFiles/lpn_nrf52840_xxAA_s140_6.1.0.dir/C_/mesh/deps/nRF5_SDK_15.2.0_9412b96/components/ble/peer_manager/gatts_cache_manager.c.obj
 .text.service_changed_pending_set
                0x00028ea0       0x48 examples/experimental_lpn/CMakeFiles/lpn_nrf52840_xxAA_s140_6.1.0.dir/C_/mesh/deps/nRF5_SDK_15.2.0_9412b96/components/ble/peer_manager/gatts_cache_manager.c.obj
 .text.gscm_pdb_evt_handler
                0x00028ee8       0x18 examples/experimental_lpn/CMakeFiles/lpn_nrf52840_xxAA_s140_6.1.0.dir/C_/mesh/deps/nRF5_SDK_15.2.0_9412b96/components/ble/peer_manager/gatts_cache_manager.c.obj
                0x00028ee8                gscm_pdb_evt_handler
 .text.gscm_local_db_cache_update
                0x00028f00       0x8a examples/experimental_lpn/CMakeFiles/lpn_nrf52840_xxAA_s140_6.1.0.dir/C_/mesh/deps/nRF5_SDK_15.2.0_9412b96/components/ble/peer_manager/gatts_cache_manager.c.obj
                0x00028f00                gscm_local_db_cache_update
 .text.gscm_local_db_cache_apply
                0x00028f8a       0x7a examples/experimental_lpn/CMakeFiles/lpn_nrf52840_xxAA_s140_6.1.0.dir/C_/mesh/deps/nRF5_SDK_15.2.0_9412b96/components/ble/peer_manager/gatts_cache_manager.c.obj
                0x00028f8a                gscm_local_db_cache_apply
 .text.gscm_service_changed_ind_needed
                0x00029004       0x24 examples/experimental_lpn/CMakeFiles/lpn_nrf52840_xxAA_s140_6.1.0.dir/C_/mesh/deps/nRF5_SDK_15.2.0_9412b96/components/ble/peer_manager/gatts_cache_manager.c.obj
                0x00029004                gscm_service_changed_ind_needed
 .text.gscm_service_changed_ind_send
                0x00029028       0x34 examples/experimental_lpn/CMakeFiles/lpn_nrf52840_xxAA_s140_6.1.0.dir/C_/mesh/deps/nRF5_SDK_15.2.0_9412b96/components/ble/peer_manager/gatts_cache_manager.c.obj
                0x00029028                gscm_service_changed_ind_send
 .text.gscm_db_change_notification_done
                0x0002905c       0x20 examples/experimental_lpn/CMakeFiles/lpn_nrf52840_xxAA_s140_6.1.0.dir/C_/mesh/deps/nRF5_SDK_15.2.0_9412b96/components/ble/peer_manager/gatts_cache_manager.c.obj
                0x0002905c                gscm_db_change_notification_done
 .text.sd_ecb_block_encrypt
                0x0002907c        0x4 examples/experimental_lpn/CMakeFiles/lpn_nrf52840_xxAA_s140_6.1.0.dir/C_/mesh/deps/nRF5_SDK_15.2.0_9412b96/components/ble/peer_manager/id_manager.c.obj
 .text.is_valid_irk
                0x00029080       0x16 examples/experimental_lpn/CMakeFiles/lpn_nrf52840_xxAA_s140_6.1.0.dir/C_/mesh/deps/nRF5_SDK_15.2.0_9412b96/components/ble/peer_manager/id_manager.c.obj
                0x00029080                is_valid_irk
 .text.addr_compare
                0x00029096       0x28 examples/experimental_lpn/CMakeFiles/lpn_nrf52840_xxAA_s140_6.1.0.dir/C_/mesh/deps/nRF5_SDK_15.2.0_9412b96/components/ble/peer_manager/id_manager.c.obj
                0x00029096                addr_compare
 .text.im_is_duplicate_bonding_data
                0x000290be       0x62 examples/experimental_lpn/CMakeFiles/lpn_nrf52840_xxAA_s140_6.1.0.dir/C_/mesh/deps/nRF5_SDK_15.2.0_9412b96/components/ble/peer_manager/id_manager.c.obj
                0x000290be                im_is_duplicate_bonding_data
 .text.im_find_duplicate_bonding_data
                0x00029120       0x3c examples/experimental_lpn/CMakeFiles/lpn_nrf52840_xxAA_s140_6.1.0.dir/C_/mesh/deps/nRF5_SDK_15.2.0_9412b96/components/ble/peer_manager/id_manager.c.obj
                0x00029120                im_find_duplicate_bonding_data
 .text.im_peer_id_get_by_conn_handle
                0x0002915c       0x24 examples/experimental_lpn/CMakeFiles/lpn_nrf52840_xxAA_s140_6.1.0.dir/C_/mesh/deps/nRF5_SDK_15.2.0_9412b96/components/ble/peer_manager/id_manager.c.obj
                0x0002915c                im_peer_id_get_by_conn_handle
 .text.im_ble_addr_get
                0x00029180       0x38 examples/experimental_lpn/CMakeFiles/lpn_nrf52840_xxAA_s140_6.1.0.dir/C_/mesh/deps/nRF5_SDK_15.2.0_9412b96/components/ble/peer_manager/id_manager.c.obj
                0x00029180                im_ble_addr_get
 .text.im_conn_handle_get
                0x000291b8       0x44 examples/experimental_lpn/CMakeFiles/lpn_nrf52840_xxAA_s140_6.1.0.dir/C_/mesh/deps/nRF5_SDK_15.2.0_9412b96/components/ble/peer_manager/id_manager.c.obj
                0x000291b8                im_conn_handle_get
 .text.im_master_id_is_valid
                0x000291fc       0x1a examples/experimental_lpn/CMakeFiles/lpn_nrf52840_xxAA_s140_6.1.0.dir/C_/mesh/deps/nRF5_SDK_15.2.0_9412b96/components/ble/peer_manager/id_manager.c.obj
                0x000291fc                im_master_id_is_valid
 .text.im_master_ids_compare
                0x00029216       0x28 examples/experimental_lpn/CMakeFiles/lpn_nrf52840_xxAA_s140_6.1.0.dir/C_/mesh/deps/nRF5_SDK_15.2.0_9412b96/components/ble/peer_manager/id_manager.c.obj
                0x00029216                im_master_ids_compare
 .text.im_peer_id_get_by_master_id
                0x0002923e       0x40 examples/experimental_lpn/CMakeFiles/lpn_nrf52840_xxAA_s140_6.1.0.dir/C_/mesh/deps/nRF5_SDK_15.2.0_9412b96/components/ble/peer_manager/id_manager.c.obj
                0x0002923e                im_peer_id_get_by_master_id
 *fill*         0x0002927e        0x2 
 .text.im_new_peer_id
                0x00029280       0x14 examples/experimental_lpn/CMakeFiles/lpn_nrf52840_xxAA_s140_6.1.0.dir/C_/mesh/deps/nRF5_SDK_15.2.0_9412b96/components/ble/peer_manager/id_manager.c.obj
                0x00029280                im_new_peer_id
 .text.im_peer_free
                0x00029294       0x28 examples/experimental_lpn/CMakeFiles/lpn_nrf52840_xxAA_s140_6.1.0.dir/C_/mesh/deps/nRF5_SDK_15.2.0_9412b96/components/ble/peer_manager/id_manager.c.obj
                0x00029294                im_peer_free
 .text.ah       0x000292bc       0x54 examples/experimental_lpn/CMakeFiles/lpn_nrf52840_xxAA_s140_6.1.0.dir/C_/mesh/deps/nRF5_SDK_15.2.0_9412b96/components/ble/peer_manager/id_manager.c.obj
                0x000292bc                ah
 .text.im_address_resolve
                0x00029310       0x48 examples/experimental_lpn/CMakeFiles/lpn_nrf52840_xxAA_s140_6.1.0.dir/C_/mesh/deps/nRF5_SDK_15.2.0_9412b96/components/ble/peer_manager/id_manager.c.obj
                0x00029310                im_address_resolve
 .text.im_ble_evt_handler
                0x00029358       0xd0 examples/experimental_lpn/CMakeFiles/lpn_nrf52840_xxAA_s140_6.1.0.dir/C_/mesh/deps/nRF5_SDK_15.2.0_9412b96/components/ble/peer_manager/id_manager.c.obj
                0x00029358                im_ble_evt_handler
 .text.evt_send
                0x00029428       0x28 examples/experimental_lpn/CMakeFiles/lpn_nrf52840_xxAA_s140_6.1.0.dir/C_/mesh/deps/nRF5_SDK_15.2.0_9412b96/components/ble/peer_manager/peer_manager.c.obj
 .text.ble_evt_handler
                0x00029450       0x24 examples/experimental_lpn/CMakeFiles/lpn_nrf52840_xxAA_s140_6.1.0.dir/C_/mesh/deps/nRF5_SDK_15.2.0_9412b96/components/ble/peer_manager/peer_manager.c.obj
 .text.pm_sm_evt_handler
                0x00029474        0x8 examples/experimental_lpn/CMakeFiles/lpn_nrf52840_xxAA_s140_6.1.0.dir/C_/mesh/deps/nRF5_SDK_15.2.0_9412b96/components/ble/peer_manager/peer_manager.c.obj
                0x00029474                pm_sm_evt_handler
 .text.pm_gcm_evt_handler
                0x0002947c        0x4 examples/experimental_lpn/CMakeFiles/lpn_nrf52840_xxAA_s140_6.1.0.dir/C_/mesh/deps/nRF5_SDK_15.2.0_9412b96/components/ble/peer_manager/peer_manager.c.obj
                0x0002947c                pm_gcm_evt_handler
 .text.pm_im_evt_handler
                0x00029480        0x4 examples/experimental_lpn/CMakeFiles/lpn_nrf52840_xxAA_s140_6.1.0.dir/C_/mesh/deps/nRF5_SDK_15.2.0_9412b96/components/ble/peer_manager/peer_manager.c.obj
                0x00029480                pm_im_evt_handler
 .text.pm_peer_ranks_get
                0x00029484       0xc8 examples/experimental_lpn/CMakeFiles/lpn_nrf52840_xxAA_s140_6.1.0.dir/C_/mesh/deps/nRF5_SDK_15.2.0_9412b96/components/ble/peer_manager/peer_manager.c.obj
                0x00029484                pm_peer_ranks_get
 .text.rank_vars_update
                0x0002954c       0x2c examples/experimental_lpn/CMakeFiles/lpn_nrf52840_xxAA_s140_6.1.0.dir/C_/mesh/deps/nRF5_SDK_15.2.0_9412b96/components/ble/peer_manager/peer_manager.c.obj
 .text.pm_pdb_evt_handler
                0x00029578      0x138 examples/experimental_lpn/CMakeFiles/lpn_nrf52840_xxAA_s140_6.1.0.dir/C_/mesh/deps/nRF5_SDK_15.2.0_9412b96/components/ble/peer_manager/peer_manager.c.obj
                0x00029578                pm_pdb_evt_handler
 .text.peer_data_id_is_valid
                0x000296b0       0x10 examples/experimental_lpn/CMakeFiles/lpn_nrf52840_xxAA_s140_6.1.0.dir/C_/mesh/deps/nRF5_SDK_15.2.0_9412b96/components/ble/peer_manager/peer_data_storage.c.obj
 .text.pds_evt_send
                0x000296c0        0xa examples/experimental_lpn/CMakeFiles/lpn_nrf52840_xxAA_s140_6.1.0.dir/C_/mesh/deps/nRF5_SDK_15.2.0_9412b96/components/ble/peer_manager/peer_data_storage.c.obj
 .text.peer_data_find
                0x000296ca       0x32 examples/experimental_lpn/CMakeFiles/lpn_nrf52840_xxAA_s140_6.1.0.dir/C_/mesh/deps/nRF5_SDK_15.2.0_9412b96/components/ble/peer_manager/peer_data_storage.c.obj
 .text.peer_data_delete_process
                0x000296fc       0x8c examples/experimental_lpn/CMakeFiles/lpn_nrf52840_xxAA_s140_6.1.0.dir/C_/mesh/deps/nRF5_SDK_15.2.0_9412b96/components/ble/peer_manager/peer_data_storage.c.obj
 .text.pds_peer_data_read
                0x00029788       0x6e examples/experimental_lpn/CMakeFiles/lpn_nrf52840_xxAA_s140_6.1.0.dir/C_/mesh/deps/nRF5_SDK_15.2.0_9412b96/components/ble/peer_manager/peer_data_storage.c.obj
                0x00029788                pds_peer_data_read
 *fill*         0x000297f6        0x2 
 .text.pds_peer_data_iterate_prepare
                0x000297f8       0x10 examples/experimental_lpn/CMakeFiles/lpn_nrf52840_xxAA_s140_6.1.0.dir/C_/mesh/deps/nRF5_SDK_15.2.0_9412b96/components/ble/peer_manager/peer_data_storage.c.obj
                0x000297f8                pds_peer_data_iterate_prepare
 .text.pds_peer_data_iterate
                0x00029808       0x5c examples/experimental_lpn/CMakeFiles/lpn_nrf52840_xxAA_s140_6.1.0.dir/C_/mesh/deps/nRF5_SDK_15.2.0_9412b96/components/ble/peer_manager/peer_data_storage.c.obj
                0x00029808                pds_peer_data_iterate
 .text.pds_peer_data_store
                0x00029864       0x7e examples/experimental_lpn/CMakeFiles/lpn_nrf52840_xxAA_s140_6.1.0.dir/C_/mesh/deps/nRF5_SDK_15.2.0_9412b96/components/ble/peer_manager/peer_data_storage.c.obj
                0x00029864                pds_peer_data_store
 .text.pds_peer_id_allocate
                0x000298e2        0x8 examples/experimental_lpn/CMakeFiles/lpn_nrf52840_xxAA_s140_6.1.0.dir/C_/mesh/deps/nRF5_SDK_15.2.0_9412b96/components/ble/peer_manager/peer_data_storage.c.obj
                0x000298e2                pds_peer_id_allocate
 .text.pds_peer_id_free
                0x000298ea       0x16 examples/experimental_lpn/CMakeFiles/lpn_nrf52840_xxAA_s140_6.1.0.dir/C_/mesh/deps/nRF5_SDK_15.2.0_9412b96/components/ble/peer_manager/peer_data_storage.c.obj
                0x000298ea                pds_peer_id_free
 .text.pds_peer_id_is_allocated
                0x00029900        0x4 examples/experimental_lpn/CMakeFiles/lpn_nrf52840_xxAA_s140_6.1.0.dir/C_/mesh/deps/nRF5_SDK_15.2.0_9412b96/components/ble/peer_manager/peer_data_storage.c.obj
                0x00029900                pds_peer_id_is_allocated
 .text.pds_next_peer_id_get
                0x00029904        0x4 examples/experimental_lpn/CMakeFiles/lpn_nrf52840_xxAA_s140_6.1.0.dir/C_/mesh/deps/nRF5_SDK_15.2.0_9412b96/components/ble/peer_manager/peer_data_storage.c.obj
                0x00029904                pds_next_peer_id_get
 .text.pds_next_deleted_peer_id_get
                0x00029908        0x4 examples/experimental_lpn/CMakeFiles/lpn_nrf52840_xxAA_s140_6.1.0.dir/C_/mesh/deps/nRF5_SDK_15.2.0_9412b96/components/ble/peer_manager/peer_data_storage.c.obj
                0x00029908                pds_next_deleted_peer_id_get
 .text.write_buffer_record_find_next
                0x0002990c       0x28 examples/experimental_lpn/CMakeFiles/lpn_nrf52840_xxAA_s140_6.1.0.dir/C_/mesh/deps/nRF5_SDK_15.2.0_9412b96/components/ble/peer_manager/peer_database.c.obj
 .text.write_buffer_record_find
                0x00029934       0x36 examples/experimental_lpn/CMakeFiles/lpn_nrf52840_xxAA_s140_6.1.0.dir/C_/mesh/deps/nRF5_SDK_15.2.0_9412b96/components/ble/peer_manager/peer_database.c.obj
 *fill*         0x0002996a        0x2 
 .text.pdb_evt_send
                0x0002996c       0x1c examples/experimental_lpn/CMakeFiles/lpn_nrf52840_xxAA_s140_6.1.0.dir/C_/mesh/deps/nRF5_SDK_15.2.0_9412b96/components/ble/peer_manager/peer_database.c.obj
 .text.write_buffer_record_release
                0x00029988       0x44 examples/experimental_lpn/CMakeFiles/lpn_nrf52840_xxAA_s140_6.1.0.dir/C_/mesh/deps/nRF5_SDK_15.2.0_9412b96/components/ble/peer_manager/peer_database.c.obj
 .text.write_buf_store
                0x000299cc       0xb4 examples/experimental_lpn/CMakeFiles/lpn_nrf52840_xxAA_s140_6.1.0.dir/C_/mesh/deps/nRF5_SDK_15.2.0_9412b96/components/ble/peer_manager/peer_database.c.obj
                0x000299cc                write_buf_store
 .text.pdb_pds_evt_handler
                0x00029a80       0xec examples/experimental_lpn/CMakeFiles/lpn_nrf52840_xxAA_s140_6.1.0.dir/C_/mesh/deps/nRF5_SDK_15.2.0_9412b96/components/ble/peer_manager/peer_database.c.obj
                0x00029a80                pdb_pds_evt_handler
 .text.pdb_peer_data_ptr_get
                0x00029b6c        0x6 examples/experimental_lpn/CMakeFiles/lpn_nrf52840_xxAA_s140_6.1.0.dir/C_/mesh/deps/nRF5_SDK_15.2.0_9412b96/components/ble/peer_manager/peer_database.c.obj
                0x00029b6c                pdb_peer_data_ptr_get
 *fill*         0x00029b72        0x2 
 .text.pdb_write_buf_get
                0x00029b74       0xcc examples/experimental_lpn/CMakeFiles/lpn_nrf52840_xxAA_s140_6.1.0.dir/C_/mesh/deps/nRF5_SDK_15.2.0_9412b96/components/ble/peer_manager/peer_database.c.obj
                0x00029b74                pdb_write_buf_get
 .text.pdb_write_buf_release
                0x00029c40       0x14 examples/experimental_lpn/CMakeFiles/lpn_nrf52840_xxAA_s140_6.1.0.dir/C_/mesh/deps/nRF5_SDK_15.2.0_9412b96/components/ble/peer_manager/peer_database.c.obj
                0x00029c40                pdb_write_buf_release
 .text.pdb_peer_free
                0x00029c54       0x42 examples/experimental_lpn/CMakeFiles/lpn_nrf52840_xxAA_s140_6.1.0.dir/C_/mesh/deps/nRF5_SDK_15.2.0_9412b96/components/ble/peer_manager/peer_database.c.obj
                0x00029c54                pdb_peer_free
 .text.pdb_write_buf_store
                0x00029c96       0x36 examples/experimental_lpn/CMakeFiles/lpn_nrf52840_xxAA_s140_6.1.0.dir/C_/mesh/deps/nRF5_SDK_15.2.0_9412b96/components/ble/peer_manager/peer_database.c.obj
                0x00029c96                pdb_write_buf_store
 .text.claim    0x00029ccc       0x36 examples/experimental_lpn/CMakeFiles/lpn_nrf52840_xxAA_s140_6.1.0.dir/C_/mesh/deps/nRF5_SDK_15.2.0_9412b96/components/ble/peer_manager/peer_id.c.obj
 *fill*         0x00029d02        0x2 
 .text.peer_id_allocate
                0x00029d04        0xc examples/experimental_lpn/CMakeFiles/lpn_nrf52840_xxAA_s140_6.1.0.dir/C_/mesh/deps/nRF5_SDK_15.2.0_9412b96/components/ble/peer_manager/peer_id.c.obj
                0x00029d04                peer_id_allocate
 .text.peer_id_delete
                0x00029d10       0x24 examples/experimental_lpn/CMakeFiles/lpn_nrf52840_xxAA_s140_6.1.0.dir/C_/mesh/deps/nRF5_SDK_15.2.0_9412b96/components/ble/peer_manager/peer_id.c.obj
                0x00029d10                peer_id_delete
 .text.peer_id_free
                0x00029d34       0x28 examples/experimental_lpn/CMakeFiles/lpn_nrf52840_xxAA_s140_6.1.0.dir/C_/mesh/deps/nRF5_SDK_15.2.0_9412b96/components/ble/peer_manager/peer_id.c.obj
                0x00029d34                peer_id_free
 .text.peer_id_is_allocated
                0x00029d5c       0x14 examples/experimental_lpn/CMakeFiles/lpn_nrf52840_xxAA_s140_6.1.0.dir/C_/mesh/deps/nRF5_SDK_15.2.0_9412b96/components/ble/peer_manager/peer_id.c.obj
                0x00029d5c                peer_id_is_allocated
 .text.peer_id_is_deleted
                0x00029d70       0x14 examples/experimental_lpn/CMakeFiles/lpn_nrf52840_xxAA_s140_6.1.0.dir/C_/mesh/deps/nRF5_SDK_15.2.0_9412b96/components/ble/peer_manager/peer_id.c.obj
                0x00029d70                peer_id_is_deleted
 .text.next_id_get
                0x00029d84       0x32 examples/experimental_lpn/CMakeFiles/lpn_nrf52840_xxAA_s140_6.1.0.dir/C_/mesh/deps/nRF5_SDK_15.2.0_9412b96/components/ble/peer_manager/peer_id.c.obj
                0x00029d84                next_id_get
 *fill*         0x00029db6        0x2 
 .text.peer_id_get_next_used
                0x00029db8       0x34 examples/experimental_lpn/CMakeFiles/lpn_nrf52840_xxAA_s140_6.1.0.dir/C_/mesh/deps/nRF5_SDK_15.2.0_9412b96/components/ble/peer_manager/peer_id.c.obj
                0x00029db8                peer_id_get_next_used
 .text.peer_id_get_next_deleted
                0x00029dec        0xc examples/experimental_lpn/CMakeFiles/lpn_nrf52840_xxAA_s140_6.1.0.dir/C_/mesh/deps/nRF5_SDK_15.2.0_9412b96/components/ble/peer_manager/peer_id.c.obj
                0x00029dec                peer_id_get_next_deleted
 .text.pm_buffer_ptr_get
                0x00029df8       0x32 examples/experimental_lpn/CMakeFiles/lpn_nrf52840_xxAA_s140_6.1.0.dir/C_/mesh/deps/nRF5_SDK_15.2.0_9412b96/components/ble/peer_manager/pm_buffer.c.obj
                0x00029df8                pm_buffer_ptr_get
 .text.pm_buffer_release
                0x00029e2a       0x30 examples/experimental_lpn/CMakeFiles/lpn_nrf52840_xxAA_s140_6.1.0.dir/C_/mesh/deps/nRF5_SDK_15.2.0_9412b96/components/ble/peer_manager/pm_buffer.c.obj
                0x00029e2a                pm_buffer_release
 .text.pm_buffer_block_acquire
                0x00029e5a       0x64 examples/experimental_lpn/CMakeFiles/lpn_nrf52840_xxAA_s140_6.1.0.dir/C_/mesh/deps/nRF5_SDK_15.2.0_9412b96/components/ble/peer_manager/pm_buffer.c.obj
                0x00029e5a                pm_buffer_block_acquire
 .text.sd_ble_gap_authenticate
                0x00029ebe        0x4 examples/experimental_lpn/CMakeFiles/lpn_nrf52840_xxAA_s140_6.1.0.dir/C_/mesh/deps/nRF5_SDK_15.2.0_9412b96/components/ble/peer_manager/security_dispatcher.c.obj
 .text.sd_ble_gap_sec_params_reply
                0x00029ec2        0x4 examples/experimental_lpn/CMakeFiles/lpn_nrf52840_xxAA_s140_6.1.0.dir/C_/mesh/deps/nRF5_SDK_15.2.0_9412b96/components/ble/peer_manager/security_dispatcher.c.obj
 .text.sd_ble_gap_encrypt
                0x00029ec6        0x4 examples/experimental_lpn/CMakeFiles/lpn_nrf52840_xxAA_s140_6.1.0.dir/C_/mesh/deps/nRF5_SDK_15.2.0_9412b96/components/ble/peer_manager/security_dispatcher.c.obj
 .text.sd_ble_gap_sec_info_reply
                0x00029eca        0x4 examples/experimental_lpn/CMakeFiles/lpn_nrf52840_xxAA_s140_6.1.0.dir/C_/mesh/deps/nRF5_SDK_15.2.0_9412b96/components/ble/peer_manager/security_dispatcher.c.obj
 .text.evt_send
                0x00029ece       0x16 examples/experimental_lpn/CMakeFiles/lpn_nrf52840_xxAA_s140_6.1.0.dir/C_/mesh/deps/nRF5_SDK_15.2.0_9412b96/components/ble/peer_manager/security_dispatcher.c.obj
 .text.send_config_req
                0x00029ee4       0x24 examples/experimental_lpn/CMakeFiles/lpn_nrf52840_xxAA_s140_6.1.0.dir/C_/mesh/deps/nRF5_SDK_15.2.0_9412b96/components/ble/peer_manager/security_dispatcher.c.obj
 .text.send_unexpected_error
                0x00029f08       0x28 examples/experimental_lpn/CMakeFiles/lpn_nrf52840_xxAA_s140_6.1.0.dir/C_/mesh/deps/nRF5_SDK_15.2.0_9412b96/components/ble/peer_manager/security_dispatcher.c.obj
 .text.conn_sec_failure
                0x00029f30       0x48 examples/experimental_lpn/CMakeFiles/lpn_nrf52840_xxAA_s140_6.1.0.dir/C_/mesh/deps/nRF5_SDK_15.2.0_9412b96/components/ble/peer_manager/security_dispatcher.c.obj
 .text.pairing_success_evt_send
                0x00029f78       0x2e examples/experimental_lpn/CMakeFiles/lpn_nrf52840_xxAA_s140_6.1.0.dir/C_/mesh/deps/nRF5_SDK_15.2.0_9412b96/components/ble/peer_manager/security_dispatcher.c.obj
 *fill*         0x00029fa6        0x2 
 .text.sec_proc_start
                0x00029fa8       0x64 examples/experimental_lpn/CMakeFiles/lpn_nrf52840_xxAA_s140_6.1.0.dir/C_/mesh/deps/nRF5_SDK_15.2.0_9412b96/components/ble/peer_manager/security_dispatcher.c.obj
 .text.link_secure_failure.part.1
                0x0002a00c       0x64 examples/experimental_lpn/CMakeFiles/lpn_nrf52840_xxAA_s140_6.1.0.dir/C_/mesh/deps/nRF5_SDK_15.2.0_9412b96/components/ble/peer_manager/security_dispatcher.c.obj
 .text.smd_params_reply
                0x0002a070      0x100 examples/experimental_lpn/CMakeFiles/lpn_nrf52840_xxAA_s140_6.1.0.dir/C_/mesh/deps/nRF5_SDK_15.2.0_9412b96/components/ble/peer_manager/security_dispatcher.c.obj
                0x0002a070                smd_params_reply
 .text.smd_link_secure
                0x0002a170       0xd4 examples/experimental_lpn/CMakeFiles/lpn_nrf52840_xxAA_s140_6.1.0.dir/C_/mesh/deps/nRF5_SDK_15.2.0_9412b96/components/ble/peer_manager/security_dispatcher.c.obj
                0x0002a170                smd_link_secure
 .text.smd_ble_evt_handler
                0x0002a244      0x2dc examples/experimental_lpn/CMakeFiles/lpn_nrf52840_xxAA_s140_6.1.0.dir/C_/mesh/deps/nRF5_SDK_15.2.0_9412b96/components/ble/peer_manager/security_dispatcher.c.obj
                0x0002a244                smd_ble_evt_handler
 .text.new_context_get
                0x0002a520       0x14 examples/experimental_lpn/CMakeFiles/lpn_nrf52840_xxAA_s140_6.1.0.dir/C_/mesh/deps/nRF5_SDK_15.2.0_9412b96/components/ble/peer_manager/security_manager.c.obj
 .text.evt_send
                0x0002a534        0x4 examples/experimental_lpn/CMakeFiles/lpn_nrf52840_xxAA_s140_6.1.0.dir/C_/mesh/deps/nRF5_SDK_15.2.0_9412b96/components/ble/peer_manager/security_manager.c.obj
 .text.events_send_from_err_code.part.0
                0x0002a538       0x6a examples/experimental_lpn/CMakeFiles/lpn_nrf52840_xxAA_s140_6.1.0.dir/C_/mesh/deps/nRF5_SDK_15.2.0_9412b96/components/ble/peer_manager/security_manager.c.obj
 *fill*         0x0002a5a2        0x2 
 .text.link_secure
                0x0002a5a4       0xd8 examples/experimental_lpn/CMakeFiles/lpn_nrf52840_xxAA_s140_6.1.0.dir/C_/mesh/deps/nRF5_SDK_15.2.0_9412b96/components/ble/peer_manager/security_manager.c.obj
 .text.link_secure_pending_handle
                0x0002a67c       0x30 examples/experimental_lpn/CMakeFiles/lpn_nrf52840_xxAA_s140_6.1.0.dir/C_/mesh/deps/nRF5_SDK_15.2.0_9412b96/components/ble/peer_manager/security_manager.c.obj
 .text.smd_params_reply_perform
                0x0002a6ac       0x80 examples/experimental_lpn/CMakeFiles/lpn_nrf52840_xxAA_s140_6.1.0.dir/C_/mesh/deps/nRF5_SDK_15.2.0_9412b96/components/ble/peer_manager/security_manager.c.obj
 .text.params_reply_pending_handle
                0x0002a72c        0x6 examples/experimental_lpn/CMakeFiles/lpn_nrf52840_xxAA_s140_6.1.0.dir/C_/mesh/deps/nRF5_SDK_15.2.0_9412b96/components/ble/peer_manager/security_manager.c.obj
 *fill*         0x0002a732        0x2 
 .text.sm_smd_evt_handler
                0x0002a734       0x60 examples/experimental_lpn/CMakeFiles/lpn_nrf52840_xxAA_s140_6.1.0.dir/C_/mesh/deps/nRF5_SDK_15.2.0_9412b96/components/ble/peer_manager/security_manager.c.obj
                0x0002a734                sm_smd_evt_handler
 .text.sm_pdb_evt_handler
                0x0002a794       0x48 examples/experimental_lpn/CMakeFiles/lpn_nrf52840_xxAA_s140_6.1.0.dir/C_/mesh/deps/nRF5_SDK_15.2.0_9412b96/components/ble/peer_manager/security_manager.c.obj
                0x0002a794                sm_pdb_evt_handler
 .text.sm_ble_evt_handler
                0x0002a7dc       0x34 examples/experimental_lpn/CMakeFiles/lpn_nrf52840_xxAA_s140_6.1.0.dir/C_/mesh/deps/nRF5_SDK_15.2.0_9412b96/components/ble/peer_manager/security_manager.c.obj
                0x0002a7dc                sm_ble_evt_handler
 .text.sd_ble_gap_adv_set_configure
                0x0002a810        0x4 examples/experimental_lpn/CMakeFiles/lpn_nrf52840_xxAA_s140_6.1.0.dir/__/common/src/mesh_adv.c.obj
 .text.sd_ble_gap_adv_start
                0x0002a814        0x4 examples/experimental_lpn/CMakeFiles/lpn_nrf52840_xxAA_s140_6.1.0.dir/__/common/src/mesh_adv.c.obj
 .text.sd_ble_gap_adv_stop
                0x0002a818        0x4 examples/experimental_lpn/CMakeFiles/lpn_nrf52840_xxAA_s140_6.1.0.dir/__/common/src/mesh_adv.c.obj
 .text.mesh_adv_data_set
                0x0002a81c       0xdc examples/experimental_lpn/CMakeFiles/lpn_nrf52840_xxAA_s140_6.1.0.dir/__/common/src/mesh_adv.c.obj
                0x0002a81c                mesh_adv_data_set
 .text.mesh_adv_params_set
                0x0002a8f8       0x28 examples/experimental_lpn/CMakeFiles/lpn_nrf52840_xxAA_s140_6.1.0.dir/__/common/src/mesh_adv.c.obj
                0x0002a8f8                mesh_adv_params_set
 .text.mesh_adv_start
                0x0002a920       0x20 examples/experimental_lpn/CMakeFiles/lpn_nrf52840_xxAA_s140_6.1.0.dir/__/common/src/mesh_adv.c.obj
                0x0002a920                mesh_adv_start
 .text.mesh_adv_stop
                0x0002a940       0x1c examples/experimental_lpn/CMakeFiles/lpn_nrf52840_xxAA_s140_6.1.0.dir/__/common/src/mesh_adv.c.obj
                0x0002a940                mesh_adv_stop
 .text.sd_ble_gap_disconnect
                0x0002a95c        0x4 examples/experimental_lpn/CMakeFiles/lpn_nrf52840_xxAA_s140_6.1.0.dir/__/common/src/ble_softdevice_support.c.obj
 .text.sd_ble_gap_ppcp_set
                0x0002a960        0x4 examples/experimental_lpn/CMakeFiles/lpn_nrf52840_xxAA_s140_6.1.0.dir/__/common/src/ble_softdevice_support.c.obj
 .text.sd_ble_gap_device_name_set
                0x0002a964        0x4 examples/experimental_lpn/CMakeFiles/lpn_nrf52840_xxAA_s140_6.1.0.dir/__/common/src/ble_softdevice_support.c.obj
 .text.conn_params_error_handler
                0x0002a968        0x4 examples/experimental_lpn/CMakeFiles/lpn_nrf52840_xxAA_s140_6.1.0.dir/__/common/src/ble_softdevice_support.c.obj
 .text.on_sd_evt
                0x0002a96c        0x4 examples/experimental_lpn/CMakeFiles/lpn_nrf52840_xxAA_s140_6.1.0.dir/__/common/src/ble_softdevice_support.c.obj
 .text.on_conn_params_evt
                0x0002a970       0x80 examples/experimental_lpn/CMakeFiles/lpn_nrf52840_xxAA_s140_6.1.0.dir/__/common/src/ble_softdevice_support.c.obj
 .text.ble_stack_init
                0x0002a9f0       0x32 examples/experimental_lpn/CMakeFiles/lpn_nrf52840_xxAA_s140_6.1.0.dir/__/common/src/ble_softdevice_support.c.obj
                0x0002a9f0                ble_stack_init
 *fill*         0x0002aa22        0x2 
 .text.gap_params_init
                0x0002aa24       0x68 examples/experimental_lpn/CMakeFiles/lpn_nrf52840_xxAA_s140_6.1.0.dir/__/common/src/ble_softdevice_support.c.obj
                0x0002aa24                gap_params_init
 .text.conn_params_init
                0x0002aa8c       0x70 examples/experimental_lpn/CMakeFiles/lpn_nrf52840_xxAA_s140_6.1.0.dir/__/common/src/ble_softdevice_support.c.obj
                0x0002aa8c                conn_params_init
 .text.app_util_critical_region_enter
                0x0002aafc       0x48 examples/experimental_lpn/CMakeFiles/lpn_nrf52840_xxAA_s140_6.1.0.dir/C_/mesh/deps/nRF5_SDK_15.2.0_9412b96/components/libraries/util/app_util_platform.c.obj
                0x0002aafc                app_util_critical_region_enter
 .text.app_util_critical_region_exit
                0x0002ab44       0x2c examples/experimental_lpn/CMakeFiles/lpn_nrf52840_xxAA_s140_6.1.0.dir/C_/mesh/deps/nRF5_SDK_15.2.0_9412b96/components/libraries/util/app_util_platform.c.obj
                0x0002ab44                app_util_critical_region_exit
 .text.sd_ble_gap_addr_get
                0x0002ab70        0x4 examples/experimental_lpn/CMakeFiles/lpn_nrf52840_xxAA_s140_6.1.0.dir/C_/mesh/deps/nRF5_SDK_15.2.0_9412b96/components/ble/common/ble_advdata.c.obj
 .text.sd_ble_gap_appearance_get
                0x0002ab74        0x4 examples/experimental_lpn/CMakeFiles/lpn_nrf52840_xxAA_s140_6.1.0.dir/C_/mesh/deps/nRF5_SDK_15.2.0_9412b96/components/ble/common/ble_advdata.c.obj
 .text.sd_ble_gap_device_name_get
                0x0002ab78        0x4 examples/experimental_lpn/CMakeFiles/lpn_nrf52840_xxAA_s140_6.1.0.dir/C_/mesh/deps/nRF5_SDK_15.2.0_9412b96/components/ble/common/ble_advdata.c.obj
 .text.sd_ble_uuid_encode
                0x0002ab7c        0x4 examples/experimental_lpn/CMakeFiles/lpn_nrf52840_xxAA_s140_6.1.0.dir/C_/mesh/deps/nRF5_SDK_15.2.0_9412b96/components/ble/common/ble_advdata.c.obj
 .text.uuid_list_sized_encode
                0x0002ab80       0xa4 examples/experimental_lpn/CMakeFiles/lpn_nrf52840_xxAA_s140_6.1.0.dir/C_/mesh/deps/nRF5_SDK_15.2.0_9412b96/components/ble/common/ble_advdata.c.obj
 .text.uuid_list_encode
                0x0002ac24       0x34 examples/experimental_lpn/CMakeFiles/lpn_nrf52840_xxAA_s140_6.1.0.dir/C_/mesh/deps/nRF5_SDK_15.2.0_9412b96/components/ble/common/ble_advdata.c.obj
 .text.ble_advdata_encode
                0x0002ac58      0x388 examples/experimental_lpn/CMakeFiles/lpn_nrf52840_xxAA_s140_6.1.0.dir/C_/mesh/deps/nRF5_SDK_15.2.0_9412b96/components/ble/common/ble_advdata.c.obj
                0x0002ac58                ble_advdata_encode
 .text.nrf_section_iter_init
                0x0002afe0       0x12 examples/experimental_lpn/CMakeFiles/lpn_nrf52840_xxAA_s140_6.1.0.dir/C_/mesh/deps/nRF5_SDK_15.2.0_9412b96/components/libraries/experimental_section_vars/nrf_section_iter.c.obj
                0x0002afe0                nrf_section_iter_init
 .text.nrf_section_iter_next
                0x0002aff2       0x18 examples/experimental_lpn/CMakeFiles/lpn_nrf52840_xxAA_s140_6.1.0.dir/C_/mesh/deps/nRF5_SDK_15.2.0_9412b96/components/libraries/experimental_section_vars/nrf_section_iter.c.obj
                0x0002aff2                nrf_section_iter_next
 .text.sd_evt_get
                0x0002b00a        0x4 examples/experimental_lpn/CMakeFiles/lpn_nrf52840_xxAA_s140_6.1.0.dir/C_/mesh/deps/nRF5_SDK_15.2.0_9412b96/components/softdevice/common/nrf_sdh_soc.c.obj
 *fill*         0x0002b00e        0x2 
 .text.nrf_sdh_soc_evts_poll
                0x0002b010       0x3c examples/experimental_lpn/CMakeFiles/lpn_nrf52840_xxAA_s140_6.1.0.dir/C_/mesh/deps/nRF5_SDK_15.2.0_9412b96/components/softdevice/common/nrf_sdh_soc.c.obj
 .text.sd_ble_enable
                0x0002b04c        0x4 examples/experimental_lpn/CMakeFiles/lpn_nrf52840_xxAA_s140_6.1.0.dir/C_/mesh/deps/nRF5_SDK_15.2.0_9412b96/components/softdevice/common/nrf_sdh_ble.c.obj
 .text.sd_ble_cfg_set
                0x0002b050        0x4 examples/experimental_lpn/CMakeFiles/lpn_nrf52840_xxAA_s140_6.1.0.dir/C_/mesh/deps/nRF5_SDK_15.2.0_9412b96/components/softdevice/common/nrf_sdh_ble.c.obj
 .text.sd_ble_evt_get
                0x0002b054        0x4 examples/experimental_lpn/CMakeFiles/lpn_nrf52840_xxAA_s140_6.1.0.dir/C_/mesh/deps/nRF5_SDK_15.2.0_9412b96/components/softdevice/common/nrf_sdh_ble.c.obj
 .text.nrf_sdh_ble_evts_poll
                0x0002b058       0x50 examples/experimental_lpn/CMakeFiles/lpn_nrf52840_xxAA_s140_6.1.0.dir/C_/mesh/deps/nRF5_SDK_15.2.0_9412b96/components/softdevice/common/nrf_sdh_ble.c.obj
 .text.nrf_sdh_ble_default_cfg_set
                0x0002b0a8       0xd4 examples/experimental_lpn/CMakeFiles/lpn_nrf52840_xxAA_s140_6.1.0.dir/C_/mesh/deps/nRF5_SDK_15.2.0_9412b96/components/softdevice/common/nrf_sdh_ble.c.obj
                0x0002b0a8                nrf_sdh_ble_default_cfg_set
 .text.nrf_sdh_ble_enable
                0x0002b17c       0x14 examples/experimental_lpn/CMakeFiles/lpn_nrf52840_xxAA_s140_6.1.0.dir/C_/mesh/deps/nRF5_SDK_15.2.0_9412b96/components/softdevice/common/nrf_sdh_ble.c.obj
                0x0002b17c                nrf_sdh_ble_enable
 .text.sd_softdevice_enable
                0x0002b190        0x4 examples/experimental_lpn/CMakeFiles/lpn_nrf52840_xxAA_s140_6.1.0.dir/C_/mesh/deps/nRF5_SDK_15.2.0_9412b96/components/softdevice/common/nrf_sdh.c.obj
 .text.sd_softdevice_disable
                0x0002b194        0x4 examples/experimental_lpn/CMakeFiles/lpn_nrf52840_xxAA_s140_6.1.0.dir/C_/mesh/deps/nRF5_SDK_15.2.0_9412b96/components/softdevice/common/nrf_sdh.c.obj
 .text.sdh_request_observer_notify
                0x0002b198       0x30 examples/experimental_lpn/CMakeFiles/lpn_nrf52840_xxAA_s140_6.1.0.dir/C_/mesh/deps/nRF5_SDK_15.2.0_9412b96/components/softdevice/common/nrf_sdh.c.obj
 .text.sdh_state_observer_notify
                0x0002b1c8       0x28 examples/experimental_lpn/CMakeFiles/lpn_nrf52840_xxAA_s140_6.1.0.dir/C_/mesh/deps/nRF5_SDK_15.2.0_9412b96/components/softdevice/common/nrf_sdh.c.obj
 .text.softdevice_evt_irq_disable
                0x0002b1f0       0x24 examples/experimental_lpn/CMakeFiles/lpn_nrf52840_xxAA_s140_6.1.0.dir/C_/mesh/deps/nRF5_SDK_15.2.0_9412b96/components/softdevice/common/nrf_sdh.c.obj
 .text.softdevices_evt_irq_enable
                0x0002b214       0x3c examples/experimental_lpn/CMakeFiles/lpn_nrf52840_xxAA_s140_6.1.0.dir/C_/mesh/deps/nRF5_SDK_15.2.0_9412b96/components/softdevice/common/nrf_sdh.c.obj
 .text.nrf_sdh_enable_request
                0x0002b250       0x78 examples/experimental_lpn/CMakeFiles/lpn_nrf52840_xxAA_s140_6.1.0.dir/C_/mesh/deps/nRF5_SDK_15.2.0_9412b96/components/softdevice/common/nrf_sdh.c.obj
                0x0002b250                nrf_sdh_enable_request
 .text.nrf_sdh_disable_request
                0x0002b2c8       0x60 examples/experimental_lpn/CMakeFiles/lpn_nrf52840_xxAA_s140_6.1.0.dir/C_/mesh/deps/nRF5_SDK_15.2.0_9412b96/components/softdevice/common/nrf_sdh.c.obj
                0x0002b2c8                nrf_sdh_disable_request
 .text.nrf_sdh_request_continue
                0x0002b328       0x20 examples/experimental_lpn/CMakeFiles/lpn_nrf52840_xxAA_s140_6.1.0.dir/C_/mesh/deps/nRF5_SDK_15.2.0_9412b96/components/softdevice/common/nrf_sdh.c.obj
                0x0002b328                nrf_sdh_request_continue
 .text.nrf_sdh_is_enabled
                0x0002b348        0xc examples/experimental_lpn/CMakeFiles/lpn_nrf52840_xxAA_s140_6.1.0.dir/C_/mesh/deps/nRF5_SDK_15.2.0_9412b96/components/softdevice/common/nrf_sdh.c.obj
                0x0002b348                nrf_sdh_is_enabled
 .text.nrf_sdh_evts_poll
                0x0002b354       0x28 examples/experimental_lpn/CMakeFiles/lpn_nrf52840_xxAA_s140_6.1.0.dir/C_/mesh/deps/nRF5_SDK_15.2.0_9412b96/components/softdevice/common/nrf_sdh.c.obj
                0x0002b354                nrf_sdh_evts_poll
 .text.SWI2_EGU2_IRQHandler
                0x0002b37c        0x4 examples/experimental_lpn/CMakeFiles/lpn_nrf52840_xxAA_s140_6.1.0.dir/C_/mesh/deps/nRF5_SDK_15.2.0_9412b96/components/softdevice/common/nrf_sdh.c.obj
                0x0002b37c                SWI2_EGU2_IRQHandler
 .text.sd_ble_gap_conn_param_update
                0x0002b380        0x4 examples/experimental_lpn/CMakeFiles/lpn_nrf52840_xxAA_s140_6.1.0.dir/C_/mesh/deps/nRF5_SDK_15.2.0_9412b96/components/ble/common/ble_conn_params.c.obj
 .text.sd_ble_gap_disconnect
                0x0002b384        0x4 examples/experimental_lpn/CMakeFiles/lpn_nrf52840_xxAA_s140_6.1.0.dir/C_/mesh/deps/nRF5_SDK_15.2.0_9412b96/components/ble/common/ble_conn_params.c.obj
 .text.sd_ble_gap_ppcp_set
                0x0002b388        0x4 examples/experimental_lpn/CMakeFiles/lpn_nrf52840_xxAA_s140_6.1.0.dir/C_/mesh/deps/nRF5_SDK_15.2.0_9412b96/components/ble/common/ble_conn_params.c.obj
 .text.sd_ble_gap_ppcp_get
                0x0002b38c        0x4 examples/experimental_lpn/CMakeFiles/lpn_nrf52840_xxAA_s140_6.1.0.dir/C_/mesh/deps/nRF5_SDK_15.2.0_9412b96/components/ble/common/ble_conn_params.c.obj
 .text.instance_get
                0x0002b390       0x14 examples/experimental_lpn/CMakeFiles/lpn_nrf52840_xxAA_s140_6.1.0.dir/C_/mesh/deps/nRF5_SDK_15.2.0_9412b96/components/ble/common/ble_conn_params.c.obj
 .text.send_error_evt
                0x0002b3a4       0x10 examples/experimental_lpn/CMakeFiles/lpn_nrf52840_xxAA_s140_6.1.0.dir/C_/mesh/deps/nRF5_SDK_15.2.0_9412b96/components/ble/common/ble_conn_params.c.obj
 .text.update_timeout_handler
                0x0002b3b4       0x6c examples/experimental_lpn/CMakeFiles/lpn_nrf52840_xxAA_s140_6.1.0.dir/C_/mesh/deps/nRF5_SDK_15.2.0_9412b96/components/ble/common/ble_conn_params.c.obj
 .text.conn_params_negotiation
                0x0002b420       0x48 examples/experimental_lpn/CMakeFiles/lpn_nrf52840_xxAA_s140_6.1.0.dir/C_/mesh/deps/nRF5_SDK_15.2.0_9412b96/components/ble/common/ble_conn_params.c.obj
 .text.is_conn_params_ok.constprop.3
                0x0002b468       0x3a examples/experimental_lpn/CMakeFiles/lpn_nrf52840_xxAA_s140_6.1.0.dir/C_/mesh/deps/nRF5_SDK_15.2.0_9412b96/components/ble/common/ble_conn_params.c.obj
 *fill*         0x0002b4a2        0x2 
 .text.ble_evt_handler
                0x0002b4a4       0xdc examples/experimental_lpn/CMakeFiles/lpn_nrf52840_xxAA_s140_6.1.0.dir/C_/mesh/deps/nRF5_SDK_15.2.0_9412b96/components/ble/common/ble_conn_params.c.obj
 .text.ble_conn_params_init
                0x0002b580       0x74 examples/experimental_lpn/CMakeFiles/lpn_nrf52840_xxAA_s140_6.1.0.dir/C_/mesh/deps/nRF5_SDK_15.2.0_9412b96/components/ble/common/ble_conn_params.c.obj
                0x0002b580                ble_conn_params_init
 .text.nrf_atomic_u32_fetch_store
                0x0002b5f4       0x18 examples/experimental_lpn/CMakeFiles/lpn_nrf52840_xxAA_s140_6.1.0.dir/C_/mesh/deps/nRF5_SDK_15.2.0_9412b96/components/libraries/atomic/nrf_atomic.c.obj
                0x0002b5f4                nrf_atomic_u32_fetch_store
 .text.nrf_atomic_u32_fetch_or
                0x0002b60c       0x1a examples/experimental_lpn/CMakeFiles/lpn_nrf52840_xxAA_s140_6.1.0.dir/C_/mesh/deps/nRF5_SDK_15.2.0_9412b96/components/libraries/atomic/nrf_atomic.c.obj
                0x0002b60c                nrf_atomic_u32_fetch_or
 .text.nrf_atomic_u32_or
                0x0002b626       0x1a examples/experimental_lpn/CMakeFiles/lpn_nrf52840_xxAA_s140_6.1.0.dir/C_/mesh/deps/nRF5_SDK_15.2.0_9412b96/components/libraries/atomic/nrf_atomic.c.obj
                0x0002b626                nrf_atomic_u32_or
 .text.nrf_atomic_u32_and
                0x0002b640       0x1a examples/experimental_lpn/CMakeFiles/lpn_nrf52840_xxAA_s140_6.1.0.dir/C_/mesh/deps/nRF5_SDK_15.2.0_9412b96/components/libraries/atomic/nrf_atomic.c.obj
                0x0002b640                nrf_atomic_u32_and
 .text.nrf_atomic_u32_fetch_add
                0x0002b65a       0x1a examples/experimental_lpn/CMakeFiles/lpn_nrf52840_xxAA_s140_6.1.0.dir/C_/mesh/deps/nRF5_SDK_15.2.0_9412b96/components/libraries/atomic/nrf_atomic.c.obj
                0x0002b65a                nrf_atomic_u32_fetch_add
 .text.nrf_atomic_u32_add
                0x0002b674       0x1a examples/experimental_lpn/CMakeFiles/lpn_nrf52840_xxAA_s140_6.1.0.dir/C_/mesh/deps/nRF5_SDK_15.2.0_9412b96/components/libraries/atomic/nrf_atomic.c.obj
                0x0002b674                nrf_atomic_u32_add
 .text.nrf_atomic_u32_sub
                0x0002b68e       0x1a examples/experimental_lpn/CMakeFiles/lpn_nrf52840_xxAA_s140_6.1.0.dir/C_/mesh/deps/nRF5_SDK_15.2.0_9412b96/components/libraries/atomic/nrf_atomic.c.obj
                0x0002b68e                nrf_atomic_u32_sub
 .text.ble_srv_is_notification_enabled
                0x0002b6a8        0x8 examples/experimental_lpn/CMakeFiles/lpn_nrf52840_xxAA_s140_6.1.0.dir/C_/mesh/deps/nRF5_SDK_15.2.0_9412b96/components/ble/common/ble_srv_common.c.obj
                0x0002b6a8                ble_srv_is_notification_enabled
 .text.ble_srv_is_indication_enabled
                0x0002b6b0        0x8 examples/experimental_lpn/CMakeFiles/lpn_nrf52840_xxAA_s140_6.1.0.dir/C_/mesh/deps/nRF5_SDK_15.2.0_9412b96/components/ble/common/ble_srv_common.c.obj
                0x0002b6b0                ble_srv_is_indication_enabled
 .text._weak_handler
                0x0002b6b8        0x4 examples/experimental_lpn/CMakeFiles/lpn_nrf52840_xxAA_s140_6.1.0.dir/__/nrf_mesh_weak.c.obj
                0x0002b6b8                nrf_mesh_dfu_init
                0x0002b6b8                nrf_mesh_dfu_jump_to_bootloader
                0x0002b6b8                nrf_mesh_dfu_rx
                0x0002b6b8                prov_provisioner_provision
                0x0002b6b8                nrf_mesh_dfu_bank_info_get
                0x0002b6b8                prov_provisioner_oob_pubkey
                0x0002b6b8                nrf_mesh_dfu_request
                0x0002b6b8                nrf_mesh_dfu_bank_flash
                0x0002b6b8                nrf_mesh_dfu_enable
                0x0002b6b8                _weak_handler
                0x0002b6b8                nrf_mesh_dfu_relay
                0x0002b6b8                nrf_mesh_dfu_abort
                0x0002b6b8                mesh_flash_op_execute
                0x0002b6b8                prov_provisionee_init
                0x0002b6b8                nrf_mesh_dfu_state_get
                0x0002b6b8                prov_provisioner_shared_secret
                0x0002b6b8                prov_provisioner_auth_data
                0x0002b6b8                prov_bearer_adv_packet_in
                0x0002b6b8                prov_provisioner_oob_use
 .text.app_error_fault_handler
                0x0002b6bc      0x208 examples/experimental_lpn/CMakeFiles/lpn_nrf52840_xxAA_s140_6.1.0.dir/__/common/src/app_error_weak.c.obj
                0x0002b6bc                app_error_fault_handler
 .text.mesh_assertion_handler
                0x0002b8c4       0x24 examples/experimental_lpn/CMakeFiles/lpn_nrf52840_xxAA_s140_6.1.0.dir/__/common/src/assertion_handler_weak.c.obj
                0x0002b8c4                mesh_assertion_handler
 .text.nrf_mesh_configure_device_uuid_set
                0x0002b8e8       0x10 examples/experimental_lpn/CMakeFiles/lpn_nrf52840_xxAA_s140_6.1.0.dir/__/__/mesh/core/src/nrf_mesh_configure.c.obj
                0x0002b8e8                nrf_mesh_configure_device_uuid_set
 .text.nrf_mesh_configure_device_uuid_reset
                0x0002b8f8       0x3c examples/experimental_lpn/CMakeFiles/lpn_nrf52840_xxAA_s140_6.1.0.dir/__/__/mesh/core/src/nrf_mesh_configure.c.obj
                0x0002b8f8                nrf_mesh_configure_device_uuid_reset
 .text.nrf_mesh_configure_device_uuid_get
                0x0002b934        0x8 examples/experimental_lpn/CMakeFiles/lpn_nrf52840_xxAA_s140_6.1.0.dir/__/__/mesh/core/src/nrf_mesh_configure.c.obj
                0x0002b934                nrf_mesh_configure_device_uuid_get
 .text.msg_cache_init
                0x0002b93c       0x24 examples/experimental_lpn/CMakeFiles/lpn_nrf52840_xxAA_s140_6.1.0.dir/__/__/mesh/core/src/msg_cache.c.obj
                0x0002b93c                msg_cache_init
 .text.msg_cache_entry_exists
                0x0002b960       0x3c examples/experimental_lpn/CMakeFiles/lpn_nrf52840_xxAA_s140_6.1.0.dir/__/__/mesh/core/src/msg_cache.c.obj
                0x0002b960                msg_cache_entry_exists
 .text.msg_cache_entry_add
                0x0002b99c       0x2c examples/experimental_lpn/CMakeFiles/lpn_nrf52840_xxAA_s140_6.1.0.dir/__/__/mesh/core/src/msg_cache.c.obj
                0x0002b99c                msg_cache_entry_add
 .text.seqauth_sequence_number_get
                0x0002b9c8       0x12 examples/experimental_lpn/CMakeFiles/lpn_nrf52840_xxAA_s140_6.1.0.dir/__/__/mesh/core/src/transport.c.obj
 *fill*         0x0002b9da        0x2 
 .text.control_packet_callback_get
                0x0002b9dc       0x44 examples/experimental_lpn/CMakeFiles/lpn_nrf52840_xxAA_s140_6.1.0.dir/__/__/mesh/core/src/transport.c.obj
 .text.tx_complete
                0x0002ba20       0x2c examples/experimental_lpn/CMakeFiles/lpn_nrf52840_xxAA_s140_6.1.0.dir/__/__/mesh/core/src/transport.c.obj
 .text.block_ack_full
                0x0002ba4c       0x1a examples/experimental_lpn/CMakeFiles/lpn_nrf52840_xxAA_s140_6.1.0.dir/__/__/mesh/core/src/transport.c.obj
 *fill*         0x0002ba66        0x2 
 .text.sar_rx_session_mark_as_handled
                0x0002ba68       0x48 examples/experimental_lpn/CMakeFiles/lpn_nrf52840_xxAA_s140_6.1.0.dir/__/__/mesh/core/src/transport.c.obj
 .text.upper_trs_packet_encrypt
                0x0002bab0       0x90 examples/experimental_lpn/CMakeFiles/lpn_nrf52840_xxAA_s140_6.1.0.dir/__/__/mesh/core/src/transport.c.obj
 .text.sar_ctx_free
                0x0002bb40       0x58 examples/experimental_lpn/CMakeFiles/lpn_nrf52840_xxAA_s140_6.1.0.dir/__/__/mesh/core/src/transport.c.obj
 .text.sar_ctx_tx_complete
                0x0002bb98       0x2e examples/experimental_lpn/CMakeFiles/lpn_nrf52840_xxAA_s140_6.1.0.dir/__/__/mesh/core/src/transport.c.obj
 *fill*         0x0002bbc6        0x2 
 .text.sar_ctx_alloc
                0x0002bbc8       0xfc examples/experimental_lpn/CMakeFiles/lpn_nrf52840_xxAA_s140_6.1.0.dir/__/__/mesh/core/src/transport.c.obj
 .text.test_transport_decrypt
                0x0002bcc4       0x88 examples/experimental_lpn/CMakeFiles/lpn_nrf52840_xxAA_s140_6.1.0.dir/__/__/mesh/core/src/transport.c.obj
 .text.upper_transport_access_packet_in
                0x0002bd4c      0x19c examples/experimental_lpn/CMakeFiles/lpn_nrf52840_xxAA_s140_6.1.0.dir/__/__/mesh/core/src/transport.c.obj
 .text.trs_packet_header_build
                0x0002bee8       0xa6 examples/experimental_lpn/CMakeFiles/lpn_nrf52840_xxAA_s140_6.1.0.dir/__/__/mesh/core/src/transport.c.obj
 *fill*         0x0002bf8e        0x2 
 .text.tx_retry_timer_reset
                0x0002bf90       0x44 examples/experimental_lpn/CMakeFiles/lpn_nrf52840_xxAA_s140_6.1.0.dir/__/__/mesh/core/src/transport.c.obj
 .text.sar_ctx_cancel
                0x0002bfd4       0xa8 examples/experimental_lpn/CMakeFiles/lpn_nrf52840_xxAA_s140_6.1.0.dir/__/__/mesh/core/src/transport.c.obj
 .text.sar_tx_session_continue
                0x0002c07c       0x2c examples/experimental_lpn/CMakeFiles/lpn_nrf52840_xxAA_s140_6.1.0.dir/__/__/mesh/core/src/transport.c.obj
 .text.sar_tx_pending_retries_send
                0x0002c0a8       0x2c examples/experimental_lpn/CMakeFiles/lpn_nrf52840_xxAA_s140_6.1.0.dir/__/__/mesh/core/src/transport.c.obj
 .text.retry_timeout
                0x0002c0d4       0x30 examples/experimental_lpn/CMakeFiles/lpn_nrf52840_xxAA_s140_6.1.0.dir/__/__/mesh/core/src/transport.c.obj
 .text.sar_rx_ctx_cancel_all
                0x0002c104       0x28 examples/experimental_lpn/CMakeFiles/lpn_nrf52840_xxAA_s140_6.1.0.dir/__/__/mesh/core/src/transport.c.obj
 .text.mesh_evt_handler
                0x0002c12c       0x2e examples/experimental_lpn/CMakeFiles/lpn_nrf52840_xxAA_s140_6.1.0.dir/__/__/mesh/core/src/transport.c.obj
 .text.abort_timeout
                0x0002c15a        0x8 examples/experimental_lpn/CMakeFiles/lpn_nrf52840_xxAA_s140_6.1.0.dir/__/__/mesh/core/src/transport.c.obj
 .text.trs_sar_packet_out
                0x0002c162       0xf8 examples/experimental_lpn/CMakeFiles/lpn_nrf52840_xxAA_s140_6.1.0.dir/__/__/mesh/core/src/transport.c.obj
 *fill*         0x0002c25a        0x2 
 .text.upper_transport_packet_in
                0x0002c25c      0x158 examples/experimental_lpn/CMakeFiles/lpn_nrf52840_xxAA_s140_6.1.0.dir/__/__/mesh/core/src/transport.c.obj
 .text.segmented_packet_tx
                0x0002c3b4      0x13c examples/experimental_lpn/CMakeFiles/lpn_nrf52840_xxAA_s140_6.1.0.dir/__/__/mesh/core/src/transport.c.obj
 .text.upper_transport_tx
                0x0002c4f0       0xba examples/experimental_lpn/CMakeFiles/lpn_nrf52840_xxAA_s140_6.1.0.dir/__/__/mesh/core/src/transport.c.obj
 *fill*         0x0002c5aa        0x2 
 .text.transport_init
                0x0002c5ac       0x90 examples/experimental_lpn/CMakeFiles/lpn_nrf52840_xxAA_s140_6.1.0.dir/__/__/mesh/core/src/transport.c.obj
                0x0002c5ac                transport_init
 .text.transport_enable
                0x0002c63c        0x4 examples/experimental_lpn/CMakeFiles/lpn_nrf52840_xxAA_s140_6.1.0.dir/__/__/mesh/core/src/transport.c.obj
                0x0002c63c                transport_enable
 .text.transport_tx
                0x0002c640       0xb8 examples/experimental_lpn/CMakeFiles/lpn_nrf52840_xxAA_s140_6.1.0.dir/__/__/mesh/core/src/transport.c.obj
                0x0002c640                transport_tx
 .text.transport_control_tx
                0x0002c6f8       0x94 examples/experimental_lpn/CMakeFiles/lpn_nrf52840_xxAA_s140_6.1.0.dir/__/__/mesh/core/src/transport.c.obj
                0x0002c6f8                transport_control_tx
 .text.sar_ack_send
                0x0002c78c       0xa8 examples/experimental_lpn/CMakeFiles/lpn_nrf52840_xxAA_s140_6.1.0.dir/__/__/mesh/core/src/transport.c.obj
 .text.transport_sar_process
                0x0002c834       0x80 examples/experimental_lpn/CMakeFiles/lpn_nrf52840_xxAA_s140_6.1.0.dir/__/__/mesh/core/src/transport.c.obj
 .text.transport_packet_in
                0x0002c8b4      0x4b0 examples/experimental_lpn/CMakeFiles/lpn_nrf52840_xxAA_s140_6.1.0.dir/__/__/mesh/core/src/transport.c.obj
                0x0002c8b4                transport_packet_in
 .text.ack_timeout
                0x0002cd64       0x28 examples/experimental_lpn/CMakeFiles/lpn_nrf52840_xxAA_s140_6.1.0.dir/__/__/mesh/core/src/transport.c.obj
 .text.transport_control_packet_consumer_add
                0x0002cd8c       0x6c examples/experimental_lpn/CMakeFiles/lpn_nrf52840_xxAA_s140_6.1.0.dir/__/__/mesh/core/src/transport.c.obj
                0x0002cd8c                transport_control_packet_consumer_add
 .text.event_handle
                0x0002cdf8       0x54 examples/experimental_lpn/CMakeFiles/lpn_nrf52840_xxAA_s140_6.1.0.dir/__/__/mesh/core/src/event.c.obj
                0x0002cdf8                event_handle
 .text.event_handler_add
                0x0002ce4c       0x20 examples/experimental_lpn/CMakeFiles/lpn_nrf52840_xxAA_s140_6.1.0.dir/__/__/mesh/core/src/event.c.obj
                0x0002ce4c                event_handler_add
 .text.event_handler_remove
                0x0002ce6c       0x34 examples/experimental_lpn/CMakeFiles/lpn_nrf52840_xxAA_s140_6.1.0.dir/__/__/mesh/core/src/event.c.obj
                0x0002ce6c                event_handler_remove
 .text.m_index_increment
                0x0002cea0       0x1e examples/experimental_lpn/CMakeFiles/lpn_nrf52840_xxAA_s140_6.1.0.dir/__/__/mesh/core/src/packet_buffer.c.obj
 .text.m_get_next_packet
                0x0002cebe       0x1c examples/experimental_lpn/CMakeFiles/lpn_nrf52840_xxAA_s140_6.1.0.dir/__/__/mesh/core/src/packet_buffer.c.obj
 .text.packet_buffer_init
                0x0002ceda       0xac examples/experimental_lpn/CMakeFiles/lpn_nrf52840_xxAA_s140_6.1.0.dir/__/__/mesh/core/src/packet_buffer.c.obj
                0x0002ceda                packet_buffer_init
 .text.packet_buffer_flush
                0x0002cf86       0x50 examples/experimental_lpn/CMakeFiles/lpn_nrf52840_xxAA_s140_6.1.0.dir/__/__/mesh/core/src/packet_buffer.c.obj
                0x0002cf86                packet_buffer_flush
 .text.packet_buffer_reserve
                0x0002cfd6       0xa4 examples/experimental_lpn/CMakeFiles/lpn_nrf52840_xxAA_s140_6.1.0.dir/__/__/mesh/core/src/packet_buffer.c.obj
                0x0002cfd6                packet_buffer_reserve
 .text.packet_buffer_commit
                0x0002d07a       0x62 examples/experimental_lpn/CMakeFiles/lpn_nrf52840_xxAA_s140_6.1.0.dir/__/__/mesh/core/src/packet_buffer.c.obj
                0x0002d07a                packet_buffer_commit
 .text.packet_buffer_pop
                0x0002d0dc       0x5a examples/experimental_lpn/CMakeFiles/lpn_nrf52840_xxAA_s140_6.1.0.dir/__/__/mesh/core/src/packet_buffer.c.obj
                0x0002d0dc                packet_buffer_pop
 .text.packet_buffer_can_pop
                0x0002d136       0x34 examples/experimental_lpn/CMakeFiles/lpn_nrf52840_xxAA_s140_6.1.0.dir/__/__/mesh/core/src/packet_buffer.c.obj
                0x0002d136                packet_buffer_can_pop
 .text.packet_buffer_packets_ready_to_pop
                0x0002d16a       0x36 examples/experimental_lpn/CMakeFiles/lpn_nrf52840_xxAA_s140_6.1.0.dir/__/__/mesh/core/src/packet_buffer.c.obj
                0x0002d16a                packet_buffer_packets_ready_to_pop
 .text.packet_buffer_free
                0x0002d1a0       0x74 examples/experimental_lpn/CMakeFiles/lpn_nrf52840_xxAA_s140_6.1.0.dir/__/__/mesh/core/src/packet_buffer.c.obj
                0x0002d1a0                packet_buffer_free
 .text.packet_buffer_is_empty
                0x0002d214       0x28 examples/experimental_lpn/CMakeFiles/lpn_nrf52840_xxAA_s140_6.1.0.dir/__/__/mesh/core/src/packet_buffer.c.obj
                0x0002d214                packet_buffer_is_empty
 .text.get_last_page
                0x0002d23c       0x14 examples/experimental_lpn/CMakeFiles/lpn_nrf52840_xxAA_s140_6.1.0.dir/__/__/mesh/core/src/flash_manager_defrag.c.obj
 .text.defrag_on_end
                0x0002d250       0x1c examples/experimental_lpn/CMakeFiles/lpn_nrf52840_xxAA_s140_6.1.0.dir/__/__/mesh/core/src/flash_manager_defrag.c.obj
 .text.execute_procedure_step
                0x0002d26c       0x7c examples/experimental_lpn/CMakeFiles/lpn_nrf52840_xxAA_s140_6.1.0.dir/__/__/mesh/core/src/flash_manager_defrag.c.obj
 .text.get_next_entry
                0x0002d2e8       0x34 examples/experimental_lpn/CMakeFiles/lpn_nrf52840_xxAA_s140_6.1.0.dir/__/__/mesh/core/src/flash_manager_defrag.c.obj
 .text.get_next_data_entry
                0x0002d31c       0x26 examples/experimental_lpn/CMakeFiles/lpn_nrf52840_xxAA_s140_6.1.0.dir/__/__/mesh/core/src/flash_manager_defrag.c.obj
 *fill*         0x0002d342        0x2 
 .text.on_flash_op_end
                0x0002d344       0x30 examples/experimental_lpn/CMakeFiles/lpn_nrf52840_xxAA_s140_6.1.0.dir/__/__/mesh/core/src/flash_manager_defrag.c.obj
 .text.check_for_invalid_entries
                0x0002d374       0x38 examples/experimental_lpn/CMakeFiles/lpn_nrf52840_xxAA_s140_6.1.0.dir/__/__/mesh/core/src/flash_manager_defrag.c.obj
 .text.erase_recovery_area
                0x0002d3ac       0x34 examples/experimental_lpn/CMakeFiles/lpn_nrf52840_xxAA_s140_6.1.0.dir/__/__/mesh/core/src/flash_manager_defrag.c.obj
 .text.flash.constprop.6
                0x0002d3e0       0x24 examples/experimental_lpn/CMakeFiles/lpn_nrf52840_xxAA_s140_6.1.0.dir/__/__/mesh/core/src/flash_manager_defrag.c.obj
 .text.invalidate_duplicate_entries
                0x0002d404       0xac examples/experimental_lpn/CMakeFiles/lpn_nrf52840_xxAA_s140_6.1.0.dir/__/__/mesh/core/src/flash_manager_defrag.c.obj
 .text.seal_storage_page
                0x0002d4b0       0x50 examples/experimental_lpn/CMakeFiles/lpn_nrf52840_xxAA_s140_6.1.0.dir/__/__/mesh/core/src/flash_manager_defrag.c.obj
 .text.copy_metadata
                0x0002d500       0x3c examples/experimental_lpn/CMakeFiles/lpn_nrf52840_xxAA_s140_6.1.0.dir/__/__/mesh/core/src/flash_manager_defrag.c.obj
 .text.write_defrag_start_pointer
                0x0002d53c       0x20 examples/experimental_lpn/CMakeFiles/lpn_nrf52840_xxAA_s140_6.1.0.dir/__/__/mesh/core/src/flash_manager_defrag.c.obj
 .text.write_back
                0x0002d55c       0x28 examples/experimental_lpn/CMakeFiles/lpn_nrf52840_xxAA_s140_6.1.0.dir/__/__/mesh/core/src/flash_manager_defrag.c.obj
 .text.post_process
                0x0002d584       0x40 examples/experimental_lpn/CMakeFiles/lpn_nrf52840_xxAA_s140_6.1.0.dir/__/__/mesh/core/src/flash_manager_defrag.c.obj
 .text.backup_entries
                0x0002d5c4       0xdc examples/experimental_lpn/CMakeFiles/lpn_nrf52840_xxAA_s140_6.1.0.dir/__/__/mesh/core/src/flash_manager_defrag.c.obj
 .text.erase_source
                0x0002d6a0       0x34 examples/experimental_lpn/CMakeFiles/lpn_nrf52840_xxAA_s140_6.1.0.dir/__/__/mesh/core/src/flash_manager_defrag.c.obj
 .text.flash_manager_defrag_init
                0x0002d6d4       0x8c examples/experimental_lpn/CMakeFiles/lpn_nrf52840_xxAA_s140_6.1.0.dir/__/__/mesh/core/src/flash_manager_defrag.c.obj
                0x0002d6d4                flash_manager_defrag_init
 .text.flash_manager_defragging
                0x0002d760       0x38 examples/experimental_lpn/CMakeFiles/lpn_nrf52840_xxAA_s140_6.1.0.dir/__/__/mesh/core/src/flash_manager_defrag.c.obj
                0x0002d760                flash_manager_defragging
 .text.flash_manager_defrag_is_running
                0x0002d798       0x10 examples/experimental_lpn/CMakeFiles/lpn_nrf52840_xxAA_s140_6.1.0.dir/__/__/mesh/core/src/flash_manager_defrag.c.obj
                0x0002d798                flash_manager_defrag_is_running
 .text.flash_manager_defrag
                0x0002d7a8       0x44 examples/experimental_lpn/CMakeFiles/lpn_nrf52840_xxAA_s140_6.1.0.dir/__/__/mesh/core/src/flash_manager_defrag.c.obj
                0x0002d7a8                flash_manager_defrag
 .text.flash_manager_defrag_recovery_page_get
                0x0002d7ec        0xc examples/experimental_lpn/CMakeFiles/lpn_nrf52840_xxAA_s140_6.1.0.dir/__/__/mesh/core/src/flash_manager_defrag.c.obj
                0x0002d7ec                flash_manager_defrag_recovery_page_get
 .text.fifo_init
                0x0002d7f8       0x34 examples/experimental_lpn/CMakeFiles/lpn_nrf52840_xxAA_s140_6.1.0.dir/__/__/mesh/core/src/fifo.c.obj
                0x0002d7f8                fifo_init
 .text.fifo_pop
                0x0002d82c       0x52 examples/experimental_lpn/CMakeFiles/lpn_nrf52840_xxAA_s140_6.1.0.dir/__/__/mesh/core/src/fifo.c.obj
                0x0002d82c                fifo_pop
 *fill*         0x0002d87e        0x2 
 .text.wait_for_ready
                0x0002d880       0x10 examples/experimental_lpn/CMakeFiles/lpn_nrf52840_xxAA_s140_6.1.0.dir/__/__/mesh/core/src/nrf_flash.c.obj
 .text.nrf_flash_erase
                0x0002d890       0x50 examples/experimental_lpn/CMakeFiles/lpn_nrf52840_xxAA_s140_6.1.0.dir/__/__/mesh/core/src/nrf_flash.c.obj
                0x0002d890                nrf_flash_erase
 .text.nrf_flash_write
                0x0002d8e0       0x50 examples/experimental_lpn/CMakeFiles/lpn_nrf52840_xxAA_s140_6.1.0.dir/__/__/mesh/core/src/nrf_flash.c.obj
                0x0002d8e0                nrf_flash_write
 .text.entry_recover_cb
                0x0002d930       0x18 examples/experimental_lpn/CMakeFiles/lpn_nrf52840_xxAA_s140_6.1.0.dir/__/__/mesh/core/src/net_state.c.obj
 .text.flash_store_iv_index
                0x0002d948       0x38 examples/experimental_lpn/CMakeFiles/lpn_nrf52840_xxAA_s140_6.1.0.dir/__/__/mesh/core/src/net_state.c.obj
 .text.flash_mem_available
                0x0002d980       0x14 examples/experimental_lpn/CMakeFiles/lpn_nrf52840_xxAA_s140_6.1.0.dir/__/__/mesh/core/src/net_state.c.obj
 .text.iv_index_notify
                0x0002d994       0x30 examples/experimental_lpn/CMakeFiles/lpn_nrf52840_xxAA_s140_6.1.0.dir/__/__/mesh/core/src/net_state.c.obj
 .text.seqnum_block_allocate
                0x0002d9c4       0x4c examples/experimental_lpn/CMakeFiles/lpn_nrf52840_xxAA_s140_6.1.0.dir/__/__/mesh/core/src/net_state.c.obj
 .text.net_state_reset
                0x0002da10       0x48 examples/experimental_lpn/CMakeFiles/lpn_nrf52840_xxAA_s140_6.1.0.dir/__/__/mesh/core/src/net_state.c.obj
                0x0002da10                net_state_reset
 .text.flash_write_complete
                0x0002da58       0x64 examples/experimental_lpn/CMakeFiles/lpn_nrf52840_xxAA_s140_6.1.0.dir/__/__/mesh/core/src/net_state.c.obj
 .text.net_state_recover_from_flash
                0x0002dabc       0x60 examples/experimental_lpn/CMakeFiles/lpn_nrf52840_xxAA_s140_6.1.0.dir/__/__/mesh/core/src/net_state.c.obj
                0x0002dabc                net_state_recover_from_flash
 .text.net_state_flash_area_get
                0x0002db1c        0xc examples/experimental_lpn/CMakeFiles/lpn_nrf52840_xxAA_s140_6.1.0.dir/__/__/mesh/core/src/net_state.c.obj
                0x0002db1c                net_state_flash_area_get
 .text.init_flash_storage
                0x0002db28       0x40 examples/experimental_lpn/CMakeFiles/lpn_nrf52840_xxAA_s140_6.1.0.dir/__/__/mesh/core/src/net_state.c.obj
 .text.net_state_init
                0x0002db68       0x44 examples/experimental_lpn/CMakeFiles/lpn_nrf52840_xxAA_s140_6.1.0.dir/__/__/mesh/core/src/net_state.c.obj
                0x0002db68                net_state_init
 .text.net_state_enable
                0x0002dbac       0x30 examples/experimental_lpn/CMakeFiles/lpn_nrf52840_xxAA_s140_6.1.0.dir/__/__/mesh/core/src/net_state.c.obj
                0x0002dbac                net_state_enable
 .text.net_state_iv_update_start
                0x0002dbdc       0x50 examples/experimental_lpn/CMakeFiles/lpn_nrf52840_xxAA_s140_6.1.0.dir/__/__/mesh/core/src/net_state.c.obj
                0x0002dbdc                net_state_iv_update_start
 .text.iv_update_trigger_if_pending
                0x0002dc2c       0x6c examples/experimental_lpn/CMakeFiles/lpn_nrf52840_xxAA_s140_6.1.0.dir/__/__/mesh/core/src/net_state.c.obj
 .text.iv_update_timer_handler
                0x0002dc98       0x68 examples/experimental_lpn/CMakeFiles/lpn_nrf52840_xxAA_s140_6.1.0.dir/__/__/mesh/core/src/net_state.c.obj
 .text.incoming_data_received.isra.2
                0x0002dd00       0x78 examples/experimental_lpn/CMakeFiles/lpn_nrf52840_xxAA_s140_6.1.0.dir/__/__/mesh/core/src/net_state.c.obj
 .text.mesh_evt_handler
                0x0002dd78       0x2e examples/experimental_lpn/CMakeFiles/lpn_nrf52840_xxAA_s140_6.1.0.dir/__/__/mesh/core/src/net_state.c.obj
 *fill*         0x0002dda6        0x2 
 .text.net_state_seqnum_alloc
                0x0002dda8       0x68 examples/experimental_lpn/CMakeFiles/lpn_nrf52840_xxAA_s140_6.1.0.dir/__/__/mesh/core/src/net_state.c.obj
                0x0002dda8                net_state_seqnum_alloc
 .text.net_state_iv_index_lock
                0x0002de10       0x3c examples/experimental_lpn/CMakeFiles/lpn_nrf52840_xxAA_s140_6.1.0.dir/__/__/mesh/core/src/net_state.c.obj
                0x0002de10                net_state_iv_index_lock
 .text.net_state_key_refresh_phase_changed
                0x0002de4c       0x20 examples/experimental_lpn/CMakeFiles/lpn_nrf52840_xxAA_s140_6.1.0.dir/__/__/mesh/core/src/net_state.c.obj
                0x0002de4c                net_state_key_refresh_phase_changed
 .text.net_state_beacon_iv_index_get
                0x0002de6c        0xc examples/experimental_lpn/CMakeFiles/lpn_nrf52840_xxAA_s140_6.1.0.dir/__/__/mesh/core/src/net_state.c.obj
                0x0002de6c                net_state_beacon_iv_index_get
 .text.net_state_tx_iv_index_get
                0x0002de78       0x14 examples/experimental_lpn/CMakeFiles/lpn_nrf52840_xxAA_s140_6.1.0.dir/__/__/mesh/core/src/net_state.c.obj
                0x0002de78                net_state_tx_iv_index_get
 .text.net_state_rx_iv_index_get
                0x0002de8c       0x18 examples/experimental_lpn/CMakeFiles/lpn_nrf52840_xxAA_s140_6.1.0.dir/__/__/mesh/core/src/net_state.c.obj
                0x0002de8c                net_state_rx_iv_index_get
 .text.net_state_iv_update_get
                0x0002dea4        0xc examples/experimental_lpn/CMakeFiles/lpn_nrf52840_xxAA_s140_6.1.0.dir/__/__/mesh/core/src/net_state.c.obj
                0x0002dea4                net_state_iv_update_get
 .text.net_state_iv_index_set
                0x0002deb0       0x34 examples/experimental_lpn/CMakeFiles/lpn_nrf52840_xxAA_s140_6.1.0.dir/__/__/mesh/core/src/net_state.c.obj
                0x0002deb0                net_state_iv_index_set
 .text.send_end_events
                0x0002dee4       0x84 examples/experimental_lpn/CMakeFiles/lpn_nrf52840_xxAA_s140_6.1.0.dir/__/__/mesh/core/src/mesh_flash.c.obj
 .text.flash_op_action_prepare
                0x0002df68       0x78 examples/experimental_lpn/CMakeFiles/lpn_nrf52840_xxAA_s140_6.1.0.dir/__/__/mesh/core/src/mesh_flash.c.obj
 .text.flash_op_schedule
                0x0002dfe0       0x20 examples/experimental_lpn/CMakeFiles/lpn_nrf52840_xxAA_s140_6.1.0.dir/__/__/mesh/core/src/mesh_flash.c.obj
 .text.flash_op_start
                0x0002e000      0x13c examples/experimental_lpn/CMakeFiles/lpn_nrf52840_xxAA_s140_6.1.0.dir/__/__/mesh/core/src/mesh_flash.c.obj
 .text.mesh_flash_init
                0x0002e13c       0x88 examples/experimental_lpn/CMakeFiles/lpn_nrf52840_xxAA_s140_6.1.0.dir/__/__/mesh/core/src/mesh_flash.c.obj
                0x0002e13c                mesh_flash_init
 .text.mesh_flash_user_callback_set
                0x0002e1c4       0x20 examples/experimental_lpn/CMakeFiles/lpn_nrf52840_xxAA_s140_6.1.0.dir/__/__/mesh/core/src/mesh_flash.c.obj
                0x0002e1c4                mesh_flash_user_callback_set
 .text.mesh_flash_op_push
                0x0002e1e4      0x10c examples/experimental_lpn/CMakeFiles/lpn_nrf52840_xxAA_s140_6.1.0.dir/__/__/mesh/core/src/mesh_flash.c.obj