Archive member included to satisfy reference by file (symbol)

external/rtt/librtt_nrf52832_xxAA.a(SEGGER_RTT.c.obj)
                              examples/experimental_dimming/dimming_client/CMakeFiles/light_switch_dimming_client_nrf52832_xxAA_s132_6.1.0.dir/__/__/__/mesh/core/src/log.c.obj (SEGGER_RTT_Write)
external/rtt/librtt_nrf52832_xxAA.a(SEGGER_RTT_printf.c.obj)
                              examples/experimental_dimming/dimming_client/CMakeFiles/light_switch_dimming_client_nrf52832_xxAA_s132_6.1.0.dir/__/__/__/mesh/core/src/log.c.obj (SEGGER_RTT_vprintf)
external/micro-ecc/libuECC_nrf52832_xxAA.a(uECC.c.obj)
                              examples/experimental_dimming/dimming_client/CMakeFiles/light_switch_dimming_client_nrf52832_xxAA_s132_6.1.0.dir/__/__/__/mesh/prov/src/prov_utils.c.obj (uECC_secp256r1)
c:/mesh/arm_gcc/bin/../lib/gcc/arm-none-eabi/6.3.1/thumb/v7e-m/fpv4-sp/hard\libgcc.a(_aeabi_uldivmod.o)
                              examples/experimental_dimming/dimming_client/CMakeFiles/light_switch_dimming_client_nrf52832_xxAA_s132_6.1.0.dir/__/__/common/src/rtt_input.c.obj (__aeabi_uldivmod)
c:/mesh/arm_gcc/bin/../lib/gcc/arm-none-eabi/6.3.1/thumb/v7e-m/fpv4-sp/hard\libgcc.a(_udivmoddi4.o)
                              c:/mesh/arm_gcc/bin/../lib/gcc/arm-none-eabi/6.3.1/thumb/v7e-m/fpv4-sp/hard\libgcc.a(_aeabi_uldivmod.o) (__udivmoddi4)
c:/mesh/arm_gcc/bin/../lib/gcc/arm-none-eabi/6.3.1/thumb/v7e-m/fpv4-sp/hard\libgcc.a(_dvmd_tls.o)
                              c:/mesh/arm_gcc/bin/../lib/gcc/arm-none-eabi/6.3.1/thumb/v7e-m/fpv4-sp/hard\libgcc.a(_aeabi_uldivmod.o) (__aeabi_ldiv0)
c:/mesh/arm_gcc/bin/../lib/gcc/arm-none-eabi/6.3.1/../../../../arm-none-eabi/lib/thumb/v7e-m/fpv4-sp/hard\libg_nano.a(lib_a-calloc.o)
                              examples/experimental_dimming/dimming_client/CMakeFiles/light_switch_dimming_client_nrf52832_xxAA_s132_6.1.0.dir/__/__/__/mesh/core/src/mesh_mem_stdlib.c.obj (calloc)
c:/mesh/arm_gcc/bin/../lib/gcc/arm-none-eabi/6.3.1/../../../../arm-none-eabi/lib/thumb/v7e-m/fpv4-sp/hard\libg_nano.a(lib_a-exit.o)
                              c:/mesh/arm_gcc/bin/../lib/gcc/arm-none-eabi/6.3.1/../../../../arm-none-eabi/lib/thumb/v7e-m/fpv4-sp/hard/crt0.o (exit)
c:/mesh/arm_gcc/bin/../lib/gcc/arm-none-eabi/6.3.1/../../../../arm-none-eabi/lib/thumb/v7e-m/fpv4-sp/hard\libg_nano.a(lib_a-impure.o)
                              c:/mesh/arm_gcc/bin/../lib/gcc/arm-none-eabi/6.3.1/../../../../arm-none-eabi/lib/thumb/v7e-m/fpv4-sp/hard\libg_nano.a(lib_a-exit.o) (_global_impure_ptr)
c:/mesh/arm_gcc/bin/../lib/gcc/arm-none-eabi/6.3.1/../../../../arm-none-eabi/lib/thumb/v7e-m/fpv4-sp/hard\libg_nano.a(lib_a-init.o)
                              c:/mesh/arm_gcc/bin/../lib/gcc/arm-none-eabi/6.3.1/../../../../arm-none-eabi/lib/thumb/v7e-m/fpv4-sp/hard/crt0.o (__libc_init_array)
c:/mesh/arm_gcc/bin/../lib/gcc/arm-none-eabi/6.3.1/../../../../arm-none-eabi/lib/thumb/v7e-m/fpv4-sp/hard\libg_nano.a(lib_a-malloc.o)
                              examples/experimental_dimming/dimming_client/CMakeFiles/light_switch_dimming_client_nrf52832_xxAA_s132_6.1.0.dir/__/__/__/mesh/core/src/mesh_mem_stdlib.c.obj (malloc)
c:/mesh/arm_gcc/bin/../lib/gcc/arm-none-eabi/6.3.1/../../../../arm-none-eabi/lib/thumb/v7e-m/fpv4-sp/hard\libg_nano.a(lib_a-memcmp.o)
                              examples/experimental_dimming/dimming_client/CMakeFiles/light_switch_dimming_client_nrf52832_xxAA_s132_6.1.0.dir/C_/mesh/deps/nRF5_SDK_15.2.0_9412b96/components/ble/common/ble_advdata.c.obj (memcmp)
c:/mesh/arm_gcc/bin/../lib/gcc/arm-none-eabi/6.3.1/../../../../arm-none-eabi/lib/thumb/v7e-m/fpv4-sp/hard\libg_nano.a(lib_a-memcpy-stub.o)
                              examples/experimental_dimming/dimming_client/CMakeFiles/light_switch_dimming_client_nrf52832_xxAA_s132_6.1.0.dir/C_/mesh/deps/nRF5_SDK_15.2.0_9412b96/components/ble/common/ble_advdata.c.obj (memcpy)
c:/mesh/arm_gcc/bin/../lib/gcc/arm-none-eabi/6.3.1/../../../../arm-none-eabi/lib/thumb/v7e-m/fpv4-sp/hard\libg_nano.a(lib_a-memset.o)
                              c:/mesh/arm_gcc/bin/../lib/gcc/arm-none-eabi/6.3.1/../../../../arm-none-eabi/lib/thumb/v7e-m/fpv4-sp/hard/crt0.o (memset)
c:/mesh/arm_gcc/bin/../lib/gcc/arm-none-eabi/6.3.1/../../../../arm-none-eabi/lib/thumb/v7e-m/fpv4-sp/hard\libg_nano.a(lib_a-nano-callocr.o)
                              c:/mesh/arm_gcc/bin/../lib/gcc/arm-none-eabi/6.3.1/../../../../arm-none-eabi/lib/thumb/v7e-m/fpv4-sp/hard\libg_nano.a(lib_a-calloc.o) (_calloc_r)
c:/mesh/arm_gcc/bin/../lib/gcc/arm-none-eabi/6.3.1/../../../../arm-none-eabi/lib/thumb/v7e-m/fpv4-sp/hard\libg_nano.a(lib_a-nano-freer.o)
                              c:/mesh/arm_gcc/bin/../lib/gcc/arm-none-eabi/6.3.1/../../../../arm-none-eabi/lib/thumb/v7e-m/fpv4-sp/hard\libg_nano.a(lib_a-malloc.o) (_free_r)
c:/mesh/arm_gcc/bin/../lib/gcc/arm-none-eabi/6.3.1/../../../../arm-none-eabi/lib/thumb/v7e-m/fpv4-sp/hard\libg_nano.a(lib_a-nano-mallocr.o)
[...]
Memory Configuration

Name             Origin             Length             Attributes
FLASH            0x00026000         0x00051000         xr
RAM              0x20002da0         0x0000cf60         xrw
*default*        0x00000000         0xffffffff

Linker script and memory map


.text           0x00026000    0x18c2c
 *(.isr_vector)
 .isr_vector    0x00026000      0x200 examples/experimental_dimming/dimming_client/CMakeFiles/light_switch_dimming_client_nrf52832_xxAA_s132_6.1.0.dir/C_/mesh/deps/nRF5_SDK_15.2.0_9412b96/modules/nrfx/mdk/gcc_startup_nrf52.S.obj
                0x00026000                __isr_vector
 *(.text*)
 .text          0x00026200       0x6c c:/mesh/arm_gcc/bin/../lib/gcc/arm-none-eabi/6.3.1/thumb/v7e-m/fpv4-sp/hard/crtbegin.o
 .text          0x0002626c       0x74 c:/mesh/arm_gcc/bin/../lib/gcc/arm-none-eabi/6.3.1/../../../../arm-none-eabi/lib/thumb/v7e-m/fpv4-sp/hard/crt0.o
                0x0002626c                _start
                0x0002626c                _mainCRTStartup
 .text.sd_app_evt_wait
                0x000262e0        0x4 examples/experimental_dimming/dimming_client/CMakeFiles/light_switch_dimming_client_nrf52832_xxAA_s132_6.1.0.dir/src/main.c.obj
 .text.app_generic_level_client_status_cb
                0x000262e4       0xd4 examples/experimental_dimming/dimming_client/CMakeFiles/light_switch_dimming_client_nrf52832_xxAA_s132_6.1.0.dir/src/main.c.obj
 .text.app_gen_level_client_transaction_status_cb
                0x000263b8      0x11c examples/experimental_dimming/dimming_client/CMakeFiles/light_switch_dimming_client_nrf52832_xxAA_s132_6.1.0.dir/src/main.c.obj
 .text.button_event_handler
                0x000264d4      0x414 examples/experimental_dimming/dimming_client/CMakeFiles/light_switch_dimming_client_nrf52832_xxAA_s132_6.1.0.dir/src/main.c.obj
 .text.rtt_input_handler
                0x000268e8        0xc examples/experimental_dimming/dimming_client/CMakeFiles/light_switch_dimming_client_nrf52832_xxAA_s132_6.1.0.dir/src/main.c.obj
 .text.models_init_cb
                0x000268f4       0xc0 examples/experimental_dimming/dimming_client/CMakeFiles/light_switch_dimming_client_nrf52832_xxAA_s132_6.1.0.dir/src/main.c.obj
 .text.config_server_evt_cb
                0x000269b4       0x80 examples/experimental_dimming/dimming_client/CMakeFiles/light_switch_dimming_client_nrf52832_xxAA_s132_6.1.0.dir/src/main.c.obj
 .text.device_identification_start_cb
                0x00026a34       0x22 examples/experimental_dimming/dimming_client/CMakeFiles/light_switch_dimming_client_nrf52832_xxAA_s132_6.1.0.dir/src/main.c.obj
 .text.provisioning_aborted_cb
                0x00026a56        0x4 examples/experimental_dimming/dimming_client/CMakeFiles/light_switch_dimming_client_nrf52832_xxAA_s132_6.1.0.dir/src/main.c.obj
 *fill*         0x00026a5a        0x2 
 .text.provisioning_complete_cb
                0x00026a5c       0xdc examples/experimental_dimming/dimming_client/CMakeFiles/light_switch_dimming_client_nrf52832_xxAA_s132_6.1.0.dir/src/main.c.obj
 .text.app_gen_level_client_publish_interval_cb
                0x00026b38       0x64 examples/experimental_dimming/dimming_client/CMakeFiles/light_switch_dimming_client_nrf52832_xxAA_s132_6.1.0.dir/src/main.c.obj
 .text.startup.main
                0x00026b9c      0x15c examples/experimental_dimming/dimming_client/CMakeFiles/light_switch_dimming_client_nrf52832_xxAA_s132_6.1.0.dir/src/main.c.obj
                0x00026b9c                main
 .text.mesh_evt_handler
                0x00026cf8        0xe examples/experimental_dimming/dimming_client/CMakeFiles/light_switch_dimming_client_nrf52832_xxAA_s132_6.1.0.dir/__/__/__/mesh/stack/src/mesh_stack.c.obj
 .text.mesh_stack_provisioning_data_store
                0x00026d06       0x6c examples/experimental_dimming/dimming_client/CMakeFiles/light_switch_dimming_client_nrf52832_xxAA_s132_6.1.0.dir/__/__/__/mesh/stack/src/mesh_stack.c.obj
                0x00026d06                mesh_stack_provisioning_data_store
 .text.mesh_stack_config_clear
                0x00026d72       0x16 examples/experimental_dimming/dimming_client/CMakeFiles/light_switch_dimming_client_nrf52832_xxAA_s132_6.1.0.dir/__/__/__/mesh/stack/src/mesh_stack.c.obj
                0x00026d72                mesh_stack_config_clear
 .text.mesh_stack_is_device_provisioned
                0x00026d88       0x18 examples/experimental_dimming/dimming_client/CMakeFiles/light_switch_dimming_client_nrf52832_xxAA_s132_6.1.0.dir/__/__/__/mesh/stack/src/mesh_stack.c.obj
                0x00026d88                mesh_stack_is_device_provisioned
 .text.mesh_stack_init
                0x00026da0       0x6c examples/experimental_dimming/dimming_client/CMakeFiles/light_switch_dimming_client_nrf52832_xxAA_s132_6.1.0.dir/__/__/__/mesh/stack/src/mesh_stack.c.obj
                0x00026da0                mesh_stack_init
 .text.mesh_stack_start
                0x00026e0c       0x1a examples/experimental_dimming/dimming_client/CMakeFiles/light_switch_dimming_client_nrf52832_xxAA_s132_6.1.0.dir/__/__/__/mesh/stack/src/mesh_stack.c.obj
                0x00026e0c                mesh_stack_start
 *fill*         0x00026e26        0x2 
 .text.mesh_stack_device_reset
                0x00026e28       0x20 examples/experimental_dimming/dimming_client/CMakeFiles/light_switch_dimming_client_nrf52832_xxAA_s132_6.1.0.dir/__/__/__/mesh/stack/src/mesh_stack.c.obj
                0x00026e28                mesh_stack_device_reset
 .text.provisionee_start
                0x00026e48       0x18 examples/experimental_dimming/dimming_client/CMakeFiles/light_switch_dimming_client_nrf52832_xxAA_s132_6.1.0.dir/__/__/common/src/mesh_provisionee.c.obj
 .text.prov_evt_handler
                0x00026e60       0xbc examples/experimental_dimming/dimming_client/CMakeFiles/light_switch_dimming_client_nrf52832_xxAA_s132_6.1.0.dir/__/__/common/src/mesh_provisionee.c.obj
 .text.sd_state_evt_handler
                0x00026f1c       0xa8 examples/experimental_dimming/dimming_client/CMakeFiles/light_switch_dimming_client_nrf52832_xxAA_s132_6.1.0.dir/__/__/common/src/mesh_provisionee.c.obj
 .text.mesh_evt_handler
                0x00026fc4       0x2c examples/experimental_dimming/dimming_client/CMakeFiles/light_switch_dimming_client_nrf52832_xxAA_s132_6.1.0.dir/__/__/common/src/mesh_provisionee.c.obj
 .text.mesh_provisionee_prov_start
                0x00026ff0       0x9c examples/experimental_dimming/dimming_client/CMakeFiles/light_switch_dimming_client_nrf52832_xxAA_s132_6.1.0.dir/__/__/common/src/mesh_provisionee.c.obj
                0x00026ff0                mesh_provisionee_prov_start
 .text.timeout_handler
                0x0002708c       0x1c examples/experimental_dimming/dimming_client/CMakeFiles/light_switch_dimming_client_nrf52832_xxAA_s132_6.1.0.dir/__/__/common/src/rtt_input.c.obj
                0x0002708c                timeout_handler
 .text.rtt_input_enable
                0x000270a8       0x6c examples/experimental_dimming/dimming_client/CMakeFiles/light_switch_dimming_client_nrf52832_xxAA_s132_6.1.0.dir/__/__/common/src/rtt_input.c.obj
                0x000270a8                rtt_input_enable
 .text.led_timeout_handler
                0x00027114       0x48 examples/experimental_dimming/dimming_client/CMakeFiles/light_switch_dimming_client_nrf52832_xxAA_s132_6.1.0.dir/__/__/common/src/simple_hal.c.obj
 .text.hal_led_mask_set
                0x0002715c       0x12 examples/experimental_dimming/dimming_client/CMakeFiles/light_switch_dimming_client_nrf52832_xxAA_s132_6.1.0.dir/__/__/common/src/simple_hal.c.obj
                0x0002715c                hal_led_mask_set
 *fill*         0x0002716e        0x2 
 .text.hal_led_blink_ms
                0x00027170       0x68 examples/experimental_dimming/dimming_client/CMakeFiles/light_switch_dimming_client_nrf52832_xxAA_s132_6.1.0.dir/__/__/common/src/simple_hal.c.obj
                0x00027170                hal_led_blink_ms
 .text.hal_led_blink_stop
                0x000271d8       0x20 examples/experimental_dimming/dimming_client/CMakeFiles/light_switch_dimming_client_nrf52832_xxAA_s132_6.1.0.dir/__/__/common/src/simple_hal.c.obj
                0x000271d8                hal_led_blink_stop
 .text.hal_leds_init
                0x000271f8       0x58 examples/experimental_dimming/dimming_client/CMakeFiles/light_switch_dimming_client_nrf52832_xxAA_s132_6.1.0.dir/__/__/common/src/simple_hal.c.obj
                0x000271f8                hal_leds_init
 .text.hal_buttons_init
                0x00027250       0x50 examples/experimental_dimming/dimming_client/CMakeFiles/light_switch_dimming_client_nrf52832_xxAA_s132_6.1.0.dir/__/__/common/src/simple_hal.c.obj
                0x00027250                hal_buttons_init
 .text.GPIOTE_IRQHandler
                0x000272a0       0x60 examples/experimental_dimming/dimming_client/CMakeFiles/light_switch_dimming_client_nrf52832_xxAA_s132_6.1.0.dir/__/__/common/src/simple_hal.c.obj
                0x000272a0                GPIOTE_IRQHandler
 .text.mesh_app_uuid_print
                0x00027300      0x11c examples/experimental_dimming/dimming_client/CMakeFiles/light_switch_dimming_client_nrf52832_xxAA_s132_6.1.0.dir/__/__/common/src/mesh_app_utils.c.obj
                0x00027300                mesh_app_uuid_print
 .text.sd_ble_gap_adv_set_configure
                0x0002741c        0x4 examples/experimental_dimming/dimming_client/CMakeFiles/light_switch_dimming_client_nrf52832_xxAA_s132_6.1.0.dir/__/__/common/src/mesh_adv.c.obj
 .text.sd_ble_gap_adv_start
                0x00027420        0x4 examples/experimental_dimming/dimming_client/CMakeFiles/light_switch_dimming_client_nrf52832_xxAA_s132_6.1.0.dir/__/__/common/src/mesh_adv.c.obj
 .text.sd_ble_gap_adv_stop
                0x00027424        0x4 examples/experimental_dimming/dimming_client/CMakeFiles/light_switch_dimming_client_nrf52832_xxAA_s132_6.1.0.dir/__/__/common/src/mesh_adv.c.obj
 .text.mesh_adv_data_set
                0x00027428       0xdc examples/experimental_dimming/dimming_client/CMakeFiles/light_switch_dimming_client_nrf52832_xxAA_s132_6.1.0.dir/__/__/common/src/mesh_adv.c.obj
                0x00027428                mesh_adv_data_set
 .text.mesh_adv_params_set
                0x00027504       0x28 examples/experimental_dimming/dimming_client/CMakeFiles/light_switch_dimming_client_nrf52832_xxAA_s132_6.1.0.dir/__/__/common/src/mesh_adv.c.obj
                0x00027504                mesh_adv_params_set
 .text.mesh_adv_start
                0x0002752c       0x20 examples/experimental_dimming/dimming_client/CMakeFiles/light_switch_dimming_client_nrf52832_xxAA_s132_6.1.0.dir/__/__/common/src/mesh_adv.c.obj
                0x0002752c                mesh_adv_start
 .text.mesh_adv_stop
                0x0002754c       0x1c examples/experimental_dimming/dimming_client/CMakeFiles/light_switch_dimming_client_nrf52832_xxAA_s132_6.1.0.dir/__/__/common/src/mesh_adv.c.obj
                0x0002754c                mesh_adv_stop
 .text.sd_ble_gap_disconnect
                0x00027568        0x4 examples/experimental_dimming/dimming_client/CMakeFiles/light_switch_dimming_client_nrf52832_xxAA_s132_6.1.0.dir/__/__/common/src/ble_softdevice_support.c.obj
 .text.sd_ble_gap_ppcp_set
                0x0002756c        0x4 examples/experimental_dimming/dimming_client/CMakeFiles/light_switch_dimming_client_nrf52832_xxAA_s132_6.1.0.dir/__/__/common/src/ble_softdevice_support.c.obj
 .text.sd_ble_gap_device_name_set
                0x00027570        0x4 examples/experimental_dimming/dimming_client/CMakeFiles/light_switch_dimming_client_nrf52832_xxAA_s132_6.1.0.dir/__/__/common/src/ble_softdevice_support.c.obj
 .text.conn_params_error_handler
                0x00027574        0x4 examples/experimental_dimming/dimming_client/CMakeFiles/light_switch_dimming_client_nrf52832_xxAA_s132_6.1.0.dir/__/__/common/src/ble_softdevice_support.c.obj
 .text.on_sd_evt
                0x00027578        0x4 examples/experimental_dimming/dimming_client/CMakeFiles/light_switch_dimming_client_nrf52832_xxAA_s132_6.1.0.dir/__/__/common/src/ble_softdevice_support.c.obj
 .text.on_conn_params_evt
                0x0002757c       0x80 examples/experimental_dimming/dimming_client/CMakeFiles/light_switch_dimming_client_nrf52832_xxAA_s132_6.1.0.dir/__/__/common/src/ble_softdevice_support.c.obj
 .text.ble_stack_init
                0x000275fc       0x32 examples/experimental_dimming/dimming_client/CMakeFiles/light_switch_dimming_client_nrf52832_xxAA_s132_6.1.0.dir/__/__/common/src/ble_softdevice_support.c.obj
                0x000275fc                ble_stack_init
 *fill*         0x0002762e        0x2 
 .text.gap_params_init
                0x00027630       0x68 examples/experimental_dimming/dimming_client/CMakeFiles/light_switch_dimming_client_nrf52832_xxAA_s132_6.1.0.dir/__/__/common/src/ble_softdevice_support.c.obj
                0x00027630                gap_params_init
 .text.conn_params_init
                0x00027698       0x70 examples/experimental_dimming/dimming_client/CMakeFiles/light_switch_dimming_client_nrf52832_xxAA_s132_6.1.0.dir/__/__/common/src/ble_softdevice_support.c.obj
                0x00027698                conn_params_init
 .text.app_util_critical_region_enter
                0x00027708       0x48 examples/experimental_dimming/dimming_client/CMakeFiles/light_switch_dimming_client_nrf52832_xxAA_s132_6.1.0.dir/C_/mesh/deps/nRF5_SDK_15.2.0_9412b96/components/libraries/util/app_util_platform.c.obj
                0x00027708                app_util_critical_region_enter
 .text.app_util_critical_region_exit
                0x00027750       0x2c examples/experimental_dimming/dimming_client/CMakeFiles/light_switch_dimming_client_nrf52832_xxAA_s132_6.1.0.dir/C_/mesh/deps/nRF5_SDK_15.2.0_9412b96/components/libraries/util/app_util_platform.c.obj
                0x00027750                app_util_critical_region_exit
 .text.sd_ble_gap_addr_get
                0x0002777c        0x4 examples/experimental_dimming/dimming_client/CMakeFiles/light_switch_dimming_client_nrf52832_xxAA_s132_6.1.0.dir/C_/mesh/deps/nRF5_SDK_15.2.0_9412b96/components/ble/common/ble_advdata.c.obj
 .text.sd_ble_gap_appearance_get
                0x00027780        0x4 examples/experimental_dimming/dimming_client/CMakeFiles/light_switch_dimming_client_nrf52832_xxAA_s132_6.1.0.dir/C_/mesh/deps/nRF5_SDK_15.2.0_9412b96/components/ble/common/ble_advdata.c.obj
 .text.sd_ble_gap_device_name_get
                0x00027784        0x4 examples/experimental_dimming/dimming_client/CMakeFiles/light_switch_dimming_client_nrf52832_xxAA_s132_6.1.0.dir/C_/mesh/deps/nRF5_SDK_15.2.0_9412b96/components/ble/common/ble_advdata.c.obj
 .text.sd_ble_uuid_encode
                0x00027788        0x4 examples/experimental_dimming/dimming_client/CMakeFiles/light_switch_dimming_client_nrf52832_xxAA_s132_6.1.0.dir/C_/mesh/deps/nRF5_SDK_15.2.0_9412b96/components/ble/common/ble_advdata.c.obj
 .text.uuid_list_sized_encode
                0x0002778c       0xa4 examples/experimental_dimming/dimming_client/CMakeFiles/light_switch_dimming_client_nrf52832_xxAA_s132_6.1.0.dir/C_/mesh/deps/nRF5_SDK_15.2.0_9412b96/components/ble/common/ble_advdata.c.obj
 .text.uuid_list_encode
                0x00027830       0x34 examples/experimental_dimming/dimming_client/CMakeFiles/light_switch_dimming_client_nrf52832_xxAA_s132_6.1.0.dir/C_/mesh/deps/nRF5_SDK_15.2.0_9412b96/components/ble/common/ble_advdata.c.obj
 .text.ble_advdata_encode
                0x00027864      0x388 examples/experimental_dimming/dimming_client/CMakeFiles/light_switch_dimming_client_nrf52832_xxAA_s132_6.1.0.dir/C_/mesh/deps/nRF5_SDK_15.2.0_9412b96/components/ble/common/ble_advdata.c.obj
                0x00027864                ble_advdata_encode
 .text.nrf_section_iter_init
                0x00027bec       0x12 examples/experimental_dimming/dimming_client/CMakeFiles/light_switch_dimming_client_nrf52832_xxAA_s132_6.1.0.dir/51fb25f35ea9b598ff44b58fe2e11c09/components/libraries/experimental_section_vars/nrf_section_iter.c.obj
                0x00027bec                nrf_section_iter_init
 .text.nrf_section_iter_next
                0x00027bfe       0x18 examples/experimental_dimming/dimming_client/CMakeFiles/light_switch_dimming_client_nrf52832_xxAA_s132_6.1.0.dir/51fb25f35ea9b598ff44b58fe2e11c09/components/libraries/experimental_section_vars/nrf_section_iter.c.obj
                0x00027bfe                nrf_section_iter_next
 .text.sd_evt_get
                0x00027c16        0x4 examples/experimental_dimming/dimming_client/CMakeFiles/light_switch_dimming_client_nrf52832_xxAA_s132_6.1.0.dir/C_/mesh/deps/nRF5_SDK_15.2.0_9412b96/components/softdevice/common/nrf_sdh_soc.c.obj
 *fill*         0x00027c1a        0x2 
 .text.nrf_sdh_soc_evts_poll
                0x00027c1c       0x3c examples/experimental_dimming/dimming_client/CMakeFiles/light_switch_dimming_client_nrf52832_xxAA_s132_6.1.0.dir/C_/mesh/deps/nRF5_SDK_15.2.0_9412b96/components/softdevice/common/nrf_sdh_soc.c.obj
 .text.sd_ble_enable
                0x00027c58        0x4 examples/experimental_dimming/dimming_client/CMakeFiles/light_switch_dimming_client_nrf52832_xxAA_s132_6.1.0.dir/C_/mesh/deps/nRF5_SDK_15.2.0_9412b96/components/softdevice/common/nrf_sdh_ble.c.obj
 .text.sd_ble_cfg_set
                0x00027c5c        0x4 examples/experimental_dimming/dimming_client/CMakeFiles/light_switch_dimming_client_nrf52832_xxAA_s132_6.1.0.dir/C_/mesh/deps/nRF5_SDK_15.2.0_9412b96/components/softdevice/common/nrf_sdh_ble.c.obj
 .text.sd_ble_evt_get
                0x00027c60        0x4 examples/experimental_dimming/dimming_client/CMakeFiles/light_switch_dimming_client_nrf52832_xxAA_s132_6.1.0.dir/C_/mesh/deps/nRF5_SDK_15.2.0_9412b96/components/softdevice/common/nrf_sdh_ble.c.obj
 .text.nrf_sdh_ble_evts_poll
                0x00027c64       0x50 examples/experimental_dimming/dimming_client/CMakeFiles/light_switch_dimming_client_nrf52832_xxAA_s132_6.1.0.dir/C_/mesh/deps/nRF5_SDK_15.2.0_9412b96/components/softdevice/common/nrf_sdh_ble.c.obj
 .text.nrf_sdh_ble_default_cfg_set
                0x00027cb4       0xd4 examples/experimental_dimming/dimming_client/CMakeFiles/light_switch_dimming_client_nrf52832_xxAA_s132_6.1.0.dir/C_/mesh/deps/nRF5_SDK_15.2.0_9412b96/components/softdevice/common/nrf_sdh_ble.c.obj
                0x00027cb4                nrf_sdh_ble_default_cfg_set
 .text.nrf_sdh_ble_enable
                0x00027d88       0x14 examples/experimental_dimming/dimming_client/CMakeFiles/light_switch_dimming_client_nrf52832_xxAA_s132_6.1.0.dir/C_/mesh/deps/nRF5_SDK_15.2.0_9412b96/components/softdevice/common/nrf_sdh_ble.c.obj
                0x00027d88                nrf_sdh_ble_enable
 .text.sd_softdevice_enable
                0x00027d9c        0x4 examples/experimental_dimming/dimming_client/CMakeFiles/light_switch_dimming_client_nrf52832_xxAA_s132_6.1.0.dir/C_/mesh/deps/nRF5_SDK_15.2.0_9412b96/components/softdevice/common/nrf_sdh.c.obj
 .text.sd_softdevice_disable
                0x00027da0        0x4 examples/experimental_dimming/dimming_client/CMakeFiles/light_switch_dimming_client_nrf52832_xxAA_s132_6.1.0.dir/C_/mesh/deps/nRF5_SDK_15.2.0_9412b96/components/softdevice/common/nrf_sdh.c.obj
 .text.sdh_request_observer_notify
                0x00027da4       0x30 examples/experimental_dimming/dimming_client/CMakeFiles/light_switch_dimming_client_nrf52832_xxAA_s132_6.1.0.dir/C_/mesh/deps/nRF5_SDK_15.2.0_9412b96/components/softdevice/common/nrf_sdh.c.obj
 .text.sdh_state_observer_notify
                0x00027dd4       0x28 examples/experimental_dimming/dimming_client/CMakeFiles/light_switch_dimming_client_nrf52832_xxAA_s132_6.1.0.dir/C_/mesh/deps/nRF5_SDK_15.2.0_9412b96/components/softdevice/common/nrf_sdh.c.obj
 .text.softdevice_evt_irq_disable
                0x00027dfc       0x24 examples/experimental_dimming/dimming_client/CMakeFiles/light_switch_dimming_client_nrf52832_xxAA_s132_6.1.0.dir/C_/mesh/deps/nRF5_SDK_15.2.0_9412b96/components/softdevice/common/nrf_sdh.c.obj
 .text.softdevices_evt_irq_enable
                0x00027e20       0x3c examples/experimental_dimming/dimming_client/CMakeFiles/light_switch_dimming_client_nrf52832_xxAA_s132_6.1.0.dir/C_/mesh/deps/nRF5_SDK_15.2.0_9412b96/components/softdevice/common/nrf_sdh.c.obj
 .text.nrf_sdh_enable_request
                0x00027e5c       0x78 examples/experimental_dimming/dimming_client/CMakeFiles/light_switch_dimming_client_nrf52832_xxAA_s132_6.1.0.dir/C_/mesh/deps/nRF5_SDK_15.2.0_9412b96/components/softdevice/common/nrf_sdh.c.obj
                0x00027e5c                nrf_sdh_enable_request
 .text.nrf_sdh_disable_request
                0x00027ed4       0x60 examples/experimental_dimming/dimming_client/CMakeFiles/light_switch_dimming_client_nrf52832_xxAA_s132_6.1.0.dir/C_/mesh/deps/nRF5_SDK_15.2.0_9412b96/components/softdevice/common/nrf_sdh.c.obj
                0x00027ed4                nrf_sdh_disable_request
 .text.nrf_sdh_evts_poll
                0x00027f34       0x28 examples/experimental_dimming/dimming_client/CMakeFiles/light_switch_dimming_client_nrf52832_xxAA_s132_6.1.0.dir/C_/mesh/deps/nRF5_SDK_15.2.0_9412b96/components/softdevice/common/nrf_sdh.c.obj
                0x00027f34                nrf_sdh_evts_poll
 .text.SWI2_EGU2_IRQHandler
                0x00027f5c        0x4 examples/experimental_dimming/dimming_client/CMakeFiles/light_switch_dimming_client_nrf52832_xxAA_s132_6.1.0.dir/C_/mesh/deps/nRF5_SDK_15.2.0_9412b96/components/softdevice/common/nrf_sdh.c.obj
                0x00027f5c                SWI2_EGU2_IRQHandler
 .text.sd_ble_gap_conn_param_update
                0x00027f60        0x4 examples/experimental_dimming/dimming_client/CMakeFiles/light_switch_dimming_client_nrf52832_xxAA_s132_6.1.0.dir/C_/mesh/deps/nRF5_SDK_15.2.0_9412b96/components/ble/common/ble_conn_params.c.obj
 .text.sd_ble_gap_disconnect
                0x00027f64        0x4 examples/experimental_dimming/dimming_client/CMakeFiles/light_switch_dimming_client_nrf52832_xxAA_s132_6.1.0.dir/C_/mesh/deps/nRF5_SDK_15.2.0_9412b96/components/ble/common/ble_conn_params.c.obj
 .text.sd_ble_gap_ppcp_set
                0x00027f68        0x4 examples/experimental_dimming/dimming_client/CMakeFiles/light_switch_dimming_client_nrf52832_xxAA_s132_6.1.0.dir/C_/mesh/deps/nRF5_SDK_15.2.0_9412b96/components/ble/common/ble_conn_params.c.obj
 .text.sd_ble_gap_ppcp_get
                0x00027f6c        0x4 examples/experimental_dimming/dimming_client/CMakeFiles/light_switch_dimming_client_nrf52832_xxAA_s132_6.1.0.dir/C_/mesh/deps/nRF5_SDK_15.2.0_9412b96/components/ble/common/ble_conn_params.c.obj
 .text.instance_get
                0x00027f70       0x14 examples/experimental_dimming/dimming_client/CMakeFiles/light_switch_dimming_client_nrf52832_xxAA_s132_6.1.0.dir/C_/mesh/deps/nRF5_SDK_15.2.0_9412b96/components/ble/common/ble_conn_params.c.obj
 .text.send_error_evt
                0x00027f84       0x10 examples/experimental_dimming/dimming_client/CMakeFiles/light_switch_dimming_client_nrf52832_xxAA_s132_6.1.0.dir/C_/mesh/deps/nRF5_SDK_15.2.0_9412b96/components/ble/common/ble_conn_params.c.obj
 .text.update_timeout_handler
                0x00027f94       0x6c examples/experimental_dimming/dimming_client/CMakeFiles/light_switch_dimming_client_nrf52832_xxAA_s132_6.1.0.dir/C_/mesh/deps/nRF5_SDK_15.2.0_9412b96/components/ble/common/ble_conn_params.c.obj
 .text.conn_params_negotiation
                0x00028000       0x48 examples/experimental_dimming/dimming_client/CMakeFiles/light_switch_dimming_client_nrf52832_xxAA_s132_6.1.0.dir/C_/mesh/deps/nRF5_SDK_15.2.0_9412b96/components/ble/common/ble_conn_params.c.obj
 .text.is_conn_params_ok.constprop.3
                0x00028048       0x3a examples/experimental_dimming/dimming_client/CMakeFiles/light_switch_dimming_client_nrf52832_xxAA_s132_6.1.0.dir/C_/mesh/deps/nRF5_SDK_15.2.0_9412b96/components/ble/common/ble_conn_params.c.obj
 *fill*         0x00028082        0x2 
 .text.ble_evt_handler
                0x00028084       0xdc examples/experimental_dimming/dimming_client/CMakeFiles/light_switch_dimming_client_nrf52832_xxAA_s132_6.1.0.dir/C_/mesh/deps/nRF5_SDK_15.2.0_9412b96/components/ble/common/ble_conn_params.c.obj
 .text.ble_conn_params_init
                0x00028160       0x74 examples/experimental_dimming/dimming_client/CMakeFiles/light_switch_dimming_client_nrf52832_xxAA_s132_6.1.0.dir/C_/mesh/deps/nRF5_SDK_15.2.0_9412b96/components/ble/common/ble_conn_params.c.obj
                0x00028160                ble_conn_params_init
 .text.ble_srv_is_notification_enabled
                0x000281d4        0x8 examples/experimental_dimming/dimming_client/CMakeFiles/light_switch_dimming_client_nrf52832_xxAA_s132_6.1.0.dir/C_/mesh/deps/nRF5_SDK_15.2.0_9412b96/components/ble/common/ble_srv_common.c.obj
                0x000281d4                ble_srv_is_notification_enabled
 .text._weak_handler
                0x000281dc        0x4 examples/experimental_dimming/dimming_client/CMakeFiles/light_switch_dimming_client_nrf52832_xxAA_s132_6.1.0.dir/__/__/nrf_mesh_weak.c.obj
                0x000281dc                nrf_mesh_dfu_init
                0x000281dc                nrf_mesh_dfu_jump_to_bootloader
                0x000281dc                nrf_mesh_dfu_rx
                0x000281dc                prov_provisioner_provision
                0x000281dc                nrf_mesh_dfu_bank_info_get
                0x000281dc                prov_provisioner_oob_pubkey
                0x000281dc                nrf_mesh_dfu_request
                0x000281dc                nrf_mesh_dfu_bank_flash
                0x000281dc                nrf_mesh_dfu_enable
                0x000281dc                _weak_handler
                0x000281dc                nrf_mesh_dfu_relay
                0x000281dc                nrf_mesh_dfu_abort
                0x000281dc                mesh_flash_op_execute
                0x000281dc                prov_provisionee_init
                0x000281dc                nrf_mesh_dfu_state_get
                0x000281dc                prov_provisioner_shared_secret
                0x000281dc                prov_provisioner_auth_data
                0x000281dc                prov_provisioner_oob_use
 .text.app_error_fault_handler
                0x000281e0      0x208 examples/experimental_dimming/dimming_client/CMakeFiles/light_switch_dimming_client_nrf52832_xxAA_s132_6.1.0.dir/__/__/common/src/app_error_weak.c.obj
                0x000281e0                app_error_fault_handler
 .text.mesh_assertion_handler
                0x000283e8       0x24 examples/experimental_dimming/dimming_client/CMakeFiles/light_switch_dimming_client_nrf52832_xxAA_s132_6.1.0.dir/__/__/common/src/assertion_handler_weak.c.obj
                0x000283e8                mesh_assertion_handler
 .text.nrf_mesh_configure_device_uuid_set
                0x0002840c       0x10 examples/experimental_dimming/dimming_client/CMakeFiles/light_switch_dimming_client_nrf52832_xxAA_s132_6.1.0.dir/__/__/__/mesh/core/src/nrf_mesh_configure.c.obj
                0x0002840c                nrf_mesh_configure_device_uuid_set
 .text.nrf_mesh_configure_device_uuid_reset
                0x0002841c       0x3c examples/experimental_dimming/dimming_client/CMakeFiles/light_switch_dimming_client_nrf52832_xxAA_s132_6.1.0.dir/__/__/__/mesh/core/src/nrf_mesh_configure.c.obj
                0x0002841c                nrf_mesh_configure_device_uuid_reset
 .text.nrf_mesh_configure_device_uuid_get
                0x00028458        0x8 examples/experimental_dimming/dimming_client/CMakeFiles/light_switch_dimming_client_nrf52832_xxAA_s132_6.1.0.dir/__/__/__/mesh/core/src/nrf_mesh_configure.c.obj
                0x00028458                nrf_mesh_configure_device_uuid_get
 .text.msg_cache_init
                0x00028460       0x24 examples/experimental_dimming/dimming_client/CMakeFiles/light_switch_dimming_client_nrf52832_xxAA_s132_6.1.0.dir/__/__/__/mesh/core/src/msg_cache.c.obj
                0x00028460                msg_cache_init
 .text.msg_cache_entry_exists
                0x00028484       0x3c examples/experimental_dimming/dimming_client/CMakeFiles/light_switch_dimming_client_nrf52832_xxAA_s132_6.1.0.dir/__/__/__/mesh/core/src/msg_cache.c.obj
                0x00028484                msg_cache_entry_exists
 .text.msg_cache_entry_add
                0x000284c0       0x2c examples/experimental_dimming/dimming_client/CMakeFiles/light_switch_dimming_client_nrf52832_xxAA_s132_6.1.0.dir/__/__/__/mesh/core/src/msg_cache.c.obj
                0x000284c0                msg_cache_entry_add
 .text.seqauth_sequence_number_get
                0x000284ec       0x12 examples/experimental_dimming/dimming_client/CMakeFiles/light_switch_dimming_client_nrf52832_xxAA_s132_6.1.0.dir/__/__/__/mesh/core/src/transport.c.obj
 *fill*         0x000284fe        0x2 
 .text.control_packet_callback_get
                0x00028500       0x44 examples/experimental_dimming/dimming_client/CMakeFiles/light_switch_dimming_client_nrf52832_xxAA_s132_6.1.0.dir/__/__/__/mesh/core/src/transport.c.obj
 .text.tx_complete
                0x00028544       0x2c examples/experimental_dimming/dimming_client/CMakeFiles/light_switch_dimming_client_nrf52832_xxAA_s132_6.1.0.dir/__/__/__/mesh/core/src/transport.c.obj
 .text.block_ack_full
                0x00028570       0x1a examples/experimental_dimming/dimming_client/CMakeFiles/light_switch_dimming_client_nrf52832_xxAA_s132_6.1.0.dir/__/__/__/mesh/core/src/transport.c.obj
 *fill*         0x0002858a        0x2 
 .text.sar_rx_session_mark_as_handled
                0x0002858c       0x48 examples/experimental_dimming/dimming_client/CMakeFiles/light_switch_dimming_client_nrf52832_xxAA_s132_6.1.0.dir/__/__/__/mesh/core/src/transport.c.obj
 .text.upper_trs_packet_encrypt
                0x000285d4       0x90 examples/experimental_dimming/dimming_client/CMakeFiles/light_switch_dimming_client_nrf52832_xxAA_s132_6.1.0.dir/__/__/__/mesh/core/src/transport.c.obj
 .text.sar_ctx_free
                0x00028664       0x4e examples/experimental_dimming/dimming_client/CMakeFiles/light_switch_dimming_client_nrf52832_xxAA_s132_6.1.0.dir/__/__/__/mesh/core/src/transport.c.obj
 .text.sar_ctx_tx_complete
                0x000286b2       0x2e examples/experimental_dimming/dimming_client/CMakeFiles/light_switch_dimming_client_nrf52832_xxAA_s132_6.1.0.dir/__/__/__/mesh/core/src/transport.c.obj
 .text.sar_ctx_alloc
                0x000286e0       0xd0 examples/experimental_dimming/dimming_client/CMakeFiles/light_switch_dimming_client_nrf52832_xxAA_s132_6.1.0.dir/__/__/__/mesh/core/src/transport.c.obj
 .text.test_transport_decrypt
                0x000287b0       0x88 examples/experimental_dimming/dimming_client/CMakeFiles/light_switch_dimming_client_nrf52832_xxAA_s132_6.1.0.dir/__/__/__/mesh/core/src/transport.c.obj
 .text.upper_transport_access_packet_in
                0x00028838      0x19c examples/experimental_dimming/dimming_client/CMakeFiles/light_switch_dimming_client_nrf52832_xxAA_s132_6.1.0.dir/__/__/__/mesh/core/src/transport.c.obj
 .text.trs_packet_header_build
                0x000289d4       0xa6 examples/experimental_dimming/dimming_client/CMakeFiles/light_switch_dimming_client_nrf52832_xxAA_s132_6.1.0.dir/__/__/__/mesh/core/src/transport.c.obj
 *fill*         0x00028a7a        0x2 
 .text.tx_retry_timer_reset
                0x00028a7c       0x40 examples/experimental_dimming/dimming_client/CMakeFiles/light_switch_dimming_client_nrf52832_xxAA_s132_6.1.0.dir/__/__/__/mesh/core/src/transport.c.obj
 .text.sar_ctx_cancel
                0x00028abc       0xa8 examples/experimental_dimming/dimming_client/CMakeFiles/light_switch_dimming_client_nrf52832_xxAA_s132_6.1.0.dir/__/__/__/mesh/core/src/transport.c.obj
 .text.abort_timeout
                0x00028b64        0x8 examples/experimental_dimming/dimming_client/CMakeFiles/light_switch_dimming_client_nrf52832_xxAA_s132_6.1.0.dir/__/__/__/mesh/core/src/transport.c.obj
 .text.retry_timeout
                0x00028b6c       0x4c examples/experimental_dimming/dimming_client/CMakeFiles/light_switch_dimming_client_nrf52832_xxAA_s132_6.1.0.dir/__/__/__/mesh/core/src/transport.c.obj
 .text.trs_sar_packet_out
                0x00028bb8       0xf8 examples/experimental_dimming/dimming_client/CMakeFiles/light_switch_dimming_client_nrf52832_xxAA_s132_6.1.0.dir/__/__/__/mesh/core/src/transport.c.obj
 .text.upper_transport_packet_in
                0x00028cb0      0x158 examples/experimental_dimming/dimming_client/CMakeFiles/light_switch_dimming_client_nrf52832_xxAA_s132_6.1.0.dir/__/__/__/mesh/core/src/transport.c.obj
 .text.segmented_packet_tx
                0x00028e08      0x13c examples/experimental_dimming/dimming_client/CMakeFiles/light_switch_dimming_client_nrf52832_xxAA_s132_6.1.0.dir/__/__/__/mesh/core/src/transport.c.obj
 .text.upper_transport_tx
                0x00028f44       0xba examples/experimental_dimming/dimming_client/CMakeFiles/light_switch_dimming_client_nrf52832_xxAA_s132_6.1.0.dir/__/__/__/mesh/core/src/transport.c.obj
 *fill*         0x00028ffe        0x2 
 .text.transport_init
                0x00029000       0x88 examples/experimental_dimming/dimming_client/CMakeFiles/light_switch_dimming_client_nrf52832_xxAA_s132_6.1.0.dir/__/__/__/mesh/core/src/transport.c.obj
                0x00029000                transport_init
 .text.transport_enable
                0x00029088        0x4 examples/experimental_dimming/dimming_client/CMakeFiles/light_switch_dimming_client_nrf52832_xxAA_s132_6.1.0.dir/__/__/__/mesh/core/src/transport.c.obj
                0x00029088                transport_enable
 .text.transport_tx
                0x0002908c       0xb8 examples/experimental_dimming/dimming_client/CMakeFiles/light_switch_dimming_client_nrf52832_xxAA_s132_6.1.0.dir/__/__/__/mesh/core/src/transport.c.obj
                0x0002908c                transport_tx
 .text.transport_control_tx
                0x00029144       0x94 examples/experimental_dimming/dimming_client/CMakeFiles/light_switch_dimming_client_nrf52832_xxAA_s132_6.1.0.dir/__/__/__/mesh/core/src/transport.c.obj
                0x00029144                transport_control_tx
 .text.sar_ack_send
                0x000291d8       0xa8 examples/experimental_dimming/dimming_client/CMakeFiles/light_switch_dimming_client_nrf52832_xxAA_s132_6.1.0.dir/__/__/__/mesh/core/src/transport.c.obj
 .text.transport_sar_process
                0x00029280       0x80 examples/experimental_dimming/dimming_client/CMakeFiles/light_switch_dimming_client_nrf52832_xxAA_s132_6.1.0.dir/__/__/__/mesh/core/src/transport.c.obj
 .text.transport_packet_in
                0x00029300      0x424 examples/experimental_dimming/dimming_client/CMakeFiles/light_switch_dimming_client_nrf52832_xxAA_s132_6.1.0.dir/__/__/__/mesh/core/src/transport.c.obj
                0x00029300                transport_packet_in
 .text.ack_timeout
                0x00029724       0x28 examples/experimental_dimming/dimming_client/CMakeFiles/light_switch_dimming_client_nrf52832_xxAA_s132_6.1.0.dir/__/__/__/mesh/core/src/transport.c.obj
 .text.transport_control_packet_consumer_add
                0x0002974c       0x5c examples/experimental_dimming/dimming_client/CMakeFiles/light_switch_dimming_client_nrf52832_xxAA_s132_6.1.0.dir/__/__/__/mesh/core/src/transport.c.obj
                0x0002974c                transport_control_packet_consumer_add
 .text.event_handle
                0x000297a8       0x54 examples/experimental_dimming/dimming_client/CMakeFiles/light_switch_dimming_client_nrf52832_xxAA_s132_6.1.0.dir/__/__/__/mesh/core/src/event.c.obj
                0x000297a8                event_handle
 .text.event_handler_add
                0x000297fc       0x20 examples/experimental_dimming/dimming_client/CMakeFiles/light_switch_dimming_client_nrf52832_xxAA_s132_6.1.0.dir/__/__/__/mesh/core/src/event.c.obj
                0x000297fc                event_handler_add
 .text.event_handler_remove
                0x0002981c       0x34 examples/experimental_dimming/dimming_client/CMakeFiles/light_switch_dimming_client_nrf52832_xxAA_s132_6.1.0.dir/__/__/__/mesh/core/src/event.c.obj
                0x0002981c                event_handler_remove
 .text.m_index_increment
                0x00029850       0x1e examples/experimental_dimming/dimming_client/CMakeFiles/light_switch_dimming_client_nrf52832_xxAA_s132_6.1.0.dir/__/__/__/mesh/core/src/packet_buffer.c.obj
 .text.m_get_next_packet
                0x0002986e       0x1c examples/experimental_dimming/dimming_client/CMakeFiles/light_switch_dimming_client_nrf52832_xxAA_s132_6.1.0.dir/__/__/__/mesh/core/src/packet_buffer.c.obj
 .text.packet_buffer_init
                0x0002988a       0xac examples/experimental_dimming/dimming_client/CMakeFiles/light_switch_dimming_client_nrf52832_xxAA_s132_6.1.0.dir/__/__/__/mesh/core/src/packet_buffer.c.obj
                0x0002988a                packet_buffer_init
 .text.packet_buffer_flush
                0x00029936       0x50 examples/experimental_dimming/dimming_client/CMakeFiles/light_switch_dimming_client_nrf52832_xxAA_s132_6.1.0.dir/__/__/__/mesh/core/src/packet_buffer.c.obj
                0x00029936                packet_buffer_flush
 .text.packet_buffer_reserve
                0x00029986       0xa4 examples/experimental_dimming/dimming_client/CMakeFiles/light_switch_dimming_client_nrf52832_xxAA_s132_6.1.0.dir/__/__/__/mesh/core/src/packet_buffer.c.obj
                0x00029986                packet_buffer_reserve
 .text.packet_buffer_commit
                0x00029a2a       0x62 examples/experimental_dimming/dimming_client/CMakeFiles/light_switch_dimming_client_nrf52832_xxAA_s132_6.1.0.dir/__/__/__/mesh/core/src/packet_buffer.c.obj
                0x00029a2a                packet_buffer_commit
 .text.packet_buffer_pop
                0x00029a8c       0x5a examples/experimental_dimming/dimming_client/CMakeFiles/light_switch_dimming_client_nrf52832_xxAA_s132_6.1.0.dir/__/__/__/mesh/core/src/packet_buffer.c.obj
                0x00029a8c                packet_buffer_pop
 .text.packet_buffer_can_pop
                0x00029ae6       0x34 examples/experimental_dimming/dimming_client/CMakeFiles/light_switch_dimming_client_nrf52832_xxAA_s132_6.1.0.dir/__/__/__/mesh/core/src/packet_buffer.c.obj
                0x00029ae6                packet_buffer_can_pop
 .text.packet_buffer_packets_ready_to_pop
                0x00029b1a       0x36 examples/experimental_dimming/dimming_client/CMakeFiles/light_switch_dimming_client_nrf52832_xxAA_s132_6.1.0.dir/__/__/__/mesh/core/src/packet_buffer.c.obj
                0x00029b1a                packet_buffer_packets_ready_to_pop
 .text.packet_buffer_free
                0x00029b50       0x74 examples/experimental_dimming/dimming_client/CMakeFiles/light_switch_dimming_client_nrf52832_xxAA_s132_6.1.0.dir/__/__/__/mesh/core/src/packet_buffer.c.obj
                0x00029b50                packet_buffer_free
 .text.packet_buffer_is_empty
                0x00029bc4       0x28 examples/experimental_dimming/dimming_client/CMakeFiles/light_switch_dimming_client_nrf52832_xxAA_s132_6.1.0.dir/__/__/__/mesh/core/src/packet_buffer.c.obj
                0x00029bc4                packet_buffer_is_empty
 .text.get_last_page
                0x00029bec       0x14 examples/experimental_dimming/dimming_client/CMakeFiles/light_switch_dimming_client_nrf52832_xxAA_s132_6.1.0.dir/__/__/__/mesh/core/src/flash_manager_defrag.c.obj
 .text.defrag_on_end
                0x00029c00       0x1c examples/experimental_dimming/dimming_client/CMakeFiles/light_switch_dimming_client_nrf52832_xxAA_s132_6.1.0.dir/__/__/__/mesh/core/src/flash_manager_defrag.c.obj
 .text.execute_procedure_step
                0x00029c1c       0x7c examples/experimental_dimming/dimming_client/CMakeFiles/light_switch_dimming_client_nrf52832_xxAA_s132_6.1.0.dir/__/__/__/mesh/core/src/flash_manager_defrag.c.obj
 .text.get_next_entry
                0x00029c98       0x34 examples/experimental_dimming/dimming_client/CMakeFiles/light_switch_dimming_client_nrf52832_xxAA_s132_6.1.0.dir/__/__/__/mesh/core/src/flash_manager_defrag.c.obj
 .text.get_next_data_entry
                0x00029ccc       0x26 examples/experimental_dimming/dimming_client/CMakeFiles/light_switch_dimming_client_nrf52832_xxAA_s132_6.1.0.dir/__/__/__/mesh/core/src/flash_manager_defrag.c.obj
 *fill*         0x00029cf2        0x2 
 .text.on_flash_op_end
                0x00029cf4       0x30 examples/experimental_dimming/dimming_client/CMakeFiles/light_switch_dimming_client_nrf52832_xxAA_s132_6.1.0.dir/__/__/__/mesh/core/src/flash_manager_defrag.c.obj
 .text.check_for_invalid_entries
                0x00029d24       0x38 examples/experimental_dimming/dimming_client/CMakeFiles/light_switch_dimming_client_nrf52832_xxAA_s132_6.1.0.dir/__/__/__/mesh/core/src/flash_manager_defrag.c.obj
 .text.erase_recovery_area
                0x00029d5c       0x34 examples/experimental_dimming/dimming_client/CMakeFiles/light_switch_dimming_client_nrf52832_xxAA_s132_6.1.0.dir/__/__/__/mesh/core/src/flash_manager_defrag.c.obj
 .text.flash.constprop.6
                0x00029d90       0x24 examples/experimental_dimming/dimming_client/CMakeFiles/light_switch_dimming_client_nrf52832_xxAA_s132_6.1.0.dir/__/__/__/mesh/core/src/flash_manager_defrag.c.obj
 .text.invalidate_duplicate_entries
                0x00029db4       0xac examples/experimental_dimming/dimming_client/CMakeFiles/light_switch_dimming_client_nrf52832_xxAA_s132_6.1.0.dir/__/__/__/mesh/core/src/flash_manager_defrag.c.obj
 .text.seal_storage_page
                0x00029e60       0x50 examples/experimental_dimming/dimming_client/CMakeFiles/light_switch_dimming_client_nrf52832_xxAA_s132_6.1.0.dir/__/__/__/mesh/core/src/flash_manager_defrag.c.obj
 .text.copy_metadata
                0x00029eb0       0x3c examples/experimental_dimming/dimming_client/CMakeFiles/light_switch_dimming_client_nrf52832_xxAA_s132_6.1.0.dir/__/__/__/mesh/core/src/flash_manager_defrag.c.obj
 .text.write_defrag_start_pointer
                0x00029eec       0x20 examples/experimental_dimming/dimming_client/CMakeFiles/light_switch_dimming_client_nrf52832_xxAA_s132_6.1.0.dir/__/__/__/mesh/core/src/flash_manager_defrag.c.obj
 .text.write_back
                0x00029f0c       0x28 examples/experimental_dimming/dimming_client/CMakeFiles/light_switch_dimming_client_nrf52832_xxAA_s132_6.1.0.dir/__/__/__/mesh/core/src/flash_manager_defrag.c.obj
 .text.post_process
                0x00029f34       0x40 examples/experimental_dimming/dimming_client/CMakeFiles/light_switch_dimming_client_nrf52832_xxAA_s132_6.1.0.dir/__/__/__/mesh/core/src/flash_manager_defrag.c.obj
 .text.backup_entries
                0x00029f74       0xdc examples/experimental_dimming/dimming_client/CMakeFiles/light_switch_dimming_client_nrf52832_xxAA_s132_6.1.0.dir/__/__/__/mesh/core/src/flash_manager_defrag.c.obj
 .text.erase_source
                0x0002a050       0x34 examples/experimental_dimming/dimming_client/CMakeFiles/light_switch_dimming_client_nrf52832_xxAA_s132_6.1.0.dir/__/__/__/mesh/core/src/flash_manager_defrag.c.obj
 .text.flash_manager_defrag_init
                0x0002a084       0x8c examples/experimental_dimming/dimming_client/CMakeFiles/light_switch_dimming_client_nrf52832_xxAA_s132_6.1.0.dir/__/__/__/mesh/core/src/flash_manager_defrag.c.obj
                0x0002a084                flash_manager_defrag_init
 .text.flash_manager_defragging
                0x0002a110       0x38 examples/experimental_dimming/dimming_client/CMakeFiles/light_switch_dimming_client_nrf52832_xxAA_s132_6.1.0.dir/__/__/__/mesh/core/src/flash_manager_defrag.c.obj
                0x0002a110                flash_manager_defragging
 .text.flash_manager_defrag_is_running
                0x0002a148       0x10 examples/experimental_dimming/dimming_client/CMakeFiles/light_switch_dimming_client_nrf52832_xxAA_s132_6.1.0.dir/__/__/__/mesh/core/src/flash_manager_defrag.c.obj
                0x0002a148                flash_manager_defrag_is_running
 .text.flash_manager_defrag
                0x0002a158       0x44 examples/experimental_dimming/dimming_client/CMakeFiles/light_switch_dimming_client_nrf52832_xxAA_s132_6.1.0.dir/__/__/__/mesh/core/src/flash_manager_defrag.c.obj
                0x0002a158                flash_manager_defrag
 .text.flash_manager_defrag_recovery_page_get
                0x0002a19c        0xc examples/experimental_dimming/dimming_client/CMakeFiles/light_switch_dimming_client_nrf52832_xxAA_s132_6.1.0.dir/__/__/__/mesh/core/src/flash_manager_defrag.c.obj
                0x0002a19c                flash_manager_defrag_recovery_page_get
 .text.fifo_init
                0x0002a1a8       0x34 examples/experimental_dimming/dimming_client/CMakeFiles/light_switch_dimming_client_nrf52832_xxAA_s132_6.1.0.dir/__/__/__/mesh/core/src/fifo.c.obj
                0x0002a1a8                fifo_init
 .text.fifo_pop
                0x0002a1dc       0x52 examples/experimental_dimming/dimming_client/CMakeFiles/light_switch_dimming_client_nrf52832_xxAA_s132_6.1.0.dir/__/__/__/mesh/core/src/fifo.c.obj
                0x0002a1dc                fifo_pop
 *fill*         0x0002a22e        0x2 
 .text.wait_for_ready
                0x0002a230       0x10 examples/experimental_dimming/dimming_client/CMakeFiles/light_switch_dimming_client_nrf52832_xxAA_s132_6.1.0.dir/__/__/__/mesh/core/src/nrf_flash.c.obj
 .text.nrf_flash_erase
                0x0002a240       0x50 examples/experimental_dimming/dimming_client/CMakeFiles/light_switch_dimming_client_nrf52832_xxAA_s132_6.1.0.dir/__/__/__/mesh/core/src/nrf_flash.c.obj
                0x0002a240                nrf_flash_erase
 .text.nrf_flash_write
                0x0002a290       0x50 examples/experimental_dimming/dimming_client/CMakeFiles/light_switch_dimming_client_nrf52832_xxAA_s132_6.1.0.dir/__/__/__/mesh/core/src/nrf_flash.c.obj
                0x0002a290                nrf_flash_write
 .text.entry_recover_cb
                0x0002a2e0       0x18 examples/experimental_dimming/dimming_client/CMakeFiles/light_switch_dimming_client_nrf52832_xxAA_s132_6.1.0.dir/__/__/__/mesh/core/src/net_state.c.obj
 .text.flash_store_iv_index
                0x0002a2f8       0x38 examples/experimental_dimming/dimming_client/CMakeFiles/light_switch_dimming_client_nrf52832_xxAA_s132_6.1.0.dir/__/__/__/mesh/core/src/net_state.c.obj
 .text.flash_mem_available
                0x0002a330       0x14 examples/experimental_dimming/dimming_client/CMakeFiles/light_switch_dimming_client_nrf52832_xxAA_s132_6.1.0.dir/__/__/__/mesh/core/src/net_state.c.obj
 .text.iv_index_notify
                0x0002a344       0x30 examples/experimental_dimming/dimming_client/CMakeFiles/light_switch_dimming_client_nrf52832_xxAA_s132_6.1.0.dir/__/__/__/mesh/core/src/net_state.c.obj
 .text.seqnum_block_allocate
                0x0002a374       0x4c examples/experimental_dimming/dimming_client/CMakeFiles/light_switch_dimming_client_nrf52832_xxAA_s132_6.1.0.dir/__/__/__/mesh/core/src/net_state.c.obj
 .text.net_state_reset
                0x0002a3c0       0x48 examples/experimental_dimming/dimming_client/CMakeFiles/light_switch_dimming_client_nrf52832_xxAA_s132_6.1.0.dir/__/__/__/mesh/core/src/net_state.c.obj
                0x0002a3c0                net_state_reset
 .text.flash_write_complete
                0x0002a408       0x64 examples/experimental_dimming/dimming_client/CMakeFiles/light_switch_dimming_client_nrf52832_xxAA_s132_6.1.0.dir/__/__/__/mesh/core/src/net_state.c.obj
 .text.net_state_recover_from_flash
                0x0002a46c       0x60 examples/experimental_dimming/dimming_client/CMakeFiles/light_switch_dimming_client_nrf52832_xxAA_s132_6.1.0.dir/__/__/__/mesh/core/src/net_state.c.obj
                0x0002a46c                net_state_recover_from_flash
 .text.net_state_flash_area_get
                0x0002a4cc        0xc examples/experimental_dimming/dimming_client/CMakeFiles/light_switch_dimming_client_nrf52832_xxAA_s132_6.1.0.dir/__/__/__/mesh/core/src/net_state.c.obj
                0x0002a4cc                net_state_flash_area_get
 .text.init_flash_storage
                0x0002a4d8       0x40 examples/experimental_dimming/dimming_client/CMakeFiles/light_switch_dimming_client_nrf52832_xxAA_s132_6.1.0.dir/__/__/__/mesh/core/src/net_state.c.obj
 .text.net_state_init
                0x0002a518       0x44 examples/experimental_dimming/dimming_client/CMakeFiles/light_switch_dimming_client_nrf52832_xxAA_s132_6.1.0.dir/__/__/__/mesh/core/src/net_state.c.obj
                0x0002a518                net_state_init
 .text.net_state_enable
                0x0002a55c       0x30 examples/experimental_dimming/dimming_client/CMakeFiles/light_switch_dimming_client_nrf52832_xxAA_s132_6.1.0.dir/__/__/__/mesh/core/src/net_state.c.obj
                0x0002a55c                net_state_enable
 .text.net_state_iv_update_start
                0x0002a58c       0x50 examples/experimental_dimming/dimming_client/CMakeFiles/light_switch_dimming_client_nrf52832_xxAA_s132_6.1.0.dir/__/__/__/mesh/core/src/net_state.c.obj
                0x0002a58c                net_state_iv_update_start
 .text.iv_update_trigger_if_pending
                0x0002a5dc       0x6c examples/experimental_dimming/dimming_client/CMakeFiles/light_switch_dimming_client_nrf52832_xxAA_s132_6.1.0.dir/__/__/__/mesh/core/src/net_state.c.obj
 .text.iv_update_timer_handler
                0x0002a648       0x68 examples/experimental_dimming/dimming_client/CMakeFiles/light_switch_dimming_client_nrf52832_xxAA_s132_6.1.0.dir/__/__/__/mesh/core/src/net_state.c.obj
 .text.mesh_evt_handler
                0x0002a6b0       0x90 examples/experimental_dimming/dimming_client/CMakeFiles/light_switch_dimming_client_nrf52832_xxAA_s132_6.1.0.dir/__/__/__/mesh/core/src/net_state.c.obj
 .text.net_state_seqnum_alloc
                0x0002a740       0x68 examples/experimental_dimming/dimming_client/CMakeFiles/light_switch_dimming_client_nrf52832_xxAA_s132_6.1.0.dir/__/__/__/mesh/core/src/net_state.c.obj
                0x0002a740                net_state_seqnum_alloc
 .text.net_state_iv_index_lock
                0x0002a7a8       0x3c examples/experimental_dimming/dimming_client/CMakeFiles/light_switch_dimming_client_nrf52832_xxAA_s132_6.1.0.dir/__/__/__/mesh/core/src/net_state.c.obj
                0x0002a7a8                net_state_iv_index_lock
 .text.net_state_key_refresh_phase_changed
                0x0002a7e4       0x20 examples/experimental_dimming/dimming_client/CMakeFiles/light_switch_dimming_client_nrf52832_xxAA_s132_6.1.0.dir/__/__/__/mesh/core/src/net_state.c.obj
                0x0002a7e4                net_state_key_refresh_phase_changed
 .text.net_state_beacon_iv_index_get
                0x0002a804        0xc examples/experimental_dimming/dimming_client/CMakeFiles/light_switch_dimming_client_nrf52832_xxAA_s132_6.1.0.dir/__/__/__/mesh/core/src/net_state.c.obj
                0x0002a804                net_state_beacon_iv_index_get
 .text.net_state_tx_iv_index_get
                0x0002a810       0x14 examples/experimental_dimming/dimming_client/CMakeFiles/light_switch_dimming_client_nrf52832_xxAA_s132_6.1.0.dir/__/__/__/mesh/core/src/net_state.c.obj
                0x0002a810                net_state_tx_iv_index_get
 .text.net_state_rx_iv_index_get
                0x0002a824       0x18 examples/experimental_dimming/dimming_client/CMakeFiles/light_switch_dimming_client_nrf52832_xxAA_s132_6.1.0.dir/__/__/__/mesh/core/src/net_state.c.obj
                0x0002a824                net_state_rx_iv_index_get
 .text.net_state_iv_update_get
                0x0002a83c        0xc examples/experimental_dimming/dimming_client/CMakeFiles/light_switch_dimming_client_nrf52832_xxAA_s132_6.1.0.dir/__/__/__/mesh/core/src/net_state.c.obj
                0x0002a83c                net_state_iv_update_get
 .text.net_state_iv_index_set
                0x0002a848       0x34 examples/experimental_dimming/dimming_client/CMakeFiles/light_switch_dimming_client_nrf52832_xxAA_s132_6.1.0.dir/__/__/__/mesh/core/src/net_state.c.obj
                0x0002a848                net_state_iv_index_set
 .text.send_end_events
                0x0002a87c       0x84 examples/experimental_dimming/dimming_client/CMakeFiles/light_switch_dimming_client_nrf52832_xxAA_s132_6.1.0.dir/__/__/__/mesh/core/src/mesh_flash.c.obj
 .text.flash_op_action_prepare
                0x0002a900       0x78 examples/experimental_dimming/dimming_client/CMakeFiles/light_switch_dimming_client_nrf52832_xxAA_s132_6.1.0.dir/__/__/__/mesh/core/src/mesh_flash.c.obj
 .text.flash_op_schedule
                0x0002a978       0x20 examples/experimental_dimming/dimming_client/CMakeFiles/light_switch_dimming_client_nrf52832_xxAA_s132_6.1.0.dir/__/__/__/mesh/core/src/mesh_flash.c.obj
 .text.flash_op_start
                0x0002a998      0x13c examples/experimental_dimming/dimming_client/CMakeFiles/light_switch_dimming_client_nrf52832_xxAA_s132_6.1.0.dir/__/__/__/mesh/core/src/mesh_flash.c.obj
 .text.mesh_flash_init
                0x0002aad4       0x88 examples/experimental_dimming/dimming_client/CMakeFiles/light_switch_dimming_client_nrf52832_xxAA_s132_6.1.0.dir/__/__/__/mesh/core/src/mesh_flash.c.obj
                0x0002aad4                mesh_flash_init
 .text.mesh_flash_user_callback_set
                0x0002ab5c       0x20 examples/experimental_dimming/dimming_client/CMakeFiles/light_switch_dimming_client_nrf52832_xxAA_s132_6.1.0.dir/__/__/__/mesh/core/src/mesh_flash.c.obj
                0x0002ab5c                mesh_flash_user_callback_set
 .text.mesh_flash_op_push
                0x0002ab7c      0x10c examples/experimental_dimming/dimming_client/CMakeFiles/light_switch_dimming_client_nrf52832_xxAA_s132_6.1.0.dir/__/__/__/mesh/core/src/mesh_flash.c.obj
                0x0002ab7c                mesh_flash_op_push
 .text.mesh_flash_set_suspended
                0x0002ac88       0x74 examples/experimental_dimming/dimming_client/CMakeFiles/light_switch_dimming_client_nrf52832_xxAA_s132_6.1.0.dir/__/__/__/mesh/core/src/mesh_flash.c.obj
                0x0002ac88                mesh_flash_set_suspended
 .text.nrf_mesh_address_type_get
                0x0002acfc       0x10 examples/experimental_dimming/dimming_client/CMakeFiles/light_switch_dimming_client_nrf52832_xxAA_s132_6.1.0.dir/__/__/__/mesh/core/src/nrf_mesh_utils.c.obj
                0x0002acfc                nrf_mesh_address_type_get
 .text.sd_softdevice_is_enabled
                0x0002ad0c        0x4 examples/experimental_dimming/dimming_client/CMakeFiles/light_switch_dimming_client_nrf52832_xxAA_s132_6.1.0.dir/__/__/__/mesh/core/src/nrf_mesh.c.obj
 .text.nrf_mesh_listen
                0x0002ad10      0x138 examples/experimental_dimming/dimming_client/CMakeFiles/light_switch_dimming_client_nrf52832_xxAA_s132_6.1.0.dir/__/__/__/mesh/core/src/nrf_mesh.c.obj
 .text.scanner_packet_process_cb
                0x0002ae48       0x8c examples/experimental_dimming/dimming_client/CMakeFiles/light_switch_dimming_client_nrf52832_xxAA_s132_6.1.0.dir/__/__/__/mesh/core/src/nrf_mesh.c.obj
 .text.bearer_stopped_cb
                0x0002aed4       0x30 examples/experimental_dimming/dimming_client/CMakeFiles/light_switch_dimming_client_nrf52832_xxAA_s132_6.1.0.dir/__/__/__/mesh/core/src/nrf_mesh.c.obj
 .text.nrf_mesh_init
                0x0002af04       0xcc examples/experimental_dimming/dimming_client/CMakeFiles/light_switch_dimming_client_nrf52832_xxAA_s132_6.1.0.dir/__/__/__/mesh/core/src/nrf_mesh.c.obj
                0x0002af04                nrf_mesh_init
 .text.nrf_mesh_enable
                0x0002afd0       0xac examples/experimental_dimming/dimming_client/CMakeFiles/light_switch_dimming_client_nrf52832_xxAA_s132_6.1.0.dir/__/__/__/mesh/core/src/nrf_mesh.c.obj
                0x0002afd0                nrf_mesh_enable
 .text.nrf_mesh_disable
                0x0002b07c       0x2c examples/experimental_dimming/dimming_client/CMakeFiles/light_switch_dimming_client_nrf52832_xxAA_s132_6.1.0.dir/__/__/__/mesh/core/src/nrf_mesh.c.obj
                0x0002b07c                nrf_mesh_disable
 .text.nrf_mesh_packet_send
                0x0002b0a8        0x4 examples/experimental_dimming/dimming_client/CMakeFiles/light_switch_dimming_client_nrf52832_xxAA_s132_6.1.0.dir/__/__/__/mesh/core/src/nrf_mesh.c.obj
                0x0002b0a8                nrf_mesh_packet_send
 .text.nrf_mesh_evt_handler_add
                0x0002b0ac        0x4 examples/experimental_dimming/dimming_client/CMakeFiles/light_switch_dimming_client_nrf52832_xxAA_s132_6.1.0.dir/__/__/__/mesh/core/src/nrf_mesh.c.obj
                0x0002b0ac                nrf_mesh_evt_handler_add
 .text.nrf_mesh_evt_handler_remove
                0x0002b0b0        0x4 examples/experimental_dimming/dimming_client/CMakeFiles/light_switch_dimming_client_nrf52832_xxAA_s132_6.1.0.dir/__/__/__/mesh/core/src/nrf_mesh.c.obj
                0x0002b0b0                nrf_mesh_evt_handler_remove
 .text.nrf_mesh_on_sd_evt
                0x0002b0b4        0xa examples/experimental_dimming/dimming_client/CMakeFiles/light_switch_dimming_client_nrf52832_xxAA_s132_6.1.0.dir/__/__/__/mesh/core/src/nrf_mesh.c.obj
                0x0002b0b4                nrf_mesh_on_sd_evt
 .text.nrf_mesh_subnet_added
                0x0002b0be        0x4 examples/experimental_dimming/dimming_client/CMakeFiles/light_switch_dimming_client_nrf52832_xxAA_s132_6.1.0.dir/__/__/__/mesh/core/src/nrf_mesh.c.obj
                0x0002b0be                nrf_mesh_subnet_added
 *fill*         0x0002b0c2        0x2 
 .text.nrf_mesh_unique_token_get
                0x0002b0c4       0x18 examples/experimental_dimming/dimming_client/CMakeFiles/light_switch_dimming_client_nrf52832_xxAA_s132_6.1.0.dir/__/__/__/mesh/core/src/nrf_mesh.c.obj
                0x0002b0c4                nrf_mesh_unique_token_get
 .text.queue_init
                0x0002b0dc       0x14 examples/experimental_dimming/dimming_client/CMakeFiles/light_switch_dimming_client_nrf52832_xxAA_s132_6.1.0.dir/__/__/__/mesh/core/src/queue.c.obj
                0x0002b0dc                queue_init
 .text.queue_push
                0x0002b0f0       0x34 examples/experimental_dimming/dimming_client/CMakeFiles/light_switch_dimming_client_nrf52832_xxAA_s132_6.1.0.dir/__/__/__/mesh/core/src/queue.c.obj
                0x0002b0f0                queue_push
 .text.queue_pop
                0x0002b124       0x26 examples/experimental_dimming/dimming_client/CMakeFiles/light_switch_dimming_client_nrf52832_xxAA_s132_6.1.0.dir/__/__/__/mesh/core/src/queue.c.obj
                0x0002b124                queue_pop
 .text.queue_peek
                0x0002b14a       0x10 examples/experimental_dimming/dimming_client/CMakeFiles/light_switch_dimming_client_nrf52832_xxAA_s132_6.1.0.dir/__/__/__/mesh/core/src/queue.c.obj
                0x0002b14a                queue_peek
 .text.sd_power_reset_reason_clr
                0x0002b15a        0x4 examples/experimental_dimming/dimming_client/CMakeFiles/light_switch_dimming_client_nrf52832_xxAA_s132_6.1.0.dir/__/__/__/mesh/core/src/hal.c.obj
 .text.sd_power_gpregret_set
                0x0002b15e        0x4 examples/experimental_dimming/dimming_client/CMakeFiles/light_switch_dimming_client_nrf52832_xxAA_s132_6.1.0.dir/__/__/__/mesh/core/src/hal.c.obj
 *fill*         0x0002b162        0x2 
 .text.hal_device_reset
                0x0002b164       0x38 examples/experimental_dimming/dimming_client/CMakeFiles/light_switch_dimming_client_nrf52832_xxAA_s132_6.1.0.dir/__/__/__/mesh/core/src/hal.c.obj
                0x0002b164                hal_device_reset
 .text.hal_lfclk_ppm_get
                0x0002b19c       0x14 examples/experimental_dimming/dimming_client/CMakeFiles/light_switch_dimming_client_nrf52832_xxAA_s132_6.1.0.dir/__/__/__/mesh/core/src/hal.c.obj
                0x0002b19c                hal_lfclk_ppm_get
 .text.hal_irq_active_get
                0x0002b1b0       0x10 examples/experimental_dimming/dimming_client/CMakeFiles/light_switch_dimming_client_nrf52832_xxAA_s132_6.1.0.dir/__/__/__/mesh/core/src/hal.c.obj
                0x0002b1b0                hal_irq_active_get
 .text.hal_irq_is_enabled
                0x0002b1c0       0x28 examples/experimental_dimming/dimming_client/CMakeFiles/light_switch_dimming_client_nrf52832_xxAA_s132_6.1.0.dir/__/__/__/mesh/core/src/hal.c.obj
                0x0002b1c0                hal_irq_is_enabled
 .text.sd_ecb_block_encrypt
                0x0002b1e8        0x4 examples/experimental_dimming/dimming_client/CMakeFiles/light_switch_dimming_client_nrf52832_xxAA_s132_6.1.0.dir/__/__/__/mesh/core/src/aes_cmac.c.obj
 .text.utils_xor.constprop.1
                0x0002b1ec       0x20 examples/experimental_dimming/dimming_client/CMakeFiles/light_switch_dimming_client_nrf52832_xxAA_s132_6.1.0.dir/__/__/__/mesh/core/src/aes_cmac.c.obj
 .text.aes_cmac
                0x0002b20c      0x112 examples/experimental_dimming/dimming_client/CMakeFiles/light_switch_dimming_client_nrf52832_xxAA_s132_6.1.0.dir/__/__/__/mesh/core/src/aes_cmac.c.obj
                0x0002b20c                aes_cmac
 *fill*         0x0002b31e        0x2 
 .text.add_evt  0x0002b320       0x50 examples/experimental_dimming/dimming_client/CMakeFiles/light_switch_dimming_client_nrf52832_xxAA_s132_6.1.0.dir/__/__/__/mesh/core/src/timer_scheduler.c.obj
 .text.remove_evt
                0x0002b370       0x50 examples/experimental_dimming/dimming_client/CMakeFiles/light_switch_dimming_client_nrf52832_xxAA_s132_6.1.0.dir/__/__/__/mesh/core/src/timer_scheduler.c.obj
 .text.timer_cb
                0x0002b3c0        0xc examples/experimental_dimming/dimming_client/CMakeFiles/light_switch_dimming_client_nrf52832_xxAA_s132_6.1.0.dir/__/__/__/mesh/core/src/timer_scheduler.c.obj
 .text.setup_timeout.isra.0
                0x0002b3cc       0x1c examples/experimental_dimming/dimming_client/CMakeFiles/light_switch_dimming_client_nrf52832_xxAA_s132_6.1.0.dir/__/__/__/mesh/core/src/timer_scheduler.c.obj
 .text.flag_event_cb
                0x0002b3e8       0x98 examples/experimental_dimming/dimming_client/CMakeFiles/light_switch_dimming_client_nrf52832_xxAA_s132_6.1.0.dir/__/__/__/mesh/core/src/timer_scheduler.c.obj
 .text.timer_sch_init
                0x0002b480       0x2c examples/experimental_dimming/dimming_client/CMakeFiles/light_switch_dimming_client_nrf52832_xxAA_s132_6.1.0.dir/__/__/__/mesh/core/src/timer_scheduler.c.obj
                0x0002b480                timer_sch_init
 .text.timer_sch_schedule
                0x0002b4ac       0x44 examples/experimental_dimming/dimming_client/CMakeFiles/light_switch_dimming_client_nrf52832_xxAA_s132_6.1.0.dir/__/__/__/mesh/core/src/timer_scheduler.c.obj
                0x0002b4ac                timer_sch_schedule
 .text.timer_sch_abort
                0x0002b4f0       0x2e examples/experimental_dimming/dimming_client/CMakeFiles/light_switch_dimming_client_nrf52832_xxAA_s132_6.1.0.dir/__/__/__/mesh/core/src/timer_scheduler.c.obj
                0x0002b4f0                timer_sch_abort
 .text.timer_sch_reschedule
                0x0002b51e       0x38 examples/experimental_dimming/dimming_client/CMakeFiles/light_switch_dimming_client_nrf52832_xxAA_s132_6.1.0.dir/__/__/__/mesh/core/src/timer_scheduler.c.obj
                0x0002b51e                timer_sch_reschedule
 .text.timer_sch_is_scheduled
                0x0002b556       0x16 examples/experimental_dimming/dimming_client/CMakeFiles/light_switch_dimming_client_nrf52832_xxAA_s132_6.1.0.dir/__/__/__/mesh/core/src/timer_scheduler.c.obj
                0x0002b556                timer_sch_is_scheduled
 .text.timer_init
                0x0002b56c       0x1a examples/experimental_dimming/dimming_client/CMakeFiles/light_switch_dimming_client_nrf52832_xxAA_s132_6.1.0.dir/__/__/__/mesh/core/src/timer.c.obj
                0x0002b56c                timer_init
 *fill*         0x0002b586        0x2 
 .text.timer_now
                0x0002b588       0x48 examples/experimental_dimming/dimming_client/CMakeFiles/light_switch_dimming_client_nrf52832_xxAA_s132_6.1.0.dir/__/__/__/mesh/core/src/timer.c.obj
                0x0002b588                timer_now
 .text.nrf_mesh_timer_tail_handle
                0x0002b5d0       0x34 examples/experimental_dimming/dimming_client/CMakeFiles/light_switch_dimming_client_nrf52832_xxAA_s132_6.1.0.dir/__/__/__/mesh/core/src/timer.c.obj
                0x0002b5d0                nrf_mesh_timer_tail_handle
 .text.nrf_mesh_timer_ovfw_handle
                0x0002b604       0x9c examples/experimental_dimming/dimming_client/CMakeFiles/light_switch_dimming_client_nrf52832_xxAA_s132_6.1.0.dir/__/__/__/mesh/core/src/timer.c.obj
                0x0002b604                nrf_mesh_timer_ovfw_handle
 .text.timer_start
                0x0002b6a0       0xac examples/experimental_dimming/dimming_client/CMakeFiles/light_switch_dimming_client_nrf52832_xxAA_s132_6.1.0.dir/__/__/__/mesh/core/src/timer.c.obj
                0x0002b6a0                timer_start
 .text.timer_stop
                0x0002b74c       0x30 examples/experimental_dimming/dimming_client/CMakeFiles/light_switch_dimming_client_nrf52832_xxAA_s132_6.1.0.dir/__/__/__/mesh/core/src/timer.c.obj
                0x0002b74c                timer_stop
 .text.sd_rand_application_bytes_available_get
                0x0002b77c        0x4 examples/experimental_dimming/dimming_client/CMakeFiles/light_switch_dimming_client_nrf52832_xxAA_s132_6.1.0.dir/__/__/__/mesh/core/src/rand.c.obj
 .text.sd_rand_application_vector_get
                0x0002b780        0x4 examples/experimental_dimming/dimming_client/CMakeFiles/light_switch_dimming_client_nrf52832_xxAA_s132_6.1.0.dir/__/__/__/mesh/core/src/rand.c.obj
 .text.rand_prng_get
                0x0002b784       0x22 examples/experimental_dimming/dimming_client/CMakeFiles/light_switch_dimming_client_nrf52832_xxAA_s132_6.1.0.dir/__/__/__/mesh/core/src/rand.c.obj
                0x0002b784                rand_prng_get
 .text.rand_hw_rng_get
                0x0002b7a6       0x44 examples/experimental_dimming/dimming_client/CMakeFiles/light_switch_dimming_client_nrf52832_xxAA_s132_6.1.0.dir/__/__/__/mesh/core/src/rand.c.obj
                0x0002b7a6                rand_hw_rng_get
 *fill*         0x0002b7ea        0x2 
 .text.rand_prng_seed
                0x0002b7ec       0x34 examples/experimental_dimming/dimming_client/CMakeFiles/light_switch_dimming_client_nrf52832_xxAA_s132_6.1.0.dir/__/__/__/mesh/core/src/rand.c.obj
                0x0002b7ec                rand_prng_seed
 .text.mesh_opt_init
                0x0002b820        0x2 examples/experimental_dimming/dimming_client/CMakeFiles/light_switch_dimming_client_nrf52832_xxAA_s132_6.1.0.dir/__/__/__/mesh/core/src/mesh_opt.c.obj
                0x0002b820                mesh_opt_init
 .text.sd_radio_session_open
                0x0002b822        0x4 examples/experimental_dimming/dimming_client/CMakeFiles/light_switch_dimming_client_nrf52832_xxAA_s132_6.1.0.dir/__/__/__/mesh/core/src/timeslot.c.obj
 .text.sd_radio_session_close
                0x0002b826        0x4 examples/experimental_dimming/dimming_client/CMakeFiles/light_switch_dimming_client_nrf52832_xxAA_s132_6.1.0.dir/__/__/__/mesh/core/src/timeslot.c.obj
 .text.sd_radio_request
                0x0002b82a        0x4 examples/experimental_dimming/dimming_client/CMakeFiles/light_switch_dimming_client_nrf52832_xxAA_s132_6.1.0.dir/__/__/__/mesh/core/src/timeslot.c.obj
 *fill*         0x0002b82e        0x2 
 .text.end_timer_handler
                0x0002b830       0x24 examples/experimental_dimming/dimming_client/CMakeFiles/light_switch_dimming_client_nrf52832_xxAA_s132_6.1.0.dir/__/__/__/mesh/core/src/timeslot.c.obj
 .text.get_end_time.isra.3
                0x0002b854       0x20 examples/experimental_dimming/dimming_client/CMakeFiles/light_switch_dimming_client_nrf52832_xxAA_s132_6.1.0.dir/__/__/__/mesh/core/src/timeslot.c.obj
 .text.on_ts_begin.constprop.9
                0x0002b874       0x48 examples/experimental_dimming/dimming_client/CMakeFiles/light_switch_dimming_client_nrf52832_xxAA_s132_6.1.0.dir/__/__/__/mesh/core/src/timeslot.c.obj
 .text.handle_extend_end.constprop.5
                0x0002b8bc       0x80 examples/experimental_dimming/dimming_client/CMakeFiles/light_switch_dimming_client_nrf52832_xxAA_s132_6.1.0.dir/__/__/__/mesh/core/src/timeslot.c.obj
 .text.radio_signal_callback
                0x0002b93c      0x12c examples/experimental_dimming/dimming_client/CMakeFiles/light_switch_dimming_client_nrf52832_xxAA_s132_6.1.0.dir/__/__/__/mesh/core/src/timeslot.c.obj
 .text.timeslot_sd_event_handler
                0x0002ba68       0x60 examples/experimental_dimming/dimming_client/CMakeFiles/light_switch_dimming_client_nrf52832_xxAA_s132_6.1.0.dir/__/__/__/mesh/core/src/timeslot.c.obj
                0x0002ba68                timeslot_sd_event_handler
 .text.timeslot_init
                0x0002bac8       0x50 examples/experimental_dimming/dimming_client/CMakeFiles/light_switch_dimming_client_nrf52832_xxAA_s132_6.1.0.dir/__/__/__/mesh/core/src/timeslot.c.obj
                0x0002bac8                timeslot_init
 .text.timeslot_start
                0x0002bb18       0x48 examples/experimental_dimming/dimming_client/CMakeFiles/light_switch_dimming_client_nrf52832_xxAA_s132_6.1.0.dir/__/__/__/mesh/core/src/timeslot.c.obj
                0x0002bb18                timeslot_start
 .text.timeslot_end_is_pending
                0x0002bb60       0x28 examples/experimental_dimming/dimming_client/CMakeFiles/light_switch_dimming_client_nrf52832_xxAA_s132_6.1.0.dir/__/__/__/mesh/core/src/timeslot.c.obj
                0x0002bb60                timeslot_end_is_pending
 .text.timeslot_length_get
                0x0002bb88        0xc examples/experimental_dimming/dimming_client/CMakeFiles/light_switch_dimming_client_nrf52832_xxAA_s132_6.1.0.dir/__/__/__/mesh/core/src/timeslot.c.obj
                0x0002bb88                timeslot_length_get
 .text.timeslot_remaining_time_get
                0x0002bb94       0x24 examples/experimental_dimming/dimming_client/CMakeFiles/light_switch_dimming_client_nrf52832_xxAA_s132_6.1.0.dir/__/__/__/mesh/core/src/timeslot.c.obj
                0x0002bb94                timeslot_remaining_time_get
 .text.timeslot_is_in_cb
                0x0002bbb8        0xc examples/experimental_dimming/dimming_client/CMakeFiles/light_switch_dimming_client_nrf52832_xxAA_s132_6.1.0.dir/__/__/__/mesh/core/src/timeslot.c.obj
                0x0002bbb8                timeslot_is_in_cb
 .text.timeslot_session_is_active
                0x0002bbc4       0x10 examples/experimental_dimming/dimming_client/CMakeFiles/light_switch_dimming_client_nrf52832_xxAA_s132_6.1.0.dir/__/__/__/mesh/core/src/timeslot.c.obj
                0x0002bbc4                timeslot_session_is_active
 .text.timeslot_trigger
                0x0002bbd4       0x24 examples/experimental_dimming/dimming_client/CMakeFiles/light_switch_dimming_client_nrf52832_xxAA_s132_6.1.0.dir/__/__/__/mesh/core/src/timeslot.c.obj
                0x0002bbd4                timeslot_trigger
 .text.timeslot_stop
                0x0002bbf8       0x1c examples/experimental_dimming/dimming_client/CMakeFiles/light_switch_dimming_client_nrf52832_xxAA_s132_6.1.0.dir/__/__/__/mesh/core/src/timeslot.c.obj
                0x0002bbf8                timeslot_stop
 .text.timeslot_restart
                0x0002bc14       0x24 examples/experimental_dimming/dimming_client/CMakeFiles/light_switch_dimming_client_nrf52832_xxAA_s132_6.1.0.dir/__/__/__/mesh/core/src/timeslot.c.obj
                0x0002bc14                timeslot_restart
 .text.timeslot_state_lock
                0x0002bc38       0x28 examples/experimental_dimming/dimming_client/CMakeFiles/light_switch_dimming_client_nrf52832_xxAA_s132_6.1.0.dir/__/__/__/mesh/core/src/timeslot.c.obj
                0x0002bc38                timeslot_state_lock
 .text.timer_mut_unlock
                0x0002bc60       0x10 examples/experimental_dimming/dimming_client/CMakeFiles/light_switch_dimming_client_nrf52832_xxAA_s132_6.1.0.dir/__/__/__/mesh/core/src/timeslot_timer.c.obj
 .text.ts_timer_order_cb
                0x0002bc70       0x64 examples/experimental_dimming/dimming_client/CMakeFiles/light_switch_dimming_client_nrf52832_xxAA_s132_6.1.0.dir/__/__/__/mesh/core/src/timeslot_timer.c.obj
                0x0002bc70                ts_timer_order_cb
 .text.ts_timer_now
                0x0002bcd4       0x40 examples/experimental_dimming/dimming_client/CMakeFiles/light_switch_dimming_client_nrf52832_xxAA_s132_6.1.0.dir/__/__/__/mesh/core/src/timeslot_timer.c.obj
                0x0002bcd4                ts_timer_now
 .text.ts_timer_event_handler
                0x0002bd14       0x68 examples/experimental_dimming/dimming_client/CMakeFiles/light_switch_dimming_client_nrf52832_xxAA_s132_6.1.0.dir/__/__/__/mesh/core/src/timeslot_timer.c.obj
                0x0002bd14                ts_timer_event_handler
 .text.ts_timer_to_device_time
                0x0002bd7c        0xc examples/experimental_dimming/dimming_client/CMakeFiles/light_switch_dimming_client_nrf52832_xxAA_s132_6.1.0.dir/__/__/__/mesh/core/src/timeslot_timer.c.obj
                0x0002bd7c                ts_timer_to_device_time
 .text.ts_timer_on_ts_begin
                0x0002bd88       0x6c examples/experimental_dimming/dimming_client/CMakeFiles/light_switch_dimming_client_nrf52832_xxAA_s132_6.1.0.dir/__/__/__/mesh/core/src/timeslot_timer.c.obj
                0x0002bd88                ts_timer_on_ts_begin
 .text.ts_timer_on_ts_end
                0x0002bdf4       0x48 examples/experimental_dimming/dimming_client/CMakeFiles/light_switch_dimming_client_nrf52832_xxAA_s132_6.1.0.dir/__/__/__/mesh/core/src/timeslot_timer.c.obj
                0x0002bdf4                ts_timer_on_ts_end
 .text.trigger_event_handler
                0x0002be3c       0x1c examples/experimental_dimming/dimming_client/CMakeFiles/light_switch_dimming_client_nrf52832_xxAA_s132_6.1.0.dir/__/__/__/mesh/core/src/bearer_event.c.obj
 .text.bearer_event_init
                0x0002be58       0x58 examples/experimental_dimming/dimming_client/CMakeFiles/light_switch_dimming_client_nrf52832_xxAA_s132_6.1.0.dir/__/__/__/mesh/core/src/bearer_event.c.obj
                0x0002be58                bearer_event_init
 .text.bearer_event_start
                0x0002beb0       0x48 examples/experimental_dimming/dimming_client/CMakeFiles/light_switch_dimming_client_nrf52832_xxAA_s132_6.1.0.dir/__/__/__/mesh/core/src/bearer_event.c.obj
                0x0002beb0                bearer_event_start
 .text.bearer_event_critical_section_begin
                0x0002bef8       0x80 examples/experimental_dimming/dimming_client/CMakeFiles/light_switch_dimming_client_nrf52832_xxAA_s132_6.1.0.dir/__/__/__/mesh/core/src/bearer_event.c.obj
                0x0002bef8                bearer_event_critical_section_begin
 .text.bearer_event_critical_section_end
                0x0002bf78       0x60 examples/experimental_dimming/dimming_client/CMakeFiles/light_switch_dimming_client_nrf52832_xxAA_s132_6.1.0.dir/__/__/__/mesh/core/src/bearer_event.c.obj
                0x0002bf78                bearer_event_critical_section_end
 .text.bearer_event_flag_add
                0x0002bfd8       0x3c examples/experimental_dimming/dimming_client/CMakeFiles/light_switch_dimming_client_nrf52832_xxAA_s132_6.1.0.dir/__/__/__/mesh/core/src/bearer_event.c.obj
                0x0002bfd8                bearer_event_flag_add
 .text.bearer_event_flag_set
                0x0002c014       0x44 examples/experimental_dimming/dimming_client/CMakeFiles/light_switch_dimming_client_nrf52832_xxAA_s132_6.1.0.dir/__/__/__/mesh/core/src/bearer_event.c.obj
                0x0002c014                bearer_event_flag_set
 .text.bearer_event_sequential_add
                0x0002c058       0x2e examples/experimental_dimming/dimming_client/CMakeFiles/light_switch_dimming_client_nrf52832_xxAA_s132_6.1.0.dir/__/__/__/mesh/core/src/bearer_event.c.obj
                0x0002c058                bearer_event_sequential_add
 *fill*         0x0002c086        0x2 
 .text.bearer_event_sequential_post
                0x0002c088       0x44 examples/experimental_dimming/dimming_client/CMakeFiles/light_switch_dimming_client_nrf52832_xxAA_s132_6.1.0.dir/__/__/__/mesh/core/src/bearer_event.c.obj
                0x0002c088                bearer_event_sequential_post
 .text.bearer_event_sequential_pending
                0x0002c0cc       0x10 examples/experimental_dimming/dimming_client/CMakeFiles/light_switch_dimming_client_nrf52832_xxAA_s132_6.1.0.dir/__/__/__/mesh/core/src/bearer_event.c.obj
                0x0002c0cc                bearer_event_sequential_pending
 .text.bearer_event_handler
                0x0002c0dc       0xe4 examples/experimental_dimming/dimming_client/CMakeFiles/light_switch_dimming_client_nrf52832_xxAA_s132_6.1.0.dir/__/__/__/mesh/core/src/bearer_event.c.obj
                0x0002c0dc                bearer_event_handler
 .text.QDEC_IRQHandler
                0x0002c1c0        0x4 examples/experimental_dimming/dimming_client/CMakeFiles/light_switch_dimming_client_nrf52832_xxAA_s132_6.1.0.dir/__/__/__/mesh/core/src/bearer_event.c.obj
                0x0002c1c0                QDEC_IRQHandler
 .text.bearer_event_in_correct_irq_priority
                0x0002c1c4       0x74 examples/experimental_dimming/dimming_client/CMakeFiles/light_switch_dimming_client_nrf52832_xxAA_s132_6.1.0.dir/__/__/__/mesh/core/src/bearer_event.c.obj
                0x0002c1c4                bearer_event_in_correct_irq_priority
 .text.sd_ecb_block_encrypt
                0x0002c238        0x4 examples/experimental_dimming/dimming_client/CMakeFiles/light_switch_dimming_client_nrf52832_xxAA_s132_6.1.0.dir/__/__/__/mesh/core/src/enc.c.obj
 .text.enc_aes_encrypt
                0x0002c23c       0x32 examples/experimental_dimming/dimming_client/CMakeFiles/light_switch_dimming_client_nrf52832_xxAA_s132_6.1.0.dir/__/__/__/mesh/core/src/enc.c.obj
                0x0002c23c                enc_aes_encrypt
 .text.enc_aes_cmac
                0x0002c26e        0x4 examples/experimental_dimming/dimming_client/CMakeFiles/light_switch_dimming_client_nrf52832_xxAA_s132_6.1.0.dir/__/__/__/mesh/core/src/enc.c.obj
                0x0002c26e                enc_aes_cmac
 .text.enc_aes_ccm_encrypt
                0x0002c272        0x4 examples/experimental_dimming/dimming_client/CMakeFiles/light_switch_dimming_client_nrf52832_xxAA_s132_6.1.0.dir/__/__/__/mesh/core/src/enc.c.obj
                0x0002c272                enc_aes_ccm_encrypt
 .text.enc_aes_ccm_decrypt
                0x0002c276        0x4 examples/experimental_dimming/dimming_client/CMakeFiles/light_switch_dimming_client_nrf52832_xxAA_s132_6.1.0.dir/__/__/__/mesh/core/src/enc.c.obj
                0x0002c276                enc_aes_ccm_decrypt
 .text.enc_nonce_generate
                0x0002c27a       0xbc examples/experimental_dimming/dimming_client/CMakeFiles/light_switch_dimming_client_nrf52832_xxAA_s132_6.1.0.dir/__/__/__/mesh/core/src/enc.c.obj
                0x0002c27a                enc_nonce_generate
 .text.enc_s1   0x0002c336       0x2c examples/experimental_dimming/dimming_client/CMakeFiles/light_switch_dimming_client_nrf52832_xxAA_s132_6.1.0.dir/__/__/__/mesh/core/src/enc.c.obj
                0x0002c336                enc_s1
 .text.enc_k1   0x0002c362       0x3c examples/experimental_dimming/dimming_client/CMakeFiles/light_switch_dimming_client_nrf52832_xxAA_s132_6.1.0.dir/__/__/__/mesh/core/src/enc.c.obj
                0x0002c362                enc_k1
 *fill*         0x0002c39e        0x2 
 .text.enc_k2   0x0002c3a0       0xc0 examples/experimental_dimming/dimming_client/CMakeFiles/light_switch_dimming_client_nrf52832_xxAA_s132_6.1.0.dir/__/__/__/mesh/core/src/enc.c.obj
                0x0002c3a0                enc_k2
 .text.enc_k3   0x0002c460       0x5c examples/experimental_dimming/dimming_client/CMakeFiles/light_switch_dimming_client_nrf52832_xxAA_s132_6.1.0.dir/__/__/__/mesh/core/src/enc.c.obj
                0x0002c460                enc_k3
 .text.enc_k4   0x0002c4bc       0x54 examples/experimental_dimming/dimming_client/CMakeFiles/light_switch_dimming_client_nrf52832_xxAA_s132_6.1.0.dir/__/__/__/mesh/core/src/enc.c.obj
                0x0002c4bc                enc_k4
 .text.allocate_packet
                0x0002c510       0x70 examples/experimental_dimming/dimming_client/CMakeFiles/light_switch_dimming_client_nrf52832_xxAA_s132_6.1.0.dir/__/__/__/mesh/core/src/network.c.obj
 .text.network_init
                0x0002c580       0x24 examples/experimental_dimming/dimming_client/CMakeFiles/light_switch_dimming_client_nrf52832_xxAA_s132_6.1.0.dir/__/__/__/mesh/core/src/network.c.obj
                0x0002c580                network_init
 .text.network_enable
                0x0002c5a4        0xe examples/experimental_dimming/dimming_client/CMakeFiles/light_switch_dimming_client_nrf52832_xxAA_s132_6.1.0.dir/__/__/__/mesh/core/src/network.c.obj
                0x0002c5a4                network_enable
 .text.network_packet_alloc
                0x0002c5b2       0x38 examples/experimental_dimming/dimming_client/CMakeFiles/light_switch_dimming_client_nrf52832_xxAA_s132_6.1.0.dir/__/__/__/mesh/core/src/network.c.obj
                0x0002c5b2                network_packet_alloc
 .text.network_packet_send
                0x0002c5ea       0x46 examples/experimental_dimming/dimming_client/CMakeFiles/light_switch_dimming_client_nrf52832_xxAA_s132_6.1.0.dir/__/__/__/mesh/core/src/network.c.obj
                0x0002c5ea                network_packet_send
 .text.network_packet_in
                0x0002c630      0x174 examples/experimental_dimming/dimming_client/CMakeFiles/light_switch_dimming_client_nrf52832_xxAA_s132_6.1.0.dir/__/__/__/mesh/core/src/network.c.obj
                0x0002c630                network_packet_in
 .text.nonce_type_get
                0x0002c7a4       0x16 examples/experimental_dimming/dimming_client/CMakeFiles/light_switch_dimming_client_nrf52832_xxAA_s132_6.1.0.dir/__/__/__/mesh/core/src/net_packet.c.obj
 .text.header_transfuscate
                0x0002c7ba       0x54 examples/experimental_dimming/dimming_client/CMakeFiles/light_switch_dimming_client_nrf52832_xxAA_s132_6.1.0.dir/__/__/__/mesh/core/src/net_packet.c.obj
 *fill*         0x0002c80e        0x2 
 .text.try_decrypt
                0x0002c810      0x198 examples/experimental_dimming/dimming_client/CMakeFiles/light_switch_dimming_client_nrf52832_xxAA_s132_6.1.0.dir/__/__/__/mesh/core/src/net_packet.c.obj
 .text.net_packet_decrypt
                0x0002c9a8       0x86 examples/experimental_dimming/dimming_client/CMakeFiles/light_switch_dimming_client_nrf52832_xxAA_s132_6.1.0.dir/__/__/__/mesh/core/src/net_packet.c.obj
                0x0002c9a8                net_packet_decrypt
 .text.net_packet_encrypt
                0x0002ca2e       0x7e examples/experimental_dimming/dimming_client/CMakeFiles/light_switch_dimming_client_nrf52832_xxAA_s132_6.1.0.dir/__/__/__/mesh/core/src/net_packet.c.obj
                0x0002ca2e                net_packet_encrypt
 .text.net_packet_header_set
                0x0002caac       0xaa examples/experimental_dimming/dimming_client/CMakeFiles/light_switch_dimming_client_nrf52832_xxAA_s132_6.1.0.dir/__/__/__/mesh/core/src/net_packet.c.obj
                0x0002caac                net_packet_header_set
 .text.net_packet_payload_len_get
                0x0002cb56       0x10 examples/experimental_dimming/dimming_client/CMakeFiles/light_switch_dimming_client_nrf52832_xxAA_s132_6.1.0.dir/__/__/__/mesh/core/src/net_packet.c.obj
                0x0002cb56                net_packet_payload_len_get
 .text.net_packet_from_payload
                0x0002cb66        0x4 examples/experimental_dimming/dimming_client/CMakeFiles/light_switch_dimming_client_nrf52832_xxAA_s132_6.1.0.dir/__/__/__/mesh/core/src/net_packet.c.obj
                0x0002cb66                net_packet_from_payload
 .text.net_packet_payload_get
                0x0002cb6a        0x4 examples/experimental_dimming/dimming_client/CMakeFiles/light_switch_dimming_client_nrf52832_xxAA_s132_6.1.0.dir/__/__/__/mesh/core/src/net_packet.c.obj
                0x0002cb6a                net_packet_payload_get
 .text.net_packet_obfuscation_start_get
                0x0002cb6e        0x4 examples/experimental_dimming/dimming_client/CMakeFiles/light_switch_dimming_client_nrf52832_xxAA_s132_6.1.0.dir/__/__/__/mesh/core/src/net_packet.c.obj
                0x0002cb6e                net_packet_obfuscation_start_get
 .text.stage_get_available
                0x0002cb72       0x24 examples/experimental_dimming/dimming_client/CMakeFiles/light_switch_dimming_client_nrf52832_xxAA_s132_6.1.0.dir/__/__/__/mesh/core/src/msqueue.c.obj
 .text.msq_get  0x0002cb96       0x38 examples/experimental_dimming/dimming_client/CMakeFiles/light_switch_dimming_client_nrf52832_xxAA_s132_6.1.0.dir/__/__/__/mesh/core/src/msqueue.c.obj
                0x0002cb96                msq_get
 .text.msq_move
                0x0002cbce       0x2e examples/experimental_dimming/dimming_client/CMakeFiles/light_switch_dimming_client_nrf52832_xxAA_s132_6.1.0.dir/__/__/__/mesh/core/src/msqueue.c.obj
                0x0002cbce                msq_move
 .text.msq_reset
                0x0002cbfc       0x20 examples/experimental_dimming/dimming_client/CMakeFiles/light_switch_dimming_client_nrf52832_xxAA_s132_6.1.0.dir/__/__/__/mesh/core/src/msqueue.c.obj
                0x0002cbfc                msq_reset
 .text.msq_init
                0x0002cc1c       0x4a examples/experimental_dimming/dimming_client/CMakeFiles/light_switch_dimming_client_nrf52832_xxAA_s132_6.1.0.dir/__/__/__/mesh/core/src/msqueue.c.obj
                0x0002cc1c                msq_init
 .text.msq_available
                0x0002cc66       0x26 examples/experimental_dimming/dimming_client/CMakeFiles/light_switch_dimming_client_nrf52832_xxAA_s132_6.1.0.dir/__/__/__/mesh/core/src/msqueue.c.obj
                0x0002cc66                msq_available
 .text.nrf_mesh_keygen_aid
                0x0002cc8c       0x12 examples/experimental_dimming/dimming_client/CMakeFiles/light_switch_dimming_client_nrf52832_xxAA_s132_6.1.0.dir/__/__/__/mesh/core/src/nrf_mesh_keygen.c.obj
                0x0002cc8c                nrf_mesh_keygen_aid
 .text.nrf_mesh_keygen_network_secmat
                0x0002cc9e       0x20 examples/experimental_dimming/dimming_client/CMakeFiles/light_switch_dimming_client_nrf52832_xxAA_s132_6.1.0.dir/__/__/__/mesh/core/src/nrf_mesh_keygen.c.obj
                0x0002cc9e                nrf_mesh_keygen_network_secmat
 *fill*         0x0002ccbe        0x2 
 .text.nrf_mesh_keygen_beacon_secmat
                0x0002ccc0       0x50 examples/experimental_dimming/dimming_client/CMakeFiles/light_switch_dimming_client_nrf52832_xxAA_s132_6.1.0.dir/__/__/__/mesh/core/src/nrf_mesh_keygen.c.obj
                0x0002ccc0                nrf_mesh_keygen_beacon_secmat
 .text.nrf_mesh_keygen_identitykey
                0x0002cd10       0x4c examples/experimental_dimming/dimming_client/CMakeFiles/light_switch_dimming_client_nrf52832_xxAA_s132_6.1.0.dir/__/__/__/mesh/core/src/nrf_mesh_keygen.c.obj
                0x0002cd10                nrf_mesh_keygen_identitykey
 .text.nrf_mesh_keygen_virtual_address
                0x0002cd5c       0x50 examples/experimental_dimming/dimming_client/CMakeFiles/light_switch_dimming_client_nrf52832_xxAA_s132_6.1.0.dir/__/__/__/mesh/core/src/nrf_mesh_keygen.c.obj
                0x0002cd5c                nrf_mesh_keygen_virtual_address
 .text.erase_at
                0x0002cdac       0x1c examples/experimental_dimming/dimming_client/CMakeFiles/light_switch_dimming_client_nrf52832_xxAA_s132_6.1.0.dir/__/__/__/mesh/core/src/cache.c.obj
 .text.cache_init
                0x0002cdc8       0x1e examples/experimental_dimming/dimming_client/CMakeFiles/light_switch_dimming_client_nrf52832_xxAA_s132_6.1.0.dir/__/__/__/mesh/core/src/cache.c.obj
                0x0002cdc8                cache_init
 .text.cache_has_elem
                0x0002cde6       0x3e examples/experimental_dimming/dimming_client/CMakeFiles/light_switch_dimming_client_nrf52832_xxAA_s132_6.1.0.dir/__/__/__/mesh/core/src/cache.c.obj
                0x0002cde6                cache_has_elem
 .text.cache_put
                0x0002ce24       0x2a examples/experimental_dimming/dimming_client/CMakeFiles/light_switch_dimming_client_nrf52832_xxAA_s132_6.1.0.dir/__/__/__/mesh/core/src/cache.c.obj
                0x0002ce24                cache_put
 .text.list_insert
                0x0002ce4e       0x1c examples/experimental_dimming/dimming_client/CMakeFiles/light_switch_dimming_client_nrf52832_xxAA_s132_6.1.0.dir/__/__/__/mesh/core/src/list.c.obj
 .text.list_add
                0x0002ce6a       0x42 examples/experimental_dimming/dimming_client/CMakeFiles/light_switch_dimming_client_nrf52832_xxAA_s132_6.1.0.dir/__/__/__/mesh/core/src/list.c.obj
                0x0002ce6a                list_add
 .text.list_remove
                0x0002ceac       0x3a examples/experimental_dimming/dimming_client/CMakeFiles/light_switch_dimming_client_nrf52832_xxAA_s132_6.1.0.dir/__/__/__/mesh/core/src/list.c.obj
                0x0002ceac                list_remove
 .text.list_compare_add
                0x0002cee6       0x56 examples/experimental_dimming/dimming_client/CMakeFiles/light_switch_dimming_client_nrf52832_xxAA_s132_6.1.0.dir/__/__/__/mesh/core/src/list.c.obj
                0x0002cee6                list_compare_add
 .text.log_callback_rtt
                0x0002cf3c       0x2c examples/experimental_dimming/dimming_client/CMakeFiles/light_switch_dimming_client_nrf52832_xxAA_s132_6.1.0.dir/__/__/__/mesh/core/src/log.c.obj
                0x0002cf3c                log_callback_rtt
 .text.log_init
                0x0002cf68       0x1c examples/experimental_dimming/dimming_client/CMakeFiles/light_switch_dimming_client_nrf52832_xxAA_s132_6.1.0.dir/__/__/__/mesh/core/src/log.c.obj
                0x0002cf68                log_init
 .text.log_vprintf
                0x0002cf84       0x18 examples/experimental_dimming/dimming_client/CMakeFiles/light_switch_dimming_client_nrf52832_xxAA_s132_6.1.0.dir/__/__/__/mesh/core/src/log.c.obj
                0x0002cf84                log_vprintf
 .text.log_printf
                0x0002cf9c       0x18 examples/experimental_dimming/dimming_client/CMakeFiles/light_switch_dimming_client_nrf52832_xxAA_s132_6.1.0.dir/__/__/__/mesh/core/src/log.c.obj
                0x0002cf9c                log_printf
 .text.get_area_end
                0x0002cfb4        0xc examples/experimental_dimming/dimming_client/CMakeFiles/light_switch_dimming_client_nrf52832_xxAA_s132_6.1.0.dir/__/__/__/mesh/core/src/flash_manager.c.obj
 .text.handle_matches_filter
                0x0002cfc0       0x26 examples/experimental_dimming/dimming_client/CMakeFiles/light_switch_dimming_client_nrf52832_xxAA_s132_6.1.0.dir/__/__/__/mesh/core/src/flash_manager.c.obj
 .text.flash_area_is_blank
                0x0002cfe6       0x34 examples/experimental_dimming/dimming_client/CMakeFiles/light_switch_dimming_client_nrf52832_xxAA_s132_6.1.0.dir/__/__/__/mesh/core/src/flash_manager.c.obj
 *fill*         0x0002d01a        0x2 
 .text.get_packet_buffer
                0x0002d01c       0x20 examples/experimental_dimming/dimming_client/CMakeFiles/light_switch_dimming_client_nrf52832_xxAA_s132_6.1.0.dir/__/__/__/mesh/core/src/flash_manager.c.obj
 .text.flash    0x0002d03c       0x1c examples/experimental_dimming/dimming_client/CMakeFiles/light_switch_dimming_client_nrf52832_xxAA_s132_6.1.0.dir/__/__/__/mesh/core/src/flash_manager.c.obj
 .text.free_packet_buffer
                0x0002d058       0x3c examples/experimental_dimming/dimming_client/CMakeFiles/light_switch_dimming_client_nrf52832_xxAA_s132_6.1.0.dir/__/__/__/mesh/core/src/flash_manager.c.obj
 .text.iterate_callback_entry_copy
                0x0002d094       0x38 examples/experimental_dimming/dimming_client/CMakeFiles/light_switch_dimming_client_nrf52832_xxAA_s132_6.1.0.dir/__/__/__/mesh/core/src/flash_manager.c.obj
 .text.reserve_action_buffer
                0x0002d0cc       0x24 examples/experimental_dimming/dimming_client/CMakeFiles/light_switch_dimming_client_nrf52832_xxAA_s132_6.1.0.dir/__/__/__/mesh/core/src/flash_manager.c.obj
 .text.commit_action_buffer
                0x0002d0f0       0x18 examples/experimental_dimming/dimming_client/CMakeFiles/light_switch_dimming_client_nrf52832_xxAA_s132_6.1.0.dir/__/__/__/mesh/core/src/flash_manager.c.obj
 .text.schedule_processing
                0x0002d108        0xc examples/experimental_dimming/dimming_client/CMakeFiles/light_switch_dimming_client_nrf52832_xxAA_s132_6.1.0.dir/__/__/__/mesh/core/src/flash_manager.c.obj
 .text.get_next_entry
                0x0002d114       0x34 examples/experimental_dimming/dimming_client/CMakeFiles/light_switch_dimming_client_nrf52832_xxAA_s132_6.1.0.dir/__/__/__/mesh/core/src/flash_manager.c.obj
 .text.get_last_entry.isra.1
                0x0002d148       0x30 examples/experimental_dimming/dimming_client/CMakeFiles/light_switch_dimming_client_nrf52832_xxAA_s132_6.1.0.dir/__/__/__/mesh/core/src/flash_manager.c.obj
 .text.process_action_queue
                0x0002d178      0x3d4 examples/experimental_dimming/dimming_client/CMakeFiles/light_switch_dimming_client_nrf52832_xxAA_s132_6.1.0.dir/__/__/__/mesh/core/src/flash_manager.c.obj
 .text.flash_op_ended_callback
                0x0002d54c       0x24 examples/experimental_dimming/dimming_client/CMakeFiles/light_switch_dimming_client_nrf52832_xxAA_s132_6.1.0.dir/__/__/__/mesh/core/src/flash_manager.c.obj
 .text.flash_manager_init
                0x0002d570       0x68 examples/experimental_dimming/dimming_client/CMakeFiles/light_switch_dimming_client_nrf52832_xxAA_s132_6.1.0.dir/__/__/__/mesh/core/src/flash_manager.c.obj
                0x0002d570                flash_manager_init
 .text.flash_manager_remove
                0x0002d5d8       0x24 examples/experimental_dimming/dimming_client/CMakeFiles/light_switch_dimming_client_nrf52832_xxAA_s132_6.1.0.dir/__/__/__/mesh/core/src/flash_manager.c.obj
                0x0002d5d8                flash_manager_remove
 .text.flash_manager_entries_read
                0x0002d5fc       0xec examples/experimental_dimming/dimming_client/CMakeFiles/light_switch_dimming_client_nrf52832_xxAA_s132_6.1.0.dir/__/__/__/mesh/core/src/flash_manager.c.obj
                0x0002d5fc                flash_manager_entries_read
 .text.flash_manager_entry_read