Archive member included to satisfy reference by file (symbol)

external/rtt/librtt_nrf52832_xxAA.a(SEGGER_RTT.c.obj)
                              examples/dfu/CMakeFiles/dfu_nrf52832_xxAA_s132_6.1.0.dir/__/__/mesh/core/src/log.c.obj (SEGGER_RTT_Write)
external/rtt/librtt_nrf52832_xxAA.a(SEGGER_RTT_printf.c.obj)
                              examples/dfu/CMakeFiles/dfu_nrf52832_xxAA_s132_6.1.0.dir/__/__/mesh/core/src/log.c.obj (SEGGER_RTT_vprintf)
external/micro-ecc/libuECC_nrf52832_xxAA.a(uECC.c.obj)
                              examples/dfu/CMakeFiles/dfu_nrf52832_xxAA_s132_6.1.0.dir/__/__/mesh/prov/src/prov_utils.c.obj (uECC_secp256r1)
c:/mesh/arm_gcc/bin/../lib/gcc/arm-none-eabi/6.3.1/thumb/v7e-m/fpv4-sp/hard\libgcc.a(_aeabi_uldivmod.o)
                              examples/dfu/CMakeFiles/dfu_nrf52832_xxAA_s132_6.1.0.dir/__/common/src/simple_hal.c.obj (__aeabi_uldivmod)
c:/mesh/arm_gcc/bin/../lib/gcc/arm-none-eabi/6.3.1/thumb/v7e-m/fpv4-sp/hard\libgcc.a(_udivmoddi4.o)
                              c:/mesh/arm_gcc/bin/../lib/gcc/arm-none-eabi/6.3.1/thumb/v7e-m/fpv4-sp/hard\libgcc.a(_aeabi_uldivmod.o) (__udivmoddi4)
c:/mesh/arm_gcc/bin/../lib/gcc/arm-none-eabi/6.3.1/thumb/v7e-m/fpv4-sp/hard\libgcc.a(_dvmd_tls.o)
                              c:/mesh/arm_gcc/bin/../lib/gcc/arm-none-eabi/6.3.1/thumb/v7e-m/fpv4-sp/hard\libgcc.a(_aeabi_uldivmod.o) (__aeabi_ldiv0)
c:/mesh/arm_gcc/bin/../lib/gcc/arm-none-eabi/6.3.1/../../../../arm-none-eabi/lib/thumb/v7e-m/fpv4-sp/hard\libg_nano.a(lib_a-calloc.o)
                              examples/dfu/CMakeFiles/dfu_nrf52832_xxAA_s132_6.1.0.dir/__/__/mesh/core/src/mesh_mem_stdlib.c.obj (calloc)
c:/mesh/arm_gcc/bin/../lib/gcc/arm-none-eabi/6.3.1/../../../../arm-none-eabi/lib/thumb/v7e-m/fpv4-sp/hard\libg_nano.a(lib_a-exit.o)
                              c:/mesh/arm_gcc/bin/../lib/gcc/arm-none-eabi/6.3.1/../../../../arm-none-eabi/lib/thumb/v7e-m/fpv4-sp/hard/crt0.o (exit)
c:/mesh/arm_gcc/bin/../lib/gcc/arm-none-eabi/6.3.1/../../../../arm-none-eabi/lib/thumb/v7e-m/fpv4-sp/hard\libg_nano.a(lib_a-impure.o)
                              c:/mesh/arm_gcc/bin/../lib/gcc/arm-none-eabi/6.3.1/../../../../arm-none-eabi/lib/thumb/v7e-m/fpv4-sp/hard\libg_nano.a(lib_a-exit.o) (_global_impure_ptr)
c:/mesh/arm_gcc/bin/../lib/gcc/arm-none-eabi/6.3.1/../../../../arm-none-eabi/lib/thumb/v7e-m/fpv4-sp/hard\libg_nano.a(lib_a-init.o)
                              c:/mesh/arm_gcc/bin/../lib/gcc/arm-none-eabi/6.3.1/../../../../arm-none-eabi/lib/thumb/v7e-m/fpv4-sp/hard/crt0.o (__libc_init_array)
c:/mesh/arm_gcc/bin/../lib/gcc/arm-none-eabi/6.3.1/../../../../arm-none-eabi/lib/thumb/v7e-m/fpv4-sp/hard\libg_nano.a(lib_a-malloc.o)
                              examples/dfu/CMakeFiles/dfu_nrf52832_xxAA_s132_6.1.0.dir/__/__/mesh/core/src/mesh_mem_stdlib.c.obj (malloc)
c:/mesh/arm_gcc/bin/../lib/gcc/arm-none-eabi/6.3.1/../../../../arm-none-eabi/lib/thumb/v7e-m/fpv4-sp/hard\libg_nano.a(lib_a-memcmp.o)
                              examples/dfu/CMakeFiles/dfu_nrf52832_xxAA_s132_6.1.0.dir/C_/mesh/deps/nRF5_SDK_15.2.0_9412b96/components/ble/common/ble_advdata.c.obj (memcmp)
c:/mesh/arm_gcc/bin/../lib/gcc/arm-none-eabi/6.3.1/../../../../arm-none-eabi/lib/thumb/v7e-m/fpv4-sp/hard\libg_nano.a(lib_a-memcpy-stub.o)
                              examples/dfu/CMakeFiles/dfu_nrf52832_xxAA_s132_6.1.0.dir/C_/mesh/deps/nRF5_SDK_15.2.0_9412b96/components/ble/common/ble_advdata.c.obj (memcpy)
c:/mesh/arm_gcc/bin/../lib/gcc/arm-none-eabi/6.3.1/../../../../arm-none-eabi/lib/thumb/v7e-m/fpv4-sp/hard\libg_nano.a(lib_a-memset.o)
                              c:/mesh/arm_gcc/bin/../lib/gcc/arm-none-eabi/6.3.1/../../../../arm-none-eabi/lib/thumb/v7e-m/fpv4-sp/hard/crt0.o (memset)
c:/mesh/arm_gcc/bin/../lib/gcc/arm-none-eabi/6.3.1/../../../../arm-none-eabi/lib/thumb/v7e-m/fpv4-sp/hard\libg_nano.a(lib_a-nano-callocr.o)
                              c:/mesh/arm_gcc/bin/../lib/gcc/arm-none-eabi/6.3.1/../../../../arm-none-eabi/lib/thumb/v7e-m/fpv4-sp/hard\libg_nano.a(lib_a-calloc.o) (_calloc_r)
c:/mesh/arm_gcc/bin/../lib/gcc/arm-none-eabi/6.3.1/../../../../arm-none-eabi/lib/thumb/v7e-m/fpv4-sp/hard\libg_nano.a(lib_a-nano-freer.o)
                              c:/mesh/arm_gcc/bin/../lib/gcc/arm-none-eabi/6.3.1/../../../../arm-none-eabi/lib/thumb/v7e-m/fpv4-sp/hard\libg_nano.a(lib_a-malloc.o) (_free_r)
c:/mesh/arm_gcc/bin/../lib/gcc/arm-none-eabi/6.3.1/../../../../arm-none-eabi/lib/thumb/v7e-m/fpv4-sp/hard\libg_nano.a(lib_a-nano-mallocr.o)
                              c:/mesh/arm_gcc/bin/../lib/gcc/arm-none-eabi/6.3.1/../../../../arm-none-eabi/lib/thumb/v7e-m/fpv4-sp/hard\libg_nano.a(lib_a-malloc.o) (_malloc_r)
c:/mesh/arm_gcc/bin/../lib/gcc/arm-none-eabi/6.3.1/../../../../arm-none-eabi/lib/thumb/v7e-m/fpv4-sp/hard\libg_nano.a(lib_a-sbrkr.o)
                              c:/mesh/arm_gcc/bin/../lib/gcc/arm-none-eabi/6.3.1/../../../../arm-none-eabi/lib/thumb/v7e-m/fpv4-sp/hard\libg_nano.a(lib_a-nano-mallocr.o) (_sbrk_r)
[...]
Memory Configuration

Name             Origin             Length             Attributes
FLASH            0x00026000         0x00051000         xr
RAM              0x20002da0         0x0000cf60         xrw
*default*        0x00000000         0xffffffff

Linker script and memory map


.text           0x00026000    0x18f34
 *(.isr_vector)
 .isr_vector    0x00026000      0x200 examples/dfu/CMakeFiles/dfu_nrf52832_xxAA_s132_6.1.0.dir/C_/mesh/deps/nRF5_SDK_15.2.0_9412b96/modules/nrfx/mdk/gcc_startup_nrf52.S.obj
                0x00026000                __isr_vector
 *(.text*)
 .text          0x00026200       0x6c c:/mesh/arm_gcc/bin/../lib/gcc/arm-none-eabi/6.3.1/thumb/v7e-m/fpv4-sp/hard/crtbegin.o
 .text          0x0002626c       0x74 c:/mesh/arm_gcc/bin/../lib/gcc/arm-none-eabi/6.3.1/../../../../arm-none-eabi/lib/thumb/v7e-m/fpv4-sp/hard/crt0.o
                0x0002626c                _start
                0x0002626c                _mainCRTStartup
 .text.sd_app_evt_wait
                0x000262e0        0x4 examples/dfu/CMakeFiles/dfu_nrf52832_xxAA_s132_6.1.0.dir/src/main.c.obj
 .text.config_server_evt_cb
                0x000262e4       0x80 examples/dfu/CMakeFiles/dfu_nrf52832_xxAA_s132_6.1.0.dir/src/main.c.obj
 .text.mesh_evt_handler
                0x00026364       0xd0 examples/dfu/CMakeFiles/dfu_nrf52832_xxAA_s132_6.1.0.dir/src/main.c.obj
 .text.startup.main
                0x00026434      0x3a8 examples/dfu/CMakeFiles/dfu_nrf52832_xxAA_s132_6.1.0.dir/src/main.c.obj
                0x00026434                main
 .text.mesh_evt_handler
                0x000267dc        0xe examples/dfu/CMakeFiles/dfu_nrf52832_xxAA_s132_6.1.0.dir/__/__/mesh/stack/src/mesh_stack.c.obj
 .text.mesh_stack_start
                0x000267ea        0x4 examples/dfu/CMakeFiles/dfu_nrf52832_xxAA_s132_6.1.0.dir/__/__/mesh/stack/src/mesh_stack.c.obj
                0x000267ea                mesh_stack_start
 .text.mesh_stack_provisioning_data_store
                0x000267ee       0x6c examples/dfu/CMakeFiles/dfu_nrf52832_xxAA_s132_6.1.0.dir/__/__/mesh/stack/src/mesh_stack.c.obj
                0x000267ee                mesh_stack_provisioning_data_store
 .text.mesh_stack_config_clear
                0x0002685a       0x16 examples/dfu/CMakeFiles/dfu_nrf52832_xxAA_s132_6.1.0.dir/__/__/mesh/stack/src/mesh_stack.c.obj
                0x0002685a                mesh_stack_config_clear
 .text.mesh_stack_is_device_provisioned
                0x00026870       0x18 examples/dfu/CMakeFiles/dfu_nrf52832_xxAA_s132_6.1.0.dir/__/__/mesh/stack/src/mesh_stack.c.obj
                0x00026870                mesh_stack_is_device_provisioned
 .text.mesh_stack_init
                0x00026888       0x64 examples/dfu/CMakeFiles/dfu_nrf52832_xxAA_s132_6.1.0.dir/__/__/mesh/stack/src/mesh_stack.c.obj
                0x00026888                mesh_stack_init
 .text.mesh_stack_device_reset
                0x000268ec       0x20 examples/dfu/CMakeFiles/dfu_nrf52832_xxAA_s132_6.1.0.dir/__/__/mesh/stack/src/mesh_stack.c.obj
                0x000268ec                mesh_stack_device_reset
 .text.provisionee_start
                0x0002690c       0x18 examples/dfu/CMakeFiles/dfu_nrf52832_xxAA_s132_6.1.0.dir/__/common/src/mesh_provisionee.c.obj
 .text.prov_evt_handler
                0x00026924       0xa4 examples/dfu/CMakeFiles/dfu_nrf52832_xxAA_s132_6.1.0.dir/__/common/src/mesh_provisionee.c.obj
 .text.mesh_provisionee_prov_start
                0x000269c8       0x80 examples/dfu/CMakeFiles/dfu_nrf52832_xxAA_s132_6.1.0.dir/__/common/src/mesh_provisionee.c.obj
                0x000269c8                mesh_provisionee_prov_start
 .text.led_timeout_handler
                0x00026a48       0x48 examples/dfu/CMakeFiles/dfu_nrf52832_xxAA_s132_6.1.0.dir/__/common/src/simple_hal.c.obj
 .text.hal_led_mask_set
                0x00026a90       0x12 examples/dfu/CMakeFiles/dfu_nrf52832_xxAA_s132_6.1.0.dir/__/common/src/simple_hal.c.obj
                0x00026a90                hal_led_mask_set
 *fill*         0x00026aa2        0x2 
 .text.hal_led_blink_ms
                0x00026aa4       0x68 examples/dfu/CMakeFiles/dfu_nrf52832_xxAA_s132_6.1.0.dir/__/common/src/simple_hal.c.obj
                0x00026aa4                hal_led_blink_ms
 .text.hal_leds_init
                0x00026b0c       0x58 examples/dfu/CMakeFiles/dfu_nrf52832_xxAA_s132_6.1.0.dir/__/common/src/simple_hal.c.obj
                0x00026b0c                hal_leds_init
 .text.GPIOTE_IRQHandler
                0x00026b64       0x60 examples/dfu/CMakeFiles/dfu_nrf52832_xxAA_s132_6.1.0.dir/__/common/src/simple_hal.c.obj
                0x00026b64                GPIOTE_IRQHandler
 .text.mesh_app_uuid_print
                0x00026bc4      0x11c examples/dfu/CMakeFiles/dfu_nrf52832_xxAA_s132_6.1.0.dir/__/common/src/mesh_app_utils.c.obj
                0x00026bc4                mesh_app_uuid_print
 .text.sd_ble_enable
                0x00026ce0        0x4 examples/dfu/CMakeFiles/dfu_nrf52832_xxAA_s132_6.1.0.dir/__/common/src/ble_softdevice_support.c.obj
 .text.sd_ble_cfg_set
                0x00026ce4        0x4 examples/dfu/CMakeFiles/dfu_nrf52832_xxAA_s132_6.1.0.dir/__/common/src/ble_softdevice_support.c.obj
 .text.on_sd_evt
                0x00026ce8        0x4 examples/dfu/CMakeFiles/dfu_nrf52832_xxAA_s132_6.1.0.dir/__/common/src/ble_softdevice_support.c.obj
 .text.ble_stack_init
                0x00026cec       0xd4 examples/dfu/CMakeFiles/dfu_nrf52832_xxAA_s132_6.1.0.dir/__/common/src/ble_softdevice_support.c.obj
                0x00026cec                ble_stack_init
 .text.app_util_critical_region_enter
                0x00026dc0       0x48 examples/dfu/CMakeFiles/dfu_nrf52832_xxAA_s132_6.1.0.dir/C_/mesh/deps/nRF5_SDK_15.2.0_9412b96/components/libraries/util/app_util_platform.c.obj
                0x00026dc0                app_util_critical_region_enter
 .text.app_util_critical_region_exit
                0x00026e08       0x2c examples/dfu/CMakeFiles/dfu_nrf52832_xxAA_s132_6.1.0.dir/C_/mesh/deps/nRF5_SDK_15.2.0_9412b96/components/libraries/util/app_util_platform.c.obj
                0x00026e08                app_util_critical_region_exit
 .text.nrf_section_iter_init
                0x00026e34       0x12 examples/dfu/CMakeFiles/dfu_nrf52832_xxAA_s132_6.1.0.dir/C_/mesh/deps/nRF5_SDK_15.2.0_9412b96/components/libraries/experimental_section_vars/nrf_section_iter.c.obj
                0x00026e34                nrf_section_iter_init
 .text.nrf_section_iter_next
                0x00026e46       0x18 examples/dfu/CMakeFiles/dfu_nrf52832_xxAA_s132_6.1.0.dir/C_/mesh/deps/nRF5_SDK_15.2.0_9412b96/components/libraries/experimental_section_vars/nrf_section_iter.c.obj
                0x00026e46                nrf_section_iter_next
 .text.sd_evt_get
                0x00026e5e        0x4 examples/dfu/CMakeFiles/dfu_nrf52832_xxAA_s132_6.1.0.dir/C_/mesh/deps/nRF5_SDK_15.2.0_9412b96/components/softdevice/common/nrf_sdh_soc.c.obj
 *fill*         0x00026e62        0x2 
 .text.nrf_sdh_soc_evts_poll
                0x00026e64       0x3c examples/dfu/CMakeFiles/dfu_nrf52832_xxAA_s132_6.1.0.dir/C_/mesh/deps/nRF5_SDK_15.2.0_9412b96/components/softdevice/common/nrf_sdh_soc.c.obj
 .text.sd_ble_evt_get
                0x00026ea0        0x4 examples/dfu/CMakeFiles/dfu_nrf52832_xxAA_s132_6.1.0.dir/C_/mesh/deps/nRF5_SDK_15.2.0_9412b96/components/softdevice/common/nrf_sdh_ble.c.obj
 .text.nrf_sdh_ble_evts_poll
                0x00026ea4       0x50 examples/dfu/CMakeFiles/dfu_nrf52832_xxAA_s132_6.1.0.dir/C_/mesh/deps/nRF5_SDK_15.2.0_9412b96/components/softdevice/common/nrf_sdh_ble.c.obj
 .text.sd_softdevice_enable
                0x00026ef4        0x4 examples/dfu/CMakeFiles/dfu_nrf52832_xxAA_s132_6.1.0.dir/C_/mesh/deps/nRF5_SDK_15.2.0_9412b96/components/softdevice/common/nrf_sdh.c.obj
 .text.sdh_request_observer_notify
                0x00026ef8       0x30 examples/dfu/CMakeFiles/dfu_nrf52832_xxAA_s132_6.1.0.dir/C_/mesh/deps/nRF5_SDK_15.2.0_9412b96/components/softdevice/common/nrf_sdh.c.obj
 .text.sdh_state_observer_notify
                0x00026f28       0x28 examples/dfu/CMakeFiles/dfu_nrf52832_xxAA_s132_6.1.0.dir/C_/mesh/deps/nRF5_SDK_15.2.0_9412b96/components/softdevice/common/nrf_sdh.c.obj
 .text.softdevices_evt_irq_enable
                0x00026f50       0x3c examples/dfu/CMakeFiles/dfu_nrf52832_xxAA_s132_6.1.0.dir/C_/mesh/deps/nRF5_SDK_15.2.0_9412b96/components/softdevice/common/nrf_sdh.c.obj
 .text.nrf_sdh_enable_request
                0x00026f8c       0x78 examples/dfu/CMakeFiles/dfu_nrf52832_xxAA_s132_6.1.0.dir/C_/mesh/deps/nRF5_SDK_15.2.0_9412b96/components/softdevice/common/nrf_sdh.c.obj
                0x00026f8c                nrf_sdh_enable_request
 .text.nrf_sdh_evts_poll
                0x00027004       0x28 examples/dfu/CMakeFiles/dfu_nrf52832_xxAA_s132_6.1.0.dir/C_/mesh/deps/nRF5_SDK_15.2.0_9412b96/components/softdevice/common/nrf_sdh.c.obj
                0x00027004                nrf_sdh_evts_poll
 .text.SWI2_EGU2_IRQHandler
                0x0002702c        0x4 examples/dfu/CMakeFiles/dfu_nrf52832_xxAA_s132_6.1.0.dir/C_/mesh/deps/nRF5_SDK_15.2.0_9412b96/components/softdevice/common/nrf_sdh.c.obj
                0x0002702c                SWI2_EGU2_IRQHandler
 .text.add_to_publication_list
                0x00027030       0x78 examples/dfu/CMakeFiles/dfu_nrf52832_xxAA_s132_6.1.0.dir/__/__/mesh/access/src/access_publish.c.obj
 .text.step_resolution_to_us
                0x000270a8       0x38 examples/dfu/CMakeFiles/dfu_nrf52832_xxAA_s132_6.1.0.dir/__/__/mesh/access/src/access_publish.c.obj
 .text.schedule_publication_timer
                0x000270e0      0x184 examples/dfu/CMakeFiles/dfu_nrf52832_xxAA_s132_6.1.0.dir/__/__/mesh/access/src/access_publish.c.obj
 .text.publish_timer_tick
                0x00027264       0xa8 examples/dfu/CMakeFiles/dfu_nrf52832_xxAA_s132_6.1.0.dir/__/__/mesh/access/src/access_publish.c.obj
 .text.access_publish_init
                0x0002730c       0x38 examples/dfu/CMakeFiles/dfu_nrf52832_xxAA_s132_6.1.0.dir/__/__/mesh/access/src/access_publish.c.obj
                0x0002730c                access_publish_init
 .text.access_publish_period_set
                0x00027344       0x60 examples/dfu/CMakeFiles/dfu_nrf52832_xxAA_s132_6.1.0.dir/__/__/mesh/access/src/access_publish.c.obj
                0x00027344                access_publish_period_set
 .text.access_publish_period_get
                0x000273a4       0x22 examples/dfu/CMakeFiles/dfu_nrf52832_xxAA_s132_6.1.0.dir/__/__/mesh/access/src/access_publish.c.obj
                0x000273a4                access_publish_period_get
 *fill*         0x000273c6        0x2 
 .text.get_next_timeout_index
                0x000273c8       0x30 examples/dfu/CMakeFiles/dfu_nrf52832_xxAA_s132_6.1.0.dir/__/__/mesh/access/src/access_publish_retransmission.c.obj
 .text.message_remove
                0x000273f8       0x5c examples/dfu/CMakeFiles/dfu_nrf52832_xxAA_s132_6.1.0.dir/__/__/mesh/access/src/access_publish_retransmission.c.obj
 .text.retransmissions_timer_cb
                0x00027454       0xcc examples/dfu/CMakeFiles/dfu_nrf52832_xxAA_s132_6.1.0.dir/__/__/mesh/access/src/access_publish_retransmission.c.obj
 .text.access_publish_retransmission_init
                0x00027520       0x24 examples/dfu/CMakeFiles/dfu_nrf52832_xxAA_s132_6.1.0.dir/__/__/mesh/access/src/access_publish_retransmission.c.obj
                0x00027520                access_publish_retransmission_init
 .text.access_publish_retransmission_message_add
                0x00027544       0xf8 examples/dfu/CMakeFiles/dfu_nrf52832_xxAA_s132_6.1.0.dir/__/__/mesh/access/src/access_publish_retransmission.c.obj
                0x00027544                access_publish_retransmission_message_add
 .text.bitfield_get
                0x0002763c       0x1a examples/dfu/CMakeFiles/dfu_nrf52832_xxAA_s132_6.1.0.dir/__/__/mesh/access/src/access.c.obj
 .text.is_valid_opcode
                0x00027656       0x42 examples/dfu/CMakeFiles/dfu_nrf52832_xxAA_s132_6.1.0.dir/__/__/mesh/access/src/access.c.obj
 .text.model_handle_valid_and_allocated
                0x00027698       0x20 examples/dfu/CMakeFiles/dfu_nrf52832_xxAA_s132_6.1.0.dir/__/__/mesh/access/src/access.c.obj
 .text.flash_manager_mem_available
                0x000276b8        0x2 examples/dfu/CMakeFiles/dfu_nrf52832_xxAA_s132_6.1.0.dir/__/__/mesh/access/src/access.c.obj
 *fill*         0x000276ba        0x2 
 .text.restore_acquired_subscription
                0x000276bc       0x30 examples/dfu/CMakeFiles/dfu_nrf52832_xxAA_s132_6.1.0.dir/__/__/mesh/access/src/access.c.obj
 .text.restore_acquired_element
                0x000276ec       0x1c examples/dfu/CMakeFiles/dfu_nrf52832_xxAA_s132_6.1.0.dir/__/__/mesh/access/src/access.c.obj
 .text.restore_flash_data
                0x00027708       0x28 examples/dfu/CMakeFiles/dfu_nrf52832_xxAA_s132_6.1.0.dir/__/__/mesh/access/src/access.c.obj
 .text.check_tx_params
                0x00027730       0x68 examples/dfu/CMakeFiles/dfu_nrf52832_xxAA_s132_6.1.0.dir/__/__/mesh/access/src/access.c.obj
 .text.flash_invalidate_complete
                0x00027798        0x6 examples/dfu/CMakeFiles/dfu_nrf52832_xxAA_s132_6.1.0.dir/__/__/mesh/access/src/access.c.obj
 *fill*         0x0002779e        0x2 
 .text.access_flash_config_clear
                0x000277a0       0x28 examples/dfu/CMakeFiles/dfu_nrf52832_xxAA_s132_6.1.0.dir/__/__/mesh/access/src/access.c.obj
 .text.access_flash_config_store
                0x000277c8      0x154 examples/dfu/CMakeFiles/dfu_nrf52832_xxAA_s132_6.1.0.dir/__/__/mesh/access/src/access.c.obj
                0x000277c8                access_flash_config_store
 .text.access_state_clear
                0x0002791c       0x4c examples/dfu/CMakeFiles/dfu_nrf52832_xxAA_s132_6.1.0.dir/__/__/mesh/access/src/access.c.obj
 .text.packet_tx
                0x00027968      0x248 examples/dfu/CMakeFiles/dfu_nrf52832_xxAA_s132_6.1.0.dir/__/__/mesh/access/src/access.c.obj
 .text.flash_write_complete
                0x00027bb0       0x50 examples/dfu/CMakeFiles/dfu_nrf52832_xxAA_s132_6.1.0.dir/__/__/mesh/access/src/access.c.obj
 .text.unlikely.bitfield_next_get.part.0.constprop.5
                0x00027c00       0x34 examples/dfu/CMakeFiles/dfu_nrf52832_xxAA_s132_6.1.0.dir/__/__/mesh/access/src/access.c.obj
 .text.packet_alloc_and_tx
                0x00027c34       0xba examples/dfu/CMakeFiles/dfu_nrf52832_xxAA_s132_6.1.0.dir/__/__/mesh/access/src/access.c.obj
 *fill*         0x00027cee        0x2 
 .text.restore_acquired_model
                0x00027cf0       0x8c examples/dfu/CMakeFiles/dfu_nrf52832_xxAA_s132_6.1.0.dir/__/__/mesh/access/src/access.c.obj
 .text.access_flash_config_load
                0x00027d7c      0x12c examples/dfu/CMakeFiles/dfu_nrf52832_xxAA_s132_6.1.0.dir/__/__/mesh/access/src/access.c.obj
                0x00027d7c                access_flash_config_load
 .text.access_incoming_handle
                0x00027ea8      0x104 examples/dfu/CMakeFiles/dfu_nrf52832_xxAA_s132_6.1.0.dir/__/__/mesh/access/src/access.c.obj
                0x00027ea8                access_incoming_handle
 .text.mesh_evt_cb
                0x00027fac      0x134 examples/dfu/CMakeFiles/dfu_nrf52832_xxAA_s132_6.1.0.dir/__/__/mesh/access/src/access.c.obj
 .text.access_packet_tx
                0x000280e0       0x36 examples/dfu/CMakeFiles/dfu_nrf52832_xxAA_s132_6.1.0.dir/__/__/mesh/access/src/access.c.obj
                0x000280e0                access_packet_tx
 .text.access_clear
                0x00028116       0x12 examples/dfu/CMakeFiles/dfu_nrf52832_xxAA_s132_6.1.0.dir/__/__/mesh/access/src/access.c.obj
                0x00028116                access_clear
 .text.access_model_add
                0x00028128      0x1bc examples/dfu/CMakeFiles/dfu_nrf52832_xxAA_s132_6.1.0.dir/__/__/mesh/access/src/access.c.obj
                0x00028128                access_model_add
 .text.access_model_publish
                0x000282e4       0x58 examples/dfu/CMakeFiles/dfu_nrf52832_xxAA_s132_6.1.0.dir/__/__/mesh/access/src/access.c.obj
                0x000282e4                access_model_publish
 .text.access_model_reply
                0x0002833c       0x1c examples/dfu/CMakeFiles/dfu_nrf52832_xxAA_s132_6.1.0.dir/__/__/mesh/access/src/access.c.obj
                0x0002833c                access_model_reply
 .text.access_model_publish_address_set
                0x00028358       0x3c examples/dfu/CMakeFiles/dfu_nrf52832_xxAA_s132_6.1.0.dir/__/__/mesh/access/src/access.c.obj
                0x00028358                access_model_publish_address_set
 .text.access_model_publish_address_get
                0x00028394       0x28 examples/dfu/CMakeFiles/dfu_nrf52832_xxAA_s132_6.1.0.dir/__/__/mesh/access/src/access.c.obj
                0x00028394                access_model_publish_address_get
 .text.access_model_publish_retransmit_set
                0x000283bc       0x4c examples/dfu/CMakeFiles/dfu_nrf52832_xxAA_s132_6.1.0.dir/__/__/mesh/access/src/access.c.obj
                0x000283bc                access_model_publish_retransmit_set
 .text.access_model_publish_retransmit_get
                0x00028408       0x2c examples/dfu/CMakeFiles/dfu_nrf52832_xxAA_s132_6.1.0.dir/__/__/mesh/access/src/access.c.obj
                0x00028408                access_model_publish_retransmit_get
 .text.access_model_publish_period_set
                0x00028434       0x6c examples/dfu/CMakeFiles/dfu_nrf52832_xxAA_s132_6.1.0.dir/__/__/mesh/access/src/access.c.obj
                0x00028434                access_model_publish_period_set
 .text.access_model_publish_period_get
                0x000284a0       0x3c examples/dfu/CMakeFiles/dfu_nrf52832_xxAA_s132_6.1.0.dir/__/__/mesh/access/src/access.c.obj
                0x000284a0                access_model_publish_period_get
 .text.access_model_subscription_add
                0x000284dc       0x60 examples/dfu/CMakeFiles/dfu_nrf52832_xxAA_s132_6.1.0.dir/__/__/mesh/access/src/access.c.obj
                0x000284dc                access_model_subscription_add
 .text.access_model_subscription_remove
                0x0002853c       0x60 examples/dfu/CMakeFiles/dfu_nrf52832_xxAA_s132_6.1.0.dir/__/__/mesh/access/src/access.c.obj
                0x0002853c                access_model_subscription_remove
 .text.access_model_subscriptions_get
                0x0002859c       0x80 examples/dfu/CMakeFiles/dfu_nrf52832_xxAA_s132_6.1.0.dir/__/__/mesh/access/src/access.c.obj
                0x0002859c                access_model_subscriptions_get
 .text.access_model_application_bind
                0x0002861c       0x50 examples/dfu/CMakeFiles/dfu_nrf52832_xxAA_s132_6.1.0.dir/__/__/mesh/access/src/access.c.obj
                0x0002861c                access_model_application_bind
 .text.access_model_application_unbind
                0x0002866c       0x50 examples/dfu/CMakeFiles/dfu_nrf52832_xxAA_s132_6.1.0.dir/__/__/mesh/access/src/access.c.obj
                0x0002866c                access_model_application_unbind
 .text.access_model_applications_get
                0x000286bc       0x64 examples/dfu/CMakeFiles/dfu_nrf52832_xxAA_s132_6.1.0.dir/__/__/mesh/access/src/access.c.obj
                0x000286bc                access_model_applications_get
 .text.access_model_publish_application_set
                0x00028720       0x3c examples/dfu/CMakeFiles/dfu_nrf52832_xxAA_s132_6.1.0.dir/__/__/mesh/access/src/access.c.obj
                0x00028720                access_model_publish_application_set
 .text.access_model_publish_application_get
                0x0002875c       0x28 examples/dfu/CMakeFiles/dfu_nrf52832_xxAA_s132_6.1.0.dir/__/__/mesh/access/src/access.c.obj
                0x0002875c                access_model_publish_application_get
 .text.access_default_ttl_set
                0x00028784       0x18 examples/dfu/CMakeFiles/dfu_nrf52832_xxAA_s132_6.1.0.dir/__/__/mesh/access/src/access.c.obj
                0x00028784                access_default_ttl_set
 .text.access_default_ttl_get
                0x0002879c        0xc examples/dfu/CMakeFiles/dfu_nrf52832_xxAA_s132_6.1.0.dir/__/__/mesh/access/src/access.c.obj
                0x0002879c                access_default_ttl_get
 .text.access_model_publish_friendship_credential_flag_set
                0x000287a8       0x38 examples/dfu/CMakeFiles/dfu_nrf52832_xxAA_s132_6.1.0.dir/__/__/mesh/access/src/access.c.obj
                0x000287a8                access_model_publish_friendship_credential_flag_set
 .text.access_model_publish_friendship_credential_flag_get
                0x000287e0       0x28 examples/dfu/CMakeFiles/dfu_nrf52832_xxAA_s132_6.1.0.dir/__/__/mesh/access/src/access.c.obj
                0x000287e0                access_model_publish_friendship_credential_flag_get
 .text.access_model_publish_ttl_set
                0x00028808       0x40 examples/dfu/CMakeFiles/dfu_nrf52832_xxAA_s132_6.1.0.dir/__/__/mesh/access/src/access.c.obj
                0x00028808                access_model_publish_ttl_set
 .text.access_model_publish_ttl_get
                0x00028848       0x28 examples/dfu/CMakeFiles/dfu_nrf52832_xxAA_s132_6.1.0.dir/__/__/mesh/access/src/access.c.obj
                0x00028848                access_model_publish_ttl_get
 .text.access_element_location_set
                0x00028870       0x20 examples/dfu/CMakeFiles/dfu_nrf52832_xxAA_s132_6.1.0.dir/__/__/mesh/access/src/access.c.obj
                0x00028870                access_element_location_set
 .text.access_element_location_get
                0x00028890       0x18 examples/dfu/CMakeFiles/dfu_nrf52832_xxAA_s132_6.1.0.dir/__/__/mesh/access/src/access.c.obj
                0x00028890                access_element_location_get
 .text.access_element_sig_model_count_get
                0x000288a8       0x18 examples/dfu/CMakeFiles/dfu_nrf52832_xxAA_s132_6.1.0.dir/__/__/mesh/access/src/access.c.obj
                0x000288a8                access_element_sig_model_count_get
 .text.access_element_vendor_model_count_get
                0x000288c0       0x18 examples/dfu/CMakeFiles/dfu_nrf52832_xxAA_s132_6.1.0.dir/__/__/mesh/access/src/access.c.obj
                0x000288c0                access_element_vendor_model_count_get
 .text.access_model_id_get
                0x000288d8       0x2c examples/dfu/CMakeFiles/dfu_nrf52832_xxAA_s132_6.1.0.dir/__/__/mesh/access/src/access.c.obj
                0x000288d8                access_model_id_get
 .text.access_handle_get
                0x00028904       0x54 examples/dfu/CMakeFiles/dfu_nrf52832_xxAA_s132_6.1.0.dir/__/__/mesh/access/src/access.c.obj
                0x00028904                access_handle_get
 .text.access_element_models_get
                0x00028958       0x48 examples/dfu/CMakeFiles/dfu_nrf52832_xxAA_s132_6.1.0.dir/__/__/mesh/access/src/access.c.obj
                0x00028958                access_element_models_get
 .text.access_model_p_args_get
                0x000289a0       0x28 examples/dfu/CMakeFiles/dfu_nrf52832_xxAA_s132_6.1.0.dir/__/__/mesh/access/src/access.c.obj
                0x000289a0                access_model_p_args_get
 .text.access_model_publication_stop
                0x000289c8       0x74 examples/dfu/CMakeFiles/dfu_nrf52832_xxAA_s132_6.1.0.dir/__/__/mesh/access/src/access.c.obj
                0x000289c8                access_model_publication_stop
 .text.access_model_publication_by_appkey_stop
                0x00028a3c       0x36 examples/dfu/CMakeFiles/dfu_nrf52832_xxAA_s132_6.1.0.dir/__/__/mesh/access/src/access.c.obj
                0x00028a3c                access_model_publication_by_appkey_stop
 .text.access_flash_area_get
                0x00028a72        0xc examples/dfu/CMakeFiles/dfu_nrf52832_xxAA_s132_6.1.0.dir/__/__/mesh/access/src/access.c.obj
                0x00028a72                access_flash_area_get
 *fill*         0x00028a7e        0x2 
 .text.add_flash_manager
                0x00028a80       0x54 examples/dfu/CMakeFiles/dfu_nrf52832_xxAA_s132_6.1.0.dir/__/__/mesh/access/src/access.c.obj
 .text.access_init
                0x00028ad4       0x30 examples/dfu/CMakeFiles/dfu_nrf52832_xxAA_s132_6.1.0.dir/__/__/mesh/access/src/access.c.obj
                0x00028ad4                access_init
 .text.flash_remove_complete
                0x00028b04       0x5c examples/dfu/CMakeFiles/dfu_nrf52832_xxAA_s132_6.1.0.dir/__/__/mesh/access/src/access.c.obj
 .text.reliable_timer_cb
                0x00028b60      0x190 examples/dfu/CMakeFiles/dfu_nrf52832_xxAA_s132_6.1.0.dir/__/__/mesh/access/src/access_reliable.c.obj
 .text.remove_and_reschedule
                0x00028cf0       0xb8 examples/dfu/CMakeFiles/dfu_nrf52832_xxAA_s132_6.1.0.dir/__/__/mesh/access/src/access_reliable.c.obj
 .text.access_reliable_message_rx_cb
                0x00028da8       0x68 examples/dfu/CMakeFiles/dfu_nrf52832_xxAA_s132_6.1.0.dir/__/__/mesh/access/src/access_reliable.c.obj
                0x00028da8                access_reliable_message_rx_cb
 .text.access_reliable_init
                0x00028e10       0x1c examples/dfu/CMakeFiles/dfu_nrf52832_xxAA_s132_6.1.0.dir/__/__/mesh/access/src/access_reliable.c.obj
                0x00028e10                access_reliable_init
 .text.access_reliable_cancel_all
                0x00028e2c       0x60 examples/dfu/CMakeFiles/dfu_nrf52832_xxAA_s132_6.1.0.dir/__/__/mesh/access/src/access_reliable.c.obj
                0x00028e2c                access_reliable_cancel_all
 .text.access_model_reliable_cancel
                0x00028e8c       0x6c examples/dfu/CMakeFiles/dfu_nrf52832_xxAA_s132_6.1.0.dir/__/__/mesh/access/src/access_reliable.c.obj
                0x00028e8c                access_model_reliable_cancel
 .text.access_loopback_process
                0x00028ef8       0x28 examples/dfu/CMakeFiles/dfu_nrf52832_xxAA_s132_6.1.0.dir/__/__/mesh/access/src/access_loopback.c.obj
 .text.is_access_loopback
                0x00028f20        0x4 examples/dfu/CMakeFiles/dfu_nrf52832_xxAA_s132_6.1.0.dir/__/__/mesh/access/src/access_loopback.c.obj
                0x00028f20                is_access_loopback
 .text.access_loopback_init
                0x00028f24       0x18 examples/dfu/CMakeFiles/dfu_nrf52832_xxAA_s132_6.1.0.dir/__/__/mesh/access/src/access_loopback.c.obj
                0x00028f24                access_loopback_init
 .text.access_loopback_handle
                0x00028f3c       0x80 examples/dfu/CMakeFiles/dfu_nrf52832_xxAA_s132_6.1.0.dir/__/__/mesh/access/src/access_loopback.c.obj
                0x00028f3c                access_loopback_handle
 .text.bitfield_get
                0x00028fbc       0x1a examples/dfu/CMakeFiles/dfu_nrf52832_xxAA_s132_6.1.0.dir/__/__/mesh/access/src/device_state_manager.c.obj
 .text.bitfield_set
                0x00028fd6       0x18 examples/dfu/CMakeFiles/dfu_nrf52832_xxAA_s132_6.1.0.dir/__/__/mesh/access/src/device_state_manager.c.obj
 .text.bitfield_clear
                0x00028fee       0x1a examples/dfu/CMakeFiles/dfu_nrf52832_xxAA_s132_6.1.0.dir/__/__/mesh/access/src/device_state_manager.c.obj
 .text.bitfield_is_all_clear
                0x00029008       0x3c examples/dfu/CMakeFiles/dfu_nrf52832_xxAA_s132_6.1.0.dir/__/__/mesh/access/src/device_state_manager.c.obj
 .text.address_handle_virtual_valid
                0x00029044       0x18 examples/dfu/CMakeFiles/dfu_nrf52832_xxAA_s132_6.1.0.dir/__/__/mesh/access/src/device_state_manager.c.obj
 .text.net_key_handle_get
                0x0002905c       0x58 examples/dfu/CMakeFiles/dfu_nrf52832_xxAA_s132_6.1.0.dir/__/__/mesh/access/src/device_state_manager.c.obj
 .text.dev_key_handle_get
                0x000290b4       0x30 examples/dfu/CMakeFiles/dfu_nrf52832_xxAA_s132_6.1.0.dir/__/__/mesh/access/src/device_state_manager.c.obj
 .text.app_key_handle_get
                0x000290e4       0x58 examples/dfu/CMakeFiles/dfu_nrf52832_xxAA_s132_6.1.0.dir/__/__/mesh/access/src/device_state_manager.c.obj
 .text.addr_nonvirtual_to_flash_entry
                0x0002913c       0x10 examples/dfu/CMakeFiles/dfu_nrf52832_xxAA_s132_6.1.0.dir/__/__/mesh/access/src/device_state_manager.c.obj
 .text.devkey_set
                0x0002914c       0x50 examples/dfu/CMakeFiles/dfu_nrf52832_xxAA_s132_6.1.0.dir/__/__/mesh/access/src/device_state_manager.c.obj
 .text.devkey_to_dsm_entry
                0x0002919c       0x18 examples/dfu/CMakeFiles/dfu_nrf52832_xxAA_s132_6.1.0.dir/__/__/mesh/access/src/device_state_manager.c.obj
 .text.devkey_to_flash_entry
                0x000291b4       0x28 examples/dfu/CMakeFiles/dfu_nrf52832_xxAA_s132_6.1.0.dir/__/__/mesh/access/src/device_state_manager.c.obj
 .text.addr_virtual_to_flash_entry
                0x000291dc       0x18 examples/dfu/CMakeFiles/dfu_nrf52832_xxAA_s132_6.1.0.dir/__/__/mesh/access/src/device_state_manager.c.obj
 .text.addr_unicast_to_dsm_entry
                0x000291f4        0xc examples/dfu/CMakeFiles/dfu_nrf52832_xxAA_s132_6.1.0.dir/__/__/mesh/access/src/device_state_manager.c.obj
 .text.addr_unicast_to_flash_entry
                0x00029200       0x10 examples/dfu/CMakeFiles/dfu_nrf52832_xxAA_s132_6.1.0.dir/__/__/mesh/access/src/device_state_manager.c.obj
 .text.flash_read_callback
                0x00029210       0xa8 examples/dfu/CMakeFiles/dfu_nrf52832_xxAA_s132_6.1.0.dir/__/__/mesh/access/src/device_state_manager.c.obj
 .text.flash_mem_listener_callback
                0x000292b8       0x14 examples/dfu/CMakeFiles/dfu_nrf52832_xxAA_s132_6.1.0.dir/__/__/mesh/access/src/device_state_manager.c.obj
 .text.get_subnet_handle
                0x000292cc       0x40 examples/dfu/CMakeFiles/dfu_nrf52832_xxAA_s132_6.1.0.dir/__/__/mesh/access/src/device_state_manager.c.obj
 .text.appkey_set
                0x0002930c       0x70 examples/dfu/CMakeFiles/dfu_nrf52832_xxAA_s132_6.1.0.dir/__/__/mesh/access/src/device_state_manager.c.obj
 .text.appkey_to_flash_entry
                0x0002937c       0x54 examples/dfu/CMakeFiles/dfu_nrf52832_xxAA_s132_6.1.0.dir/__/__/mesh/access/src/device_state_manager.c.obj
 .text.subnet_to_flash_entry
                0x000293d0       0x60 examples/dfu/CMakeFiles/dfu_nrf52832_xxAA_s132_6.1.0.dir/__/__/mesh/access/src/device_state_manager.c.obj
 .text.bitfield_clear_all
                0x00029430        0xe examples/dfu/CMakeFiles/dfu_nrf52832_xxAA_s132_6.1.0.dir/__/__/mesh/access/src/device_state_manager.c.obj
 *fill*         0x0002943e        0x2 
 .text.subnet_set
                0x00029440       0x98 examples/dfu/CMakeFiles/dfu_nrf52832_xxAA_s132_6.1.0.dir/__/__/mesh/access/src/device_state_manager.c.obj
 .text.virtual_address_set
                0x000294d8       0x4c examples/dfu/CMakeFiles/dfu_nrf52832_xxAA_s132_6.1.0.dir/__/__/mesh/access/src/device_state_manager.c.obj
 .text.addr_virtual_to_dsm_entry
                0x00029524        0xe examples/dfu/CMakeFiles/dfu_nrf52832_xxAA_s132_6.1.0.dir/__/__/mesh/access/src/device_state_manager.c.obj
 *fill*         0x00029532        0x2 
 .text.reset_flash_area
                0x00029534       0x28 examples/dfu/CMakeFiles/dfu_nrf52832_xxAA_s132_6.1.0.dir/__/__/mesh/access/src/device_state_manager.c.obj
 .text.flash_save
                0x0002955c       0x7c examples/dfu/CMakeFiles/dfu_nrf52832_xxAA_s132_6.1.0.dir/__/__/mesh/access/src/device_state_manager.c.obj
 .text.flash_invalidate
                0x000295d8       0x64 examples/dfu/CMakeFiles/dfu_nrf52832_xxAA_s132_6.1.0.dir/__/__/mesh/access/src/device_state_manager.c.obj
 .text.flash_update_all
                0x0002963c       0x6c examples/dfu/CMakeFiles/dfu_nrf52832_xxAA_s132_6.1.0.dir/__/__/mesh/access/src/device_state_manager.c.obj
 .text.virtual_address_uuid_index_get
                0x000296a8       0x60 examples/dfu/CMakeFiles/dfu_nrf52832_xxAA_s132_6.1.0.dir/__/__/mesh/access/src/device_state_manager.c.obj
 .text.add_address_virtual
                0x00029708       0x74 examples/dfu/CMakeFiles/dfu_nrf52832_xxAA_s132_6.1.0.dir/__/__/mesh/access/src/device_state_manager.c.obj
 .text.get_subnet_handle_by_beacon_info
                0x0002977c       0x30 examples/dfu/CMakeFiles/dfu_nrf52832_xxAA_s132_6.1.0.dir/__/__/mesh/access/src/device_state_manager.c.obj
 .text.get_app_handle
                0x000297ac       0x44 examples/dfu/CMakeFiles/dfu_nrf52832_xxAA_s132_6.1.0.dir/__/__/mesh/access/src/device_state_manager.c.obj
 .text.appkey_to_dsm_entry
                0x000297f0       0x68 examples/dfu/CMakeFiles/dfu_nrf52832_xxAA_s132_6.1.0.dir/__/__/mesh/access/src/device_state_manager.c.obj
 .text.subnet_to_dsm_entry
                0x00029858       0x68 examples/dfu/CMakeFiles/dfu_nrf52832_xxAA_s132_6.1.0.dir/__/__/mesh/access/src/device_state_manager.c.obj
 .text.flash_operation_complete
                0x000298c0       0x4c examples/dfu/CMakeFiles/dfu_nrf52832_xxAA_s132_6.1.0.dir/__/__/mesh/access/src/device_state_manager.c.obj
 .text.flash_invalidate_complete
                0x0002990c        0x8 examples/dfu/CMakeFiles/dfu_nrf52832_xxAA_s132_6.1.0.dir/__/__/mesh/access/src/device_state_manager.c.obj
 .text.flash_write_complete
                0x00029914        0x8 examples/dfu/CMakeFiles/dfu_nrf52832_xxAA_s132_6.1.0.dir/__/__/mesh/access/src/device_state_manager.c.obj
 .text.add_address.part.8
                0x0002991c      0x164 examples/dfu/CMakeFiles/dfu_nrf52832_xxAA_s132_6.1.0.dir/__/__/mesh/access/src/device_state_manager.c.obj
 .text.bitfield_next_get.part.0.constprop.19
                0x00029a80       0x3c examples/dfu/CMakeFiles/dfu_nrf52832_xxAA_s132_6.1.0.dir/__/__/mesh/access/src/device_state_manager.c.obj
 .text.address_handle_valid
                0x00029abc       0x28 examples/dfu/CMakeFiles/dfu_nrf52832_xxAA_s132_6.1.0.dir/__/__/mesh/access/src/device_state_manager.c.obj
 .text.address_handle_nonvirtual_valid
                0x00029ae4       0x14 examples/dfu/CMakeFiles/dfu_nrf52832_xxAA_s132_6.1.0.dir/__/__/mesh/access/src/device_state_manager.c.obj
 .text.address_delete_if_unused
                0x00029af8       0x78 examples/dfu/CMakeFiles/dfu_nrf52832_xxAA_s132_6.1.0.dir/__/__/mesh/access/src/device_state_manager.c.obj
 .text.addr_nonvirtual_to_dsm_entry
                0x00029b70       0x38 examples/dfu/CMakeFiles/dfu_nrf52832_xxAA_s132_6.1.0.dir/__/__/mesh/access/src/device_state_manager.c.obj
 .text.dsm_flash_config_load
                0x00029ba8       0x7c examples/dfu/CMakeFiles/dfu_nrf52832_xxAA_s132_6.1.0.dir/__/__/mesh/access/src/device_state_manager.c.obj
                0x00029ba8                dsm_flash_config_load
 .text.dsm_flash_area_get
                0x00029c24        0xc examples/dfu/CMakeFiles/dfu_nrf52832_xxAA_s132_6.1.0.dir/__/__/mesh/access/src/device_state_manager.c.obj
                0x00029c24                dsm_flash_area_get
 .text.build_flash_area
                0x00029c30       0x8c examples/dfu/CMakeFiles/dfu_nrf52832_xxAA_s132_6.1.0.dir/__/__/mesh/access/src/device_state_manager.c.obj
 .text.flash_remove_complete
                0x00029cbc        0x4 examples/dfu/CMakeFiles/dfu_nrf52832_xxAA_s132_6.1.0.dir/__/__/mesh/access/src/device_state_manager.c.obj
 .text.dsm_clear
                0x00029cc0       0xb4 examples/dfu/CMakeFiles/dfu_nrf52832_xxAA_s132_6.1.0.dir/__/__/mesh/access/src/device_state_manager.c.obj
                0x00029cc0                dsm_clear
 .text.dsm_init
                0x00029d74       0x3c examples/dfu/CMakeFiles/dfu_nrf52832_xxAA_s132_6.1.0.dir/__/__/mesh/access/src/device_state_manager.c.obj
                0x00029d74                dsm_init
 .text.dsm_local_unicast_addresses_set
                0x00029db0       0x78 examples/dfu/CMakeFiles/dfu_nrf52832_xxAA_s132_6.1.0.dir/__/__/mesh/access/src/device_state_manager.c.obj
                0x00029db0                dsm_local_unicast_addresses_set
 .text.dsm_local_unicast_addresses_get
                0x00029e28       0x20 examples/dfu/CMakeFiles/dfu_nrf52832_xxAA_s132_6.1.0.dir/__/__/mesh/access/src/device_state_manager.c.obj
                0x00029e28                dsm_local_unicast_addresses_get
 .text.dsm_address_publish_add
                0x00029e48        0xc examples/dfu/CMakeFiles/dfu_nrf52832_xxAA_s132_6.1.0.dir/__/__/mesh/access/src/device_state_manager.c.obj
                0x00029e48                dsm_address_publish_add
 .text.dsm_address_publish_add_handle
                0x00029e54       0x38 examples/dfu/CMakeFiles/dfu_nrf52832_xxAA_s132_6.1.0.dir/__/__/mesh/access/src/device_state_manager.c.obj
                0x00029e54                dsm_address_publish_add_handle
 .text.dsm_address_publish_virtual_add
                0x00029e8c        0x6 examples/dfu/CMakeFiles/dfu_nrf52832_xxAA_s132_6.1.0.dir/__/__/mesh/access/src/device_state_manager.c.obj
                0x00029e8c                dsm_address_publish_virtual_add
 *fill*         0x00029e92        0x2 
 .text.dsm_address_publish_remove
                0x00029e94       0x44 examples/dfu/CMakeFiles/dfu_nrf52832_xxAA_s132_6.1.0.dir/__/__/mesh/access/src/device_state_manager.c.obj
                0x00029e94                dsm_address_publish_remove
 .text.dsm_address_subscription_add
                0x00029ed8        0xc examples/dfu/CMakeFiles/dfu_nrf52832_xxAA_s132_6.1.0.dir/__/__/mesh/access/src/device_state_manager.c.obj
                0x00029ed8                dsm_address_subscription_add
 .text.dsm_address_subscription_virtual_add
                0x00029ee4        0x6 examples/dfu/CMakeFiles/dfu_nrf52832_xxAA_s132_6.1.0.dir/__/__/mesh/access/src/device_state_manager.c.obj
                0x00029ee4                dsm_address_subscription_virtual_add
 *fill*         0x00029eea        0x2 
 .text.dsm_address_subscription_add_handle
                0x00029eec       0x38 examples/dfu/CMakeFiles/dfu_nrf52832_xxAA_s132_6.1.0.dir/__/__/mesh/access/src/device_state_manager.c.obj
                0x00029eec                dsm_address_subscription_add_handle
 .text.dsm_address_get
                0x00029f24       0x5c examples/dfu/CMakeFiles/dfu_nrf52832_xxAA_s132_6.1.0.dir/__/__/mesh/access/src/device_state_manager.c.obj
                0x00029f24                dsm_address_get
 .text.dsm_address_subscription_remove
                0x00029f80       0x5c examples/dfu/CMakeFiles/dfu_nrf52832_xxAA_s132_6.1.0.dir/__/__/mesh/access/src/device_state_manager.c.obj
                0x00029f80                dsm_address_subscription_remove
 .text.dsm_address_get_all
                0x00029fdc       0x74 examples/dfu/CMakeFiles/dfu_nrf52832_xxAA_s132_6.1.0.dir/__/__/mesh/access/src/device_state_manager.c.obj
                0x00029fdc                dsm_address_get_all
 .text.dsm_address_handle_get
                0x0002a050       0x98 examples/dfu/CMakeFiles/dfu_nrf52832_xxAA_s132_6.1.0.dir/__/__/mesh/access/src/device_state_manager.c.obj
                0x0002a050                dsm_address_handle_get
 .text.dsm_net_key_index_to_subnet_handle
                0x0002a0e8       0x1c examples/dfu/CMakeFiles/dfu_nrf52832_xxAA_s132_6.1.0.dir/__/__/mesh/access/src/device_state_manager.c.obj
                0x0002a0e8                dsm_net_key_index_to_subnet_handle
 .text.dsm_subnet_handle_get
                0x0002a104        0xc examples/dfu/CMakeFiles/dfu_nrf52832_xxAA_s132_6.1.0.dir/__/__/mesh/access/src/device_state_manager.c.obj
                0x0002a104                dsm_subnet_handle_get
 .text.dsm_appkey_index_to_appkey_handle
                0x0002a110       0x1c examples/dfu/CMakeFiles/dfu_nrf52832_xxAA_s132_6.1.0.dir/__/__/mesh/access/src/device_state_manager.c.obj
                0x0002a110                dsm_appkey_index_to_appkey_handle
 .text.dsm_appkey_handle_get
                0x0002a12c        0xc examples/dfu/CMakeFiles/dfu_nrf52832_xxAA_s132_6.1.0.dir/__/__/mesh/access/src/device_state_manager.c.obj
                0x0002a12c                dsm_appkey_handle_get
 .text.dsm_appkey_handle_to_appkey_index
                0x0002a138       0x34 examples/dfu/CMakeFiles/dfu_nrf52832_xxAA_s132_6.1.0.dir/__/__/mesh/access/src/device_state_manager.c.obj
                0x0002a138                dsm_appkey_handle_to_appkey_index
 .text.dsm_appkey_handle_to_subnet_handle
                0x0002a16c       0xa0 examples/dfu/CMakeFiles/dfu_nrf52832_xxAA_s132_6.1.0.dir/__/__/mesh/access/src/device_state_manager.c.obj
                0x0002a16c                dsm_appkey_handle_to_subnet_handle
 .text.dsm_subnet_add
                0x0002a20c       0x78 examples/dfu/CMakeFiles/dfu_nrf52832_xxAA_s132_6.1.0.dir/__/__/mesh/access/src/device_state_manager.c.obj
                0x0002a20c                dsm_subnet_add
 .text.dsm_subnet_kr_phase_get
                0x0002a284       0x34 examples/dfu/CMakeFiles/dfu_nrf52832_xxAA_s132_6.1.0.dir/__/__/mesh/access/src/device_state_manager.c.obj
                0x0002a284                dsm_subnet_kr_phase_get
 .text.dsm_subnet_update
                0x0002a2b8       0xc8 examples/dfu/CMakeFiles/dfu_nrf52832_xxAA_s132_6.1.0.dir/__/__/mesh/access/src/device_state_manager.c.obj
                0x0002a2b8                dsm_subnet_update
 .text.dsm_subnet_update_swap_keys
                0x0002a380       0x5c examples/dfu/CMakeFiles/dfu_nrf52832_xxAA_s132_6.1.0.dir/__/__/mesh/access/src/device_state_manager.c.obj
                0x0002a380                dsm_subnet_update_swap_keys
 .text.dsm_subnet_update_commit
                0x0002a3dc       0xf4 examples/dfu/CMakeFiles/dfu_nrf52832_xxAA_s132_6.1.0.dir/__/__/mesh/access/src/device_state_manager.c.obj
                0x0002a3dc                dsm_subnet_update_commit
 .text.mesh_evt_handler
                0x0002a4d0       0x4c examples/dfu/CMakeFiles/dfu_nrf52832_xxAA_s132_6.1.0.dir/__/__/mesh/access/src/device_state_manager.c.obj
 .text.dsm_subnet_get_all
                0x0002a51c       0x60 examples/dfu/CMakeFiles/dfu_nrf52832_xxAA_s132_6.1.0.dir/__/__/mesh/access/src/device_state_manager.c.obj
                0x0002a51c                dsm_subnet_get_all
 .text.dsm_devkey_add
                0x0002a57c       0x7c examples/dfu/CMakeFiles/dfu_nrf52832_xxAA_s132_6.1.0.dir/__/__/mesh/access/src/device_state_manager.c.obj
                0x0002a57c                dsm_devkey_add
 .text.dsm_devkey_delete
                0x0002a5f8       0x38 examples/dfu/CMakeFiles/dfu_nrf52832_xxAA_s132_6.1.0.dir/__/__/mesh/access/src/device_state_manager.c.obj
                0x0002a5f8                dsm_devkey_delete
 .text.dsm_appkey_add
                0x0002a630       0x90 examples/dfu/CMakeFiles/dfu_nrf52832_xxAA_s132_6.1.0.dir/__/__/mesh/access/src/device_state_manager.c.obj
                0x0002a630                dsm_appkey_add
 .text.dsm_appkey_update
                0x0002a6c0       0xa4 examples/dfu/CMakeFiles/dfu_nrf52832_xxAA_s132_6.1.0.dir/__/__/mesh/access/src/device_state_manager.c.obj
                0x0002a6c0                dsm_appkey_update
 .text.dsm_appkey_delete
                0x0002a764       0x30 examples/dfu/CMakeFiles/dfu_nrf52832_xxAA_s132_6.1.0.dir/__/__/mesh/access/src/device_state_manager.c.obj
                0x0002a764                dsm_appkey_delete
 .text.dsm_subnet_delete
                0x0002a794       0xac examples/dfu/CMakeFiles/dfu_nrf52832_xxAA_s132_6.1.0.dir/__/__/mesh/access/src/device_state_manager.c.obj
                0x0002a794                dsm_subnet_delete
 .text.dsm_appkey_get_all
                0x0002a840       0x88 examples/dfu/CMakeFiles/dfu_nrf52832_xxAA_s132_6.1.0.dir/__/__/mesh/access/src/device_state_manager.c.obj
                0x0002a840                dsm_appkey_get_all
 .text.dsm_tx_secmat_get
                0x0002a8c8       0xc4 examples/dfu/CMakeFiles/dfu_nrf52832_xxAA_s132_6.1.0.dir/__/__/mesh/access/src/device_state_manager.c.obj
                0x0002a8c8                dsm_tx_secmat_get
 .text.dsm_net_secmat_from_keyindex_get
                0x0002a98c       0x3c examples/dfu/CMakeFiles/dfu_nrf52832_xxAA_s132_6.1.0.dir/__/__/mesh/access/src/device_state_manager.c.obj
                0x0002a98c                dsm_net_secmat_from_keyindex_get
 .text.nrf_mesh_net_secmat_next_get
                0x0002a9c8       0xb0 examples/dfu/CMakeFiles/dfu_nrf52832_xxAA_s132_6.1.0.dir/__/__/mesh/access/src/device_state_manager.c.obj
                0x0002a9c8                nrf_mesh_net_secmat_next_get
 .text.nrf_mesh_app_secmat_next_get
                0x0002aa78       0x88 examples/dfu/CMakeFiles/dfu_nrf52832_xxAA_s132_6.1.0.dir/__/__/mesh/access/src/device_state_manager.c.obj
                0x0002aa78                nrf_mesh_app_secmat_next_get
 .text.nrf_mesh_devkey_secmat_get
                0x0002ab00       0x28 examples/dfu/CMakeFiles/dfu_nrf52832_xxAA_s132_6.1.0.dir/__/__/mesh/access/src/device_state_manager.c.obj
                0x0002ab00                nrf_mesh_devkey_secmat_get
 .text.nrf_mesh_beacon_info_next_get
                0x0002ab28       0xd4 examples/dfu/CMakeFiles/dfu_nrf52832_xxAA_s132_6.1.0.dir/__/__/mesh/access/src/device_state_manager.c.obj
                0x0002ab28                nrf_mesh_beacon_info_next_get
 .text.nrf_mesh_rx_address_get
                0x0002abfc      0x150 examples/dfu/CMakeFiles/dfu_nrf52832_xxAA_s132_6.1.0.dir/__/__/mesh/access/src/device_state_manager.c.obj
                0x0002abfc                nrf_mesh_rx_address_get
 .text.dsm_address_is_rx
                0x0002ad4c       0x48 examples/dfu/CMakeFiles/dfu_nrf52832_xxAA_s132_6.1.0.dir/__/__/mesh/access/src/device_state_manager.c.obj
                0x0002ad4c                dsm_address_is_rx
 .text.nrf_mesh_unicast_address_get
                0x0002ad94       0x20 examples/dfu/CMakeFiles/dfu_nrf52832_xxAA_s132_6.1.0.dir/__/__/mesh/access/src/device_state_manager.c.obj
                0x0002ad94                nrf_mesh_unicast_address_get
 .text.serial_uart_init
                0x0002adb4       0x90 examples/dfu/CMakeFiles/dfu_nrf52832_xxAA_s132_6.1.0.dir/__/__/mesh/serial/src/serial_uart.c.obj
                0x0002adb4                serial_uart_init
 .text.serial_uart_process
                0x0002ae44       0x5c examples/dfu/CMakeFiles/dfu_nrf52832_xxAA_s132_6.1.0.dir/__/__/mesh/serial/src/serial_uart.c.obj
                0x0002ae44                serial_uart_process
 .text.UARTE0_UART0_IRQHandler
                0x0002aea0        0x4 examples/dfu/CMakeFiles/dfu_nrf52832_xxAA_s132_6.1.0.dir/__/__/mesh/serial/src/serial_uart.c.obj
                0x0002aea0                UARTE0_UART0_IRQHandler
 .text.serial_uart_receive_set
                0x0002aea4        0xc examples/dfu/CMakeFiles/dfu_nrf52832_xxAA_s132_6.1.0.dir/__/__/mesh/serial/src/serial_uart.c.obj
                0x0002aea4                serial_uart_receive_set
 .text.do_transmit
                0x0002aeb0       0x44 examples/dfu/CMakeFiles/dfu_nrf52832_xxAA_s132_6.1.0.dir/__/__/mesh/serial/src/serial_bearer.c.obj
 .text.char_tx  0x0002aef4       0x78 examples/dfu/CMakeFiles/dfu_nrf52832_xxAA_s132_6.1.0.dir/__/__/mesh/serial/src/serial_bearer.c.obj
 .text.serial_bearer_init
                0x0002af6c       0x78 examples/dfu/CMakeFiles/dfu_nrf52832_xxAA_s132_6.1.0.dir/__/__/mesh/serial/src/serial_bearer.c.obj
                0x0002af6c                serial_bearer_init
 .text.serial_bearer_packet_buffer_get
                0x0002afe4       0x24 examples/dfu/CMakeFiles/dfu_nrf52832_xxAA_s132_6.1.0.dir/__/__/mesh/serial/src/serial_bearer.c.obj
                0x0002afe4                serial_bearer_packet_buffer_get
 .text.serial_bearer_tx
                0x0002b008       0x54 examples/dfu/CMakeFiles/dfu_nrf52832_xxAA_s132_6.1.0.dir/__/__/mesh/serial/src/serial_bearer.c.obj
                0x0002b008                serial_bearer_tx
 .text.send_cmd_response.constprop.5
                0x0002b05c       0x26 examples/dfu/CMakeFiles/dfu_nrf52832_xxAA_s132_6.1.0.dir/__/__/mesh/serial/src/serial_bearer.c.obj
 *fill*         0x0002b082        0x2 
 .text.char_rx  0x0002b084       0xc4 examples/dfu/CMakeFiles/dfu_nrf52832_xxAA_s132_6.1.0.dir/__/__/mesh/serial/src/serial_bearer.c.obj
 .text.serial_bearer_rx_get
                0x0002b148       0x38 examples/dfu/CMakeFiles/dfu_nrf52832_xxAA_s132_6.1.0.dir/__/__/mesh/serial/src/serial_bearer.c.obj
                0x0002b148                serial_bearer_rx_get
 .text.serial_handler_common_cmd_rsp_nodata_on_error
                0x0002b180       0x2a examples/dfu/CMakeFiles/dfu_nrf52832_xxAA_s132_6.1.0.dir/__/__/mesh/serial/src/serial_handler_common.c.obj
                0x0002b180                serial_handler_common_cmd_rsp_nodata_on_error
 .text.serial_handler_common_rx
                0x0002b1aa       0x4a examples/dfu/CMakeFiles/dfu_nrf52832_xxAA_s132_6.1.0.dir/__/__/mesh/serial/src/serial_handler_common.c.obj
                0x0002b1aa                serial_handler_common_rx
 .text.access_flash_store
                0x0002b1f4       0x18 examples/dfu/CMakeFiles/dfu_nrf52832_xxAA_s132_6.1.0.dir/__/__/mesh/serial/src/serial_handler_access.c.obj
 .text.elem_models_get
                0x0002b20c       0x44 examples/dfu/CMakeFiles/dfu_nrf52832_xxAA_s132_6.1.0.dir/__/__/mesh/serial/src/serial_handler_access.c.obj
 .text.handle_get
                0x0002b250       0x1e examples/dfu/CMakeFiles/dfu_nrf52832_xxAA_s132_6.1.0.dir/__/__/mesh/serial/src/serial_handler_access.c.obj
 .text.model_id_get
                0x0002b26e       0x1e examples/dfu/CMakeFiles/dfu_nrf52832_xxAA_s132_6.1.0.dir/__/__/mesh/serial/src/serial_handler_access.c.obj
 .text.elem_vendor_model_cnt_get
                0x0002b28c       0x1c examples/dfu/CMakeFiles/dfu_nrf52832_xxAA_s132_6.1.0.dir/__/__/mesh/serial/src/serial_handler_access.c.obj
 .text.elem_sig_model_cnt_get
                0x0002b2a8       0x1c examples/dfu/CMakeFiles/dfu_nrf52832_xxAA_s132_6.1.0.dir/__/__/mesh/serial/src/serial_handler_access.c.obj
 .text.elem_loc_get
                0x0002b2c4       0x1c examples/dfu/CMakeFiles/dfu_nrf52832_xxAA_s132_6.1.0.dir/__/__/mesh/serial/src/serial_handler_access.c.obj
 .text.elem_loc_set
                0x0002b2e0       0x22 examples/dfu/CMakeFiles/dfu_nrf52832_xxAA_s132_6.1.0.dir/__/__/mesh/serial/src/serial_handler_access.c.obj
 .text.model_pub_ttl_get
                0x0002b302       0x1c examples/dfu/CMakeFiles/dfu_nrf52832_xxAA_s132_6.1.0.dir/__/__/mesh/serial/src/serial_handler_access.c.obj
 .text.model_pub_ttl_set
                0x0002b31e       0x22 examples/dfu/CMakeFiles/dfu_nrf52832_xxAA_s132_6.1.0.dir/__/__/mesh/serial/src/serial_handler_access.c.obj
 .text.model_pub_app_get
                0x0002b340       0x1c examples/dfu/CMakeFiles/dfu_nrf52832_xxAA_s132_6.1.0.dir/__/__/mesh/serial/src/serial_handler_access.c.obj
 .text.model_pub_app_set
                0x0002b35c       0x22 examples/dfu/CMakeFiles/dfu_nrf52832_xxAA_s132_6.1.0.dir/__/__/mesh/serial/src/serial_handler_access.c.obj
 .text.model_app_get
                0x0002b37e       0x44 examples/dfu/CMakeFiles/dfu_nrf52832_xxAA_s132_6.1.0.dir/__/__/mesh/serial/src/serial_handler_access.c.obj
 .text.model_app_unbind
                0x0002b3c2       0x22 examples/dfu/CMakeFiles/dfu_nrf52832_xxAA_s132_6.1.0.dir/__/__/mesh/serial/src/serial_handler_access.c.obj
 .text.model_app_bind
                0x0002b3e4       0x22 examples/dfu/CMakeFiles/dfu_nrf52832_xxAA_s132_6.1.0.dir/__/__/mesh/serial/src/serial_handler_access.c.obj
 .text.model_subs_get
                0x0002b406       0x44 examples/dfu/CMakeFiles/dfu_nrf52832_xxAA_s132_6.1.0.dir/__/__/mesh/serial/src/serial_handler_access.c.obj
 .text.model_subs_remove
                0x0002b44a       0x22 examples/dfu/CMakeFiles/dfu_nrf52832_xxAA_s132_6.1.0.dir/__/__/mesh/serial/src/serial_handler_access.c.obj
 .text.model_subs_add
                0x0002b46c       0x22 examples/dfu/CMakeFiles/dfu_nrf52832_xxAA_s132_6.1.0.dir/__/__/mesh/serial/src/serial_handler_access.c.obj
 .text.model_pub_period_get
                0x0002b48e       0x20 examples/dfu/CMakeFiles/dfu_nrf52832_xxAA_s132_6.1.0.dir/__/__/mesh/serial/src/serial_handler_access.c.obj
 .text.model_pub_period_set
                0x0002b4ae       0x24 examples/dfu/CMakeFiles/dfu_nrf52832_xxAA_s132_6.1.0.dir/__/__/mesh/serial/src/serial_handler_access.c.obj
 .text.model_pub_addr_get
                0x0002b4d2       0x1c examples/dfu/CMakeFiles/dfu_nrf52832_xxAA_s132_6.1.0.dir/__/__/mesh/serial/src/serial_handler_access.c.obj
 .text.model_pub_addr_set
                0x0002b4ee       0x22 examples/dfu/CMakeFiles/dfu_nrf52832_xxAA_s132_6.1.0.dir/__/__/mesh/serial/src/serial_handler_access.c.obj
 .text.serial_handler_access_rx
                0x0002b510       0x24 examples/dfu/CMakeFiles/dfu_nrf52832_xxAA_s132_6.1.0.dir/__/__/mesh/serial/src/serial_handler_access.c.obj
                0x0002b510                serial_handler_access_rx
 .text.serial_handler_config_rx
                0x0002b534       0xa4 examples/dfu/CMakeFiles/dfu_nrf52832_xxAA_s132_6.1.0.dir/__/__/mesh/serial/src/serial_handler_config.c.obj
                0x0002b534                serial_handler_config_rx
 .text.serial_handler_openmesh_rx
                0x0002b5d8       0x36 examples/dfu/CMakeFiles/dfu_nrf52832_xxAA_s132_6.1.0.dir/__/__/mesh/serial/src/serial_handler_openmesh.c.obj
                0x0002b5d8                serial_handler_openmesh_rx
 *fill*         0x0002b60e        0x2 
 .text.serial_init
                0x0002b610       0x1c examples/dfu/CMakeFiles/dfu_nrf52832_xxAA_s132_6.1.0.dir/__/__/mesh/serial/src/serial.c.obj
                0x0002b610                serial_init
 .text.serial_packet_buffer_get
                0x0002b62c       0x34 examples/dfu/CMakeFiles/dfu_nrf52832_xxAA_s132_6.1.0.dir/__/__/mesh/serial/src/serial.c.obj
                0x0002b62c                serial_packet_buffer_get
 .text.serial_tx
                0x0002b660       0x20 examples/dfu/CMakeFiles/dfu_nrf52832_xxAA_s132_6.1.0.dir/__/__/mesh/serial/src/serial.c.obj
                0x0002b660                serial_tx
 .text.serial_start
                0x0002b680       0xfc examples/dfu/CMakeFiles/dfu_nrf52832_xxAA_s132_6.1.0.dir/__/__/mesh/serial/src/serial.c.obj
                0x0002b680                serial_start
 .text.serial_process
                0x0002b77c       0x30 examples/dfu/CMakeFiles/dfu_nrf52832_xxAA_s132_6.1.0.dir/__/__/mesh/serial/src/serial.c.obj
                0x0002b77c                serial_process
 .text.serial_translate_error
                0x0002b7ac       0x6e examples/dfu/CMakeFiles/dfu_nrf52832_xxAA_s132_6.1.0.dir/__/__/mesh/serial/src/serial.c.obj
                0x0002b7ac                serial_translate_error
 *fill*         0x0002b81a        0x2 
 .text.serial_state_get
                0x0002b81c        0xc examples/dfu/CMakeFiles/dfu_nrf52832_xxAA_s132_6.1.0.dir/__/__/mesh/serial/src/serial.c.obj
                0x0002b81c                serial_state_get
 .text.serial_cmd_rsp_send
                0x0002b828       0x58 examples/dfu/CMakeFiles/dfu_nrf52832_xxAA_s132_6.1.0.dir/__/__/mesh/serial/src/serial.c.obj
                0x0002b828                serial_cmd_rsp_send
 .text.serial_process_cmd
                0x0002b880       0xbc examples/dfu/CMakeFiles/dfu_nrf52832_xxAA_s132_6.1.0.dir/__/__/mesh/serial/src/serial.c.obj
 .text.find_context_id
                0x0002b93c       0x20 examples/dfu/CMakeFiles/dfu_nrf52832_xxAA_s132_6.1.0.dir/__/__/mesh/serial/src/serial_handler_prov.c.obj
 .text.serial_handler_prov_evt_in
                0x0002b95c      0x238 examples/dfu/CMakeFiles/dfu_nrf52832_xxAA_s132_6.1.0.dir/__/__/mesh/serial/src/serial_handler_prov.c.obj
 .text.serial_handler_prov_init
                0x0002bb94       0xc0 examples/dfu/CMakeFiles/dfu_nrf52832_xxAA_s132_6.1.0.dir/__/__/mesh/serial/src/serial_handler_prov.c.obj
                0x0002bb94                serial_handler_prov_init
 .text.serial_handler_prov_pkt_in
                0x0002bc54      0x22c examples/dfu/CMakeFiles/dfu_nrf52832_xxAA_s132_6.1.0.dir/__/__/mesh/serial/src/serial_handler_prov.c.obj
                0x0002bc54                serial_handler_prov_pkt_in
 .text.serial_handler_mesh_evt_handle
                0x0002be80      0x172 examples/dfu/CMakeFiles/dfu_nrf52832_xxAA_s132_6.1.0.dir/__/__/mesh/serial/src/serial_handler_dfu.c.obj
 *fill*         0x0002bff2        0x2 
 .text.serial_handler_dfu_init
                0x0002bff4       0x14 examples/dfu/CMakeFiles/dfu_nrf52832_xxAA_s132_6.1.0.dir/__/__/mesh/serial/src/serial_handler_dfu.c.obj
                0x0002bff4                serial_handler_dfu_init
 .text.serial_handler_dfu_rx
                0x0002c008      0x150 examples/dfu/CMakeFiles/dfu_nrf52832_xxAA_s132_6.1.0.dir/__/__/mesh/serial/src/serial_handler_dfu.c.obj
                0x0002c008                serial_handler_dfu_rx
 .text.serial_handler_mesh_evt_handle
                0x0002c158      0x10c examples/dfu/CMakeFiles/dfu_nrf52832_xxAA_s132_6.1.0.dir/__/__/mesh/serial/src/serial_handler_mesh.c.obj
 .text.handle_cmd_clear
                0x0002c264       0x20 examples/dfu/CMakeFiles/dfu_nrf52832_xxAA_s132_6.1.0.dir/__/__/mesh/serial/src/serial_handler_mesh.c.obj
 .text.handle_cmd_packet_send
                0x0002c284       0xac examples/dfu/CMakeFiles/dfu_nrf52832_xxAA_s132_6.1.0.dir/__/__/mesh/serial/src/serial_handler_mesh.c.obj
 .text.handle_cmd_addr_virtual_count_max_get
                0x0002c330       0x1a examples/dfu/CMakeFiles/dfu_nrf52832_xxAA_s132_6.1.0.dir/__/__/mesh/serial/src/serial_handler_mesh.c.obj
 .text.handle_cmd_appkey_count_max_get
                0x0002c34a        0x4 examples/dfu/CMakeFiles/dfu_nrf52832_xxAA_s132_6.1.0.dir/__/__/mesh/serial/src/serial_handler_mesh.c.obj
 .text.handle_cmd_addr_nonvirtual_count_max_get
                0x0002c34e       0x1a examples/dfu/CMakeFiles/dfu_nrf52832_xxAA_s132_6.1.0.dir/__/__/mesh/serial/src/serial_handler_mesh.c.obj
 .text.handle_cmd_addr_local_unicast_get
                0x0002c368       0x2c examples/dfu/CMakeFiles/dfu_nrf52832_xxAA_s132_6.1.0.dir/__/__/mesh/serial/src/serial_handler_mesh.c.obj
 .text.handle_cmd_devkey_count_max_get
                0x0002c394       0x1a examples/dfu/CMakeFiles/dfu_nrf52832_xxAA_s132_6.1.0.dir/__/__/mesh/serial/src/serial_handler_mesh.c.obj
 .text.handle_cmd_subnet_count_max_get
                0x0002c3ae       0x1a examples/dfu/CMakeFiles/dfu_nrf52832_xxAA_s132_6.1.0.dir/__/__/mesh/serial/src/serial_handler_mesh.c.obj
 .text.handle_cmd_addr_get_all
                0x0002c3c8       0x2c examples/dfu/CMakeFiles/dfu_nrf52832_xxAA_s132_6.1.0.dir/__/__/mesh/serial/src/serial_handler_mesh.c.obj
 .text.handle_cmd_addr_get
                0x0002c3f4       0x68 examples/dfu/CMakeFiles/dfu_nrf52832_xxAA_s132_6.1.0.dir/__/__/mesh/serial/src/serial_handler_mesh.c.obj
 .text.handle_cmd_addr_publication_remove
                0x0002c45c       0x26 examples/dfu/CMakeFiles/dfu_nrf52832_xxAA_s132_6.1.0.dir/__/__/mesh/serial/src/serial_handler_mesh.c.obj
 .text.handle_cmd_addr_publication_add_virtual
                0x0002c482       0x26 examples/dfu/CMakeFiles/dfu_nrf52832_xxAA_s132_6.1.0.dir/__/__/mesh/serial/src/serial_handler_mesh.c.obj
 .text.handle_cmd_addr_publication_add
                0x0002c4a8       0x26 examples/dfu/CMakeFiles/dfu_nrf52832_xxAA_s132_6.1.0.dir/__/__/mesh/serial/src/serial_handler_mesh.c.obj
 .text.handle_cmd_addr_subscription_remove
                0x0002c4ce       0x26 examples/dfu/CMakeFiles/dfu_nrf52832_xxAA_s132_6.1.0.dir/__/__/mesh/serial/src/serial_handler_mesh.c.obj
 .text.handle_cmd_addr_subscription_add_virtual
                0x0002c4f4       0x26 examples/dfu/CMakeFiles/dfu_nrf52832_xxAA_s132_6.1.0.dir/__/__/mesh/serial/src/serial_handler_mesh.c.obj
 .text.handle_cmd_addr_subscription_add
                0x0002c51a       0x26 examples/dfu/CMakeFiles/dfu_nrf52832_xxAA_s132_6.1.0.dir/__/__/mesh/serial/src/serial_handler_mesh.c.obj
 .text.handle_cmd_addr_local_unicast_set
                0x0002c540       0x32 examples/dfu/CMakeFiles/dfu_nrf52832_xxAA_s132_6.1.0.dir/__/__/mesh/serial/src/serial_handler_mesh.c.obj
 .text.handle_cmd_devkey_delete
                0x0002c572       0x26 examples/dfu/CMakeFiles/dfu_nrf52832_xxAA_s132_6.1.0.dir/__/__/mesh/serial/src/serial_handler_mesh.c.obj
 .text.handle_cmd_devkey_add
                0x0002c598       0x20 examples/dfu/CMakeFiles/dfu_nrf52832_xxAA_s132_6.1.0.dir/__/__/mesh/serial/src/serial_handler_mesh.c.obj
 .text.handle_cmd_appkey_get_all
                0x0002c5b8       0x38 examples/dfu/CMakeFiles/dfu_nrf52832_xxAA_s132_6.1.0.dir/__/__/mesh/serial/src/serial_handler_mesh.c.obj
 .text.handle_cmd_appkey_delete
                0x0002c5f0       0x26 examples/dfu/CMakeFiles/dfu_nrf52832_xxAA_s132_6.1.0.dir/__/__/mesh/serial/src/serial_handler_mesh.c.obj
 .text.handle_cmd_appkey_update
                0x0002c616       0x28 examples/dfu/CMakeFiles/dfu_nrf52832_xxAA_s132_6.1.0.dir/__/__/mesh/serial/src/serial_handler_mesh.c.obj
 .text.handle_cmd_appkey_add
                0x0002c63e       0x2a examples/dfu/CMakeFiles/dfu_nrf52832_xxAA_s132_6.1.0.dir/__/__/mesh/serial/src/serial_handler_mesh.c.obj
 .text.handle_cmd_subnet_get_all
                0x0002c668       0x2c examples/dfu/CMakeFiles/dfu_nrf52832_xxAA_s132_6.1.0.dir/__/__/mesh/serial/src/serial_handler_mesh.c.obj
 .text.handle_cmd_subnet_delete
                0x0002c694       0x26 examples/dfu/CMakeFiles/dfu_nrf52832_xxAA_s132_6.1.0.dir/__/__/mesh/serial/src/serial_handler_mesh.c.obj
 .text.handle_cmd_subnet_update
                0x0002c6ba       0x28 examples/dfu/CMakeFiles/dfu_nrf52832_xxAA_s132_6.1.0.dir/__/__/mesh/serial/src/serial_handler_mesh.c.obj
 .text.handle_cmd_subnet_add
                0x0002c6e2       0x28 examples/dfu/CMakeFiles/dfu_nrf52832_xxAA_s132_6.1.0.dir/__/__/mesh/serial/src/serial_handler_mesh.c.obj
 .text.handle_cmd_disable
                0x0002c70a       0x18 examples/dfu/CMakeFiles/dfu_nrf52832_xxAA_s132_6.1.0.dir/__/__/mesh/serial/src/serial_handler_mesh.c.obj
 .text.handle_cmd_enable
                0x0002c722       0x18 examples/dfu/CMakeFiles/dfu_nrf52832_xxAA_s132_6.1.0.dir/__/__/mesh/serial/src/serial_handler_mesh.c.obj
 *fill*         0x0002c73a        0x2 
 .text.serial_handler_mesh_init
                0x0002c73c       0x14 examples/dfu/CMakeFiles/dfu_nrf52832_xxAA_s132_6.1.0.dir/__/__/mesh/serial/src/serial_handler_mesh.c.obj
                0x0002c73c                serial_handler_mesh_init
 .text.serial_handler_mesh_rx
                0x0002c750       0x6c examples/dfu/CMakeFiles/dfu_nrf52832_xxAA_s132_6.1.0.dir/__/__/mesh/serial/src/serial_handler_mesh.c.obj
                0x0002c750                serial_handler_mesh_rx
 .text.registered_model_get
                0x0002c7bc       0x3c examples/dfu/CMakeFiles/dfu_nrf52832_xxAA_s132_6.1.0.dir/__/__/mesh/serial/src/serial_handler_models.c.obj
 .text.model_command
                0x0002c7f8       0x5e examples/dfu/CMakeFiles/dfu_nrf52832_xxAA_s132_6.1.0.dir/__/__/mesh/serial/src/serial_handler_models.c.obj
 .text.model_init
                0x0002c856       0x3a examples/dfu/CMakeFiles/dfu_nrf52832_xxAA_s132_6.1.0.dir/__/__/mesh/serial/src/serial_handler_models.c.obj
 .text.models_get
                0x0002c890       0x80 examples/dfu/CMakeFiles/dfu_nrf52832_xxAA_s132_6.1.0.dir/__/__/mesh/serial/src/serial_handler_models.c.obj
 .text.serial_handler_models_rx
                0x0002c910       0x24 examples/dfu/CMakeFiles/dfu_nrf52832_xxAA_s132_6.1.0.dir/__/__/mesh/serial/src/serial_handler_models.c.obj
                0x0002c910                serial_handler_models_rx
 .text.handle_cmd_hk_data_clear
                0x0002c934       0x24 examples/dfu/CMakeFiles/dfu_nrf52832_xxAA_s132_6.1.0.dir/__/__/mesh/serial/src/serial_handler_device.c.obj
 .text.handle_cmd_hk_data_get
                0x0002c958       0x2c examples/dfu/CMakeFiles/dfu_nrf52832_xxAA_s132_6.1.0.dir/__/__/mesh/serial/src/serial_handler_device.c.obj
 .text.handle_cmd_device_fw_info_get
                0x0002c984        0xc examples/dfu/CMakeFiles/dfu_nrf52832_xxAA_s132_6.1.0.dir/__/__/mesh/serial/src/serial_handler_device.c.obj
 .text.handle_cmd_device_internal_events_report
                0x0002c990        0x4 examples/dfu/CMakeFiles/dfu_nrf52832_xxAA_s132_6.1.0.dir/__/__/mesh/serial/src/serial_handler_device.c.obj
 .text.handle_cmd_device_serial_version_get
                0x0002c994       0x1a examples/dfu/CMakeFiles/dfu_nrf52832_xxAA_s132_6.1.0.dir/__/__/mesh/serial/src/serial_handler_device.c.obj
 *fill*         0x0002c9ae        0x2 
 .text.handle_cmd_device_beacon_params_set
                0x0002c9b0       0x6c examples/dfu/CMakeFiles/dfu_nrf52832_xxAA_s132_6.1.0.dir/__/__/mesh/serial/src/serial_handler_device.c.obj
 .text.handle_cmd_device_beacon_stop
                0x0002ca1c       0x44 examples/dfu/CMakeFiles/dfu_nrf52832_xxAA_s132_6.1.0.dir/__/__/mesh/serial/src/serial_handler_device.c.obj
 .text.handle_cmd_device_beacon_start
                0x0002ca60       0x70 examples/dfu/CMakeFiles/dfu_nrf52832_xxAA_s132_6.1.0.dir/__/__/mesh/serial/src/serial_handler_device.c.obj
 .text.handle_cmd_device_radio_reset
                0x0002cad0       0x1a examples/dfu/CMakeFiles/dfu_nrf52832_xxAA_s132_6.1.0.dir/__/__/mesh/serial/src/serial_handler_device.c.obj
 .text.handle_cmd_device_echo
                0x0002caea       0x2c examples/dfu/CMakeFiles/dfu_nrf52832_xxAA_s132_6.1.0.dir/__/__/mesh/serial/src/serial_handler_device.c.obj
 *fill*         0x0002cb16        0x2 
 .text.handle_cmd_device_beacon_params_get
                0x0002cb18       0x84 examples/dfu/CMakeFiles/dfu_nrf52832_xxAA_s132_6.1.0.dir/__/__/mesh/serial/src/serial_handler_device.c.obj
 .text.serial_handler_device_init
                0x0002cb9c       0x20 examples/dfu/CMakeFiles/dfu_nrf52832_xxAA_s132_6.1.0.dir/__/__/mesh/serial/src/serial_handler_device.c.obj
                0x0002cb9c                serial_handler_device_init
 .text.serial_handler_device_rx
                0x0002cbbc       0x24 examples/dfu/CMakeFiles/dfu_nrf52832_xxAA_s132_6.1.0.dir/__/__/mesh/serial/src/serial_handler_device.c.obj
                0x0002cbbc                serial_handler_device_rx
 .text.serial_handler_device_alloc_fail_report
                0x0002cbe0       0x14 examples/dfu/CMakeFiles/dfu_nrf52832_xxAA_s132_6.1.0.dir/__/__/mesh/serial/src/serial_handler_device.c.obj
                0x0002cbe0                serial_handler_device_alloc_fail_report
 .text.nrf_mesh_serial_init
                0x0002cbf4       0x36 examples/dfu/CMakeFiles/dfu_nrf52832_xxAA_s132_6.1.0.dir/__/__/mesh/serial/src/nrf_mesh_serial.c.obj
                0x0002cbf4                nrf_mesh_serial_init
 .text.nrf_mesh_serial_enable
                0x0002cc2a        0x4 examples/dfu/CMakeFiles/dfu_nrf52832_xxAA_s132_6.1.0.dir/__/__/mesh/serial/src/nrf_mesh_serial.c.obj
                0x0002cc2a                nrf_mesh_serial_enable
 *fill*         0x0002cc2e        0x2 
 .text.serial_handler_app_cb_set
                0x0002cc30        0xc examples/dfu/CMakeFiles/dfu_nrf52832_xxAA_s132_6.1.0.dir/__/__/mesh/serial/src/serial_handler_app.c.obj
                0x0002cc30                serial_handler_app_cb_set
 .text.serial_handler_app_rx
                0x0002cc3c       0x2c examples/dfu/CMakeFiles/dfu_nrf52832_xxAA_s132_6.1.0.dir/__/__/mesh/serial/src/serial_handler_app.c.obj
                0x0002cc3c                serial_handler_app_rx
 .text.config_composition_data_get
                0x0002cc68      0x186 examples/dfu/CMakeFiles/dfu_nrf52832_xxAA_s132_6.1.0.dir/__/__/models/foundation/config/src/composition_data.c.obj
                0x0002cc68                config_composition_data_get
 *fill*         0x0002cdee        0x2 
 .text.app_evt_send
                0x0002cdf0       0x10 examples/dfu/CMakeFiles/dfu_nrf52832_xxAA_s132_6.1.0.dir/__/__/models/foundation/config/src/config_server.c.obj
 .text.get_element_index
                0x0002ce00       0x26 examples/dfu/CMakeFiles/dfu_nrf52832_xxAA_s132_6.1.0.dir/__/__/models/foundation/config/src/config_server.c.obj
 .text.config_server_heartbeat_publication_params_get
                0x0002ce26       0x30 examples/dfu/CMakeFiles/dfu_nrf52832_xxAA_s132_6.1.0.dir/__/__/models/foundation/config/src/config_server.c.obj
 .text.send_reply
                0x0002ce56       0x34 examples/dfu/CMakeFiles/dfu_nrf52832_xxAA_s132_6.1.0.dir/__/__/models/foundation/config/src/config_server.c.obj
 .text.send_network_transmit_status
                0x0002ce8a       0x5a examples/dfu/CMakeFiles/dfu_nrf52832_xxAA_s132_6.1.0.dir/__/__/models/foundation/config/src/config_server.c.obj
 .text.handle_config_network_transmit_set
                0x0002cee4       0x74 examples/dfu/CMakeFiles/dfu_nrf52832_xxAA_s132_6.1.0.dir/__/__/models/foundation/config/src/config_server.c.obj
 .text.handle_config_network_transmit_get
                0x0002cf58        0xa examples/dfu/CMakeFiles/dfu_nrf52832_xxAA_s132_6.1.0.dir/__/__/models/foundation/config/src/config_server.c.obj
 *fill*         0x0002cf62        0x2 
 .text.handle_node_reset
                0x0002cf64       0x34 examples/dfu/CMakeFiles/dfu_nrf52832_xxAA_s132_6.1.0.dir/__/__/models/foundation/config/src/config_server.c.obj
 .text.send_netkey_status
                0x0002cf98       0x2c examples/dfu/CMakeFiles/dfu_nrf52832_xxAA_s132_6.1.0.dir/__/__/models/foundation/config/src/config_server.c.obj
 .text.send_relay_status
                0x0002cfc4       0x7e examples/dfu/CMakeFiles/dfu_nrf52832_xxAA_s132_6.1.0.dir/__/__/models/foundation/config/src/config_server.c.obj
 .text.handle_config_relay_set
                0x0002d042       0x9a examples/dfu/CMakeFiles/dfu_nrf52832_xxAA_s132_6.1.0.dir/__/__/models/foundation/config/src/config_server.c.obj
 .text.handle_config_relay_get
                0x0002d0dc        0xa examples/dfu/CMakeFiles/dfu_nrf52832_xxAA_s132_6.1.0.dir/__/__/models/foundation/config/src/config_server.c.obj
 .text.send_subscription_status
                0x0002d0e6       0x42 examples/dfu/CMakeFiles/dfu_nrf52832_xxAA_s132_6.1.0.dir/__/__/models/foundation/config/src/config_server.c.obj
 .text.send_appkey_status
                0x0002d128       0x3a examples/dfu/CMakeFiles/dfu_nrf52832_xxAA_s132_6.1.0.dir/__/__/models/foundation/config/src/config_server.c.obj
 .text.handle_netkey_delete
                0x0002d162       0xbc examples/dfu/CMakeFiles/dfu_nrf52832_xxAA_s132_6.1.0.dir/__/__/models/foundation/config/src/config_server.c.obj
 *fill*         0x0002d21e        0x2 
 .text.handle_netkey_add_update
                0x0002d220       0x78 examples/dfu/CMakeFiles/dfu_nrf52832_xxAA_s132_6.1.0.dir/__/__/models/foundation/config/src/config_server.c.obj
 .text.status_error_sub_send
                0x0002d298      0x124 examples/dfu/CMakeFiles/dfu_nrf52832_xxAA_s132_6.1.0.dir/__/__/models/foundation/config/src/config_server.c.obj
 .text.delete_all_subscriptions
                0x0002d3bc       0x66 examples/dfu/CMakeFiles/dfu_nrf52832_xxAA_s132_6.1.0.dir/__/__/models/foundation/config/src/config_server.c.obj
 .text.send_publication_status
                0x0002d422      0x186 examples/dfu/CMakeFiles/dfu_nrf52832_xxAA_s132_6.1.0.dir/__/__/models/foundation/config/src/config_server.c.obj
 .text.handle_config_key_refresh_phase_set
                0x0002d5a8       0xc8 examples/dfu/CMakeFiles/dfu_nrf52832_xxAA_s132_6.1.0.dir/__/__/models/foundation/config/src/config_server.c.obj
 .text.handle_config_default_ttl_set
                0x0002d670       0x50 examples/dfu/CMakeFiles/dfu_nrf52832_xxAA_s132_6.1.0.dir/__/__/models/foundation/config/src/config_server.c.obj
 .text.send_net_beacon_state
                0x0002d6c0       0x2c examples/dfu/CMakeFiles/dfu_nrf52832_xxAA_s132_6.1.0.dir/__/__/models/foundation/config/src/config_server.c.obj
 .text.handle_config_beacon_get
                0x0002d6ec        0xa examples/dfu/CMakeFiles/dfu_nrf52832_xxAA_s132_6.1.0.dir/__/__/models/foundation/config/src/config_server.c.obj
 .text.handle_heartbeat_publication_set
                0x0002d6f6       0xea examples/dfu/CMakeFiles/dfu_nrf52832_xxAA_s132_6.1.0.dir/__/__/models/foundation/config/src/config_server.c.obj
 .text.mesh_event_cb
                0x0002d7e0       0x70 examples/dfu/CMakeFiles/dfu_nrf52832_xxAA_s132_6.1.0.dir/__/__/models/foundation/config/src/config_server.c.obj
 .text.handle_node_identity_set
                0x0002d850       0x3e examples/dfu/CMakeFiles/dfu_nrf52832_xxAA_s132_6.1.0.dir/__/__/models/foundation/config/src/config_server.c.obj
 .text.handle_node_identity_get
                0x0002d88e       0x3c examples/dfu/CMakeFiles/dfu_nrf52832_xxAA_s132_6.1.0.dir/__/__/models/foundation/config/src/config_server.c.obj
 .text.handle_config_gatt_proxy_get.part.8
                0x0002d8ca       0x2a examples/dfu/CMakeFiles/dfu_nrf52832_xxAA_s132_6.1.0.dir/__/__/models/foundation/config/src/config_server.c.obj
 .text.handle_config_gatt_proxy_set
                0x0002d8f4       0x14 examples/dfu/CMakeFiles/dfu_nrf52832_xxAA_s132_6.1.0.dir/__/__/models/foundation/config/src/config_server.c.obj
 .text.handle_config_gatt_proxy_get
                0x0002d908        0xa examples/dfu/CMakeFiles/dfu_nrf52832_xxAA_s132_6.1.0.dir/__/__/models/foundation/config/src/config_server.c.obj
 .text.handle_config_friend_get.part.10
                0x0002d912       0x2a examples/dfu/CMakeFiles/dfu_nrf52832_xxAA_s132_6.1.0.dir/__/__/models/foundation/config/src/config_server.c.obj
 .text.handle_config_friend_set
                0x0002d93c       0x14 examples/dfu/CMakeFiles/dfu_nrf52832_xxAA_s132_6.1.0.dir/__/__/models/foundation/config/src/config_server.c.obj
 .text.handle_config_friend_get
                0x0002d950        0xa examples/dfu/CMakeFiles/dfu_nrf52832_xxAA_s132_6.1.0.dir/__/__/models/foundation/config/src/config_server.c.obj
 .text.handle_netkey_get
                0x0002d95a       0x50 examples/dfu/CMakeFiles/dfu_nrf52832_xxAA_s132_6.1.0.dir/__/__/models/foundation/config/src/config_server.c.obj
 .text.handle_appkey_get
                0x0002d9aa       0x82 examples/dfu/CMakeFiles/dfu_nrf52832_xxAA_s132_6.1.0.dir/__/__/models/foundation/config/src/config_server.c.obj
 .text.status_error_pub_send
                0x0002da2c       0x90 examples/dfu/CMakeFiles/dfu_nrf52832_xxAA_s132_6.1.0.dir/__/__/models/foundation/config/src/config_server.c.obj
 .text.handle_config_key_refresh_phase_get
                0x0002dabc       0x58 examples/dfu/CMakeFiles/dfu_nrf52832_xxAA_s132_6.1.0.dir/__/__/models/foundation/config/src/config_server.c.obj
 .text.handle_config_default_ttl_get
                0x0002db14       0x30 examples/dfu/CMakeFiles/dfu_nrf52832_xxAA_s132_6.1.0.dir/__/__/models/foundation/config/src/config_server.c.obj
 .text.handle_config_beacon_set
                0x0002db44       0x42 examples/dfu/CMakeFiles/dfu_nrf52832_xxAA_s132_6.1.0.dir/__/__/models/foundation/config/src/config_server.c.obj
 .text.handle_composition_data_get
                0x0002db86       0x50 examples/dfu/CMakeFiles/dfu_nrf52832_xxAA_s132_6.1.0.dir/__/__/models/foundation/config/src/config_server.c.obj
 *fill*         0x0002dbd6        0x2 
 .text.handle_appkey_add
                0x0002dbd8      0x140 examples/dfu/CMakeFiles/dfu_nrf52832_xxAA_s132_6.1.0.dir/__/__/models/foundation/config/src/config_server.c.obj
 .text.get_subscription_list.constprop.25
                0x0002dd18       0x50 examples/dfu/CMakeFiles/dfu_nrf52832_xxAA_s132_6.1.0.dir/__/__/models/foundation/config/src/config_server.c.obj
 .text.heartbeat_subscription_count_encode
                0x0002dd68       0x32 examples/dfu/CMakeFiles/dfu_nrf52832_xxAA_s132_6.1.0.dir/__/__/models/foundation/config/src/config_server.c.obj
 .text.handle_appkey_update
                0x0002dd9a       0xbc examples/dfu/CMakeFiles/dfu_nrf52832_xxAA_s132_6.1.0.dir/__/__/models/foundation/config/src/config_server.c.obj
 .text.handle_appkey_delete
                0x0002de56       0xc2 examples/dfu/CMakeFiles/dfu_nrf52832_xxAA_s132_6.1.0.dir/__/__/models/foundation/config/src/config_server.c.obj
 .text.heartbeat_pubsub_period_encode
                0x0002df18       0x26 examples/dfu/CMakeFiles/dfu_nrf52832_xxAA_s132_6.1.0.dir/__/__/models/foundation/config/src/config_server.c.obj
 .text.handle_heartbeat_publication_get
                0x0002df3e       0x8a examples/dfu/CMakeFiles/dfu_nrf52832_xxAA_s132_6.1.0.dir/__/__/models/foundation/config/src/config_server.c.obj
 .text.handle_heartbeat_subscription_get
                0x0002dfc8       0x84 examples/dfu/CMakeFiles/dfu_nrf52832_xxAA_s132_6.1.0.dir/__/__/models/foundation/config/src/config_server.c.obj
 .text.handle_heartbeat_subscription_set
                0x0002e04c       0xa8 examples/dfu/CMakeFiles/dfu_nrf52832_xxAA_s132_6.1.0.dir/__/__/models/foundation/config/src/config_server.c.obj
 .text.handle_config_model_publication_get
                0x0002e0f4       0x94 examples/dfu/CMakeFiles/dfu_nrf52832_xxAA_s132_6.1.0.dir/__/__/models/foundation/config/src/config_server.c.obj
 .text.handle_config_model_subscription_delete_all
                0x0002e188       0xca examples/dfu/CMakeFiles/dfu_nrf52832_xxAA_s132_6.1.0.dir/__/__/models/foundation/config/src/config_server.c.obj
 .text.handle_config_model_subscription_virtual_address_delete
                0x0002e252      0x110 examples/dfu/CMakeFiles/dfu_nrf52832_xxAA_s132_6.1.0.dir/__/__/models/foundation/config/src/config_server.c.obj
 .text.handle_config_model_subscription_virtual_address_add
                0x0002e362      0x10e examples/dfu/CMakeFiles/dfu_nrf52832_xxAA_s132_6.1.0.dir/__/__/models/foundation/config/src/config_server.c.obj
 .text.handle_config_model_subscription_delete
                0x0002e470      0x116 examples/dfu/CMakeFiles/dfu_nrf52832_xxAA_s132_6.1.0.dir/__/__/models/foundation/config/src/config_server.c.obj
 .text.handle_config_model_subscription_add
                0x0002e586      0x11a examples/dfu/CMakeFiles/dfu_nrf52832_xxAA_s132_6.1.0.dir/__/__/models/foundation/config/src/config_server.c.obj
 .text.handle_config_model_subscription_virtual_address_overwrite
                0x0002e6a0      0x128 examples/dfu/CMakeFiles/dfu_nrf52832_xxAA_s132_6.1.0.dir/__/__/models/foundation/config/src/config_server.c.obj
 .text.handle_model_app_get
                0x0002e7c8      0x1a4 examples/dfu/CMakeFiles/dfu_nrf52832_xxAA_s132_6.1.0.dir/__/__/models/foundation/config/src/config_server.c.obj
 .text.handle_config_model_subscription_overwrite
                0x0002e96c      0x122 examples/dfu/CMakeFiles/dfu_nrf52832_xxAA_s132_6.1.0.dir/__/__/models/foundation/config/src/config_server.c.obj
 *fill*         0x0002ea8e        0x2 
 .text.handle_model_app_bind_unbind
                0x0002ea90      0x1f8 examples/dfu/CMakeFiles/dfu_nrf52832_xxAA_s132_6.1.0.dir/__/__/models/foundation/config/src/config_server.c.obj
 .text.handle_config_sig_model_subscription_get
                0x0002ec88       0xa2 examples/dfu/CMakeFiles/dfu_nrf52832_xxAA_s132_6.1.0.dir/__/__/models/foundation/config/src/config_server.c.obj
 .text.handle_config_vendor_model_subscription_get
                0x0002ed2a       0xde examples/dfu/CMakeFiles/dfu_nrf52832_xxAA_s132_6.1.0.dir/__/__/models/foundation/config/src/config_server.c.obj
 .text.handle_config_model_publication_set
                0x0002ee08      0x2dc examples/dfu/CMakeFiles/dfu_nrf52832_xxAA_s132_6.1.0.dir/__/__/models/foundation/config/src/config_server.c.obj
 .text.config_server_init
                0x0002f0e4       0x60 examples/dfu/CMakeFiles/dfu_nrf52832_xxAA_s132_6.1.0.dir/__/__/models/foundation/config/src/config_server.c.obj
                0x0002f0e4                config_server_init
 .text.config_server_bind
                0x0002f144       0x10 examples/dfu/CMakeFiles/dfu_nrf52832_xxAA_s132_6.1.0.dir/__/__/models/foundation/config/src/config_server.c.obj
                0x0002f144                config_server_bind
 .text.packed_index_list_create
                0x0002f154       0x32 examples/dfu/CMakeFiles/dfu_nrf52832_xxAA_s132_6.1.0.dir/__/__/models/foundation/config/src/packed_index_list.c.obj
                0x0002f154                packed_index_list_create
 *fill*         0x0002f186        0x2 
 .text.attention_timer_set
                0x0002f188       0x8c examples/dfu/CMakeFiles/dfu_nrf52832_xxAA_s132_6.1.0.dir/__/__/models/foundation/health/src/health_server.c.obj
 .text.attention_timer_handler
                0x0002f214       0x5c examples/dfu/CMakeFiles/dfu_nrf52832_xxAA_s132_6.1.0.dir/__/__/models/foundation/health/src/health_server.c.obj
 .text.send_attention_status
                0x0002f270       0x4a examples/dfu/CMakeFiles/dfu_nrf52832_xxAA_s132_6.1.0.dir/__/__/models/foundation/health/src/health_server.c.obj
 .text.handle_attention_get
                0x0002f2ba        0xc examples/dfu/CMakeFiles/dfu_nrf52832_xxAA_s132_6.1.0.dir/__/__/models/foundation/health/src/health_server.c.obj
 .text.send_period_status
                0x0002f2c6       0x48 examples/dfu/CMakeFiles/dfu_nrf52832_xxAA_s132_6.1.0.dir/__/__/models/foundation/health/src/health_server.c.obj
 .text.handle_period_get
                0x0002f30e        0xc examples/dfu/CMakeFiles/dfu_nrf52832_xxAA_s132_6.1.0.dir/__/__/models/foundation/health/src/health_server.c.obj
 .text.handle_attention_set
                0x0002f31a       0x2e examples/dfu/CMakeFiles/dfu_nrf52832_xxAA_s132_6.1.0.dir/__/__/models/foundation/health/src/health_server.c.obj
 .text.handle_period_set
                0x0002f348       0x22 examples/dfu/CMakeFiles/dfu_nrf52832_xxAA_s132_6.1.0.dir/__/__/models/foundation/health/src/health_server.c.obj
 *fill*         0x0002f36a        0x2 
 .text.bitfield_next_get.part.0.constprop.9
                0x0002f36c       0x44 examples/dfu/CMakeFiles/dfu_nrf52832_xxAA_s132_6.1.0.dir/__/__/models/foundation/health/src/health_server.c.obj
 .text.send_fault_status
                0x0002f3b0       0x96 examples/dfu/CMakeFiles/dfu_nrf52832_xxAA_s132_6.1.0.dir/__/__/models/foundation/health/src/health_server.c.obj
 .text.health_publish_timeout_handler
                0x0002f446        0xa examples/dfu/CMakeFiles/dfu_nrf52832_xxAA_s132_6.1.0.dir/__/__/models/foundation/health/src/health_server.c.obj
 .text.handle_fault_test
                0x0002f450       0x68 examples/dfu/CMakeFiles/dfu_nrf52832_xxAA_s132_6.1.0.dir/__/__/models/foundation/health/src/health_server.c.obj
 .text.handle_fault_get
                0x0002f4b8       0x32 examples/dfu/CMakeFiles/dfu_nrf52832_xxAA_s132_6.1.0.dir/__/__/models/foundation/health/src/health_server.c.obj
 .text.handle_fault_clear
                0x0002f4ea       0x48 examples/dfu/CMakeFiles/dfu_nrf52832_xxAA_s132_6.1.0.dir/__/__/models/foundation/health/src/health_server.c.obj
 *fill*         0x0002f532        0x2 
 .text.health_server_init
                0x0002f534       0x6c examples/dfu/CMakeFiles/dfu_nrf52832_xxAA_s132_6.1.0.dir/__/__/models/foundation/health/src/health_server.c.obj
                0x0002f534                health_server_init
 .text.prov_provisioner_cb_link_closed
                0x0002f5a0       0x2a examples/dfu/CMakeFiles/dfu_nrf52832_xxAA_s132_6.1.0.dir/__/__/mesh/prov/src/prov_provisioner.c.obj
 .text.prov_provisioner_cb_link_established
                0x0002f5ca       0x40 examples/dfu/CMakeFiles/dfu_nrf52832_xxAA_s132_6.1.0.dir/__/__/mesh/prov/src/prov_provisioner.c.obj
 .text.send_confirmation
                0x0002f60a       0x26 examples/dfu/CMakeFiles/dfu_nrf52832_xxAA_s132_6.1.0.dir/__/__/mesh/prov/src/prov_provisioner.c.obj
 .text.request_authentication
                0x0002f630       0x8a examples/dfu/CMakeFiles/dfu_nrf52832_xxAA_s132_6.1.0.dir/__/__/mesh/prov/src/prov_provisioner.c.obj
 .text.start_authentication
                0x0002f6ba       0x46 examples/dfu/CMakeFiles/dfu_nrf52832_xxAA_s132_6.1.0.dir/__/__/mesh/prov/src/prov_provisioner.c.obj
 .text.prov_provisioner_cb_ack_received
                0x0002f700       0x56 examples/dfu/CMakeFiles/dfu_nrf52832_xxAA_s132_6.1.0.dir/__/__/mesh/prov/src/prov_provisioner.c.obj
 *fill*         0x0002f756        0x2 
 .text.prov_provisioner_pkt_in
                0x0002f758      0x23c examples/dfu/CMakeFiles/dfu_nrf52832_xxAA_s132_6.1.0.dir/__/__/mesh/prov/src/prov_provisioner.c.obj
 .text.prov_provisioner_provision
                0x0002f994       0x48 examples/dfu/CMakeFiles/dfu_nrf52832_xxAA_s132_6.1.0.dir/__/__/mesh/prov/src/prov_provisioner.c.obj
                0x0002f994                prov_provisioner_provision
 .text.prov_provisioner_oob_use
                0x0002f9dc       0x7e examples/dfu/CMakeFiles/dfu_nrf52832_xxAA_s132_6.1.0.dir/__/__/mesh/prov/src/prov_provisioner.c.obj
                0x0002f9dc                prov_provisioner_oob_use
 .text.prov_provisioner_auth_data
                0x0002fa5a       0x12 examples/dfu/CMakeFiles/dfu_nrf52832_xxAA_s132_6.1.0.dir/__/__/mesh/prov/src/prov_provisioner.c.obj
                0x0002fa5a                prov_provisioner_auth_data
 .text.prov_provisioner_shared_secret
                0x0002fa6c       0x28 examples/dfu/CMakeFiles/dfu_nrf52832_xxAA_s132_6.1.0.dir/__/__/mesh/prov/src/prov_provisioner.c.obj
                0x0002fa6c                prov_provisioner_shared_secret
 .text.complete_provisioning
                0x0002fa94       0x24 examples/dfu/CMakeFiles/dfu_nrf52832_xxAA_s132_6.1.0.dir/__/__/mesh/prov/src/prov_provisionee.c.obj
 .text.prov_provisionee_cb_link_established
                0x0002fab8       0x36 examples/dfu/CMakeFiles/dfu_nrf52832_xxAA_s132_6.1.0.dir/__/__/mesh/prov/src/prov_provisionee.c.obj
 .text.prov_provisionee_cb_link_closed
                0x0002faee       0x34 examples/dfu/CMakeFiles/dfu_nrf52832_xxAA_s132_6.1.0.dir/__/__/mesh/prov/src/prov_provisionee.c.obj
 .text.request_authentication
                0x0002fb22       0x8a examples/dfu/CMakeFiles/dfu_nrf52832_xxAA_s132_6.1.0.dir/__/__/mesh/prov/src/prov_provisionee.c.obj
 .text.send_failed
                0x0002fbac       0x3a examples/dfu/CMakeFiles/dfu_nrf52832_xxAA_s132_6.1.0.dir/__/__/mesh/prov/src/prov_provisionee.c.obj
 .text.start_authentication
                0x0002fbe6       0x52 examples/dfu/CMakeFiles/dfu_nrf52832_xxAA_s132_6.1.0.dir/__/__/mesh/prov/src/prov_provisionee.c.obj
 .text.prov_provisionee_cb_ack_received
                0x0002fc38       0xc8 examples/dfu/CMakeFiles/dfu_nrf52832_xxAA_s132_6.1.0.dir/__/__/mesh/prov/src/prov_provisionee.c.obj
 .text.prov_provisionee_pkt_in
                0x0002fd00      0x352 examples/dfu/CMakeFiles/dfu_nrf52832_xxAA_s132_6.1.0.dir/__/__/mesh/prov/src/prov_provisionee.c.obj
 *fill*         0x00030052        0x2 
 .text.prov_provisionee_listen
                0x00030054       0x30 examples/dfu/CMakeFiles/dfu_nrf52832_xxAA_s132_6.1.0.dir/__/__/mesh/prov/src/prov_provisionee.c.obj
                0x00030054                prov_provisionee_listen
 .text.prov_provisionee_auth_data
                0x00030084       0x48 examples/dfu/CMakeFiles/dfu_nrf52832_xxAA_s132_6.1.0.dir/__/__/mesh/prov/src/prov_provisionee.c.obj
                0x00030084                prov_provisionee_auth_data
 .text.prov_provisionee_shared_secret
                0x000300cc       0x28 examples/dfu/CMakeFiles/dfu_nrf52832_xxAA_s132_6.1.0.dir/__/__/mesh/prov/src/prov_provisionee.c.obj
                0x000300cc                prov_provisionee_shared_secret
 .text.bearer_compare_callback
                0x000300f4        0xc examples/dfu/CMakeFiles/dfu_nrf52832_xxAA_s132_6.1.0.dir/__/__/mesh/prov/src/nrf_mesh_prov.c.obj
 .text.utils_reverse_array.constprop.2
                0x00030100       0x1e examples/dfu/CMakeFiles/dfu_nrf52832_xxAA_s132_6.1.0.dir/__/__/mesh/prov/src/nrf_mesh_prov.c.obj
 *fill*         0x0003011e        0x2 
 .text.bitfield_next_get.part.0.constprop.5
                0x00030120       0x34 examples/dfu/CMakeFiles/dfu_nrf52832_xxAA_s132_6.1.0.dir/__/__/mesh/prov/src/nrf_mesh_prov.c.obj
 .text.nrf_mesh_prov_init
                0x00030154       0x32 examples/dfu/CMakeFiles/dfu_nrf52832_xxAA_s132_6.1.0.dir/__/__/mesh/prov/src/nrf_mesh_prov.c.obj
                0x00030154                nrf_mesh_prov_init
 *fill*         0x00030186        0x2 
 .text.nrf_mesh_prov_bearer_add
                0x00030188       0x28 examples/dfu/CMakeFiles/dfu_nrf52832_xxAA_s132_6.1.0.dir/__/__/mesh/prov/src/nrf_mesh_prov.c.obj
                0x00030188                nrf_mesh_prov_bearer_add
 .text.nrf_mesh_prov_generate_keys
                0x000301b0        0x4 examples/dfu/CMakeFiles/dfu_nrf52832_xxAA_s132_6.1.0.dir/__/__/mesh/prov/src/nrf_mesh_prov.c.obj
                0x000301b0                nrf_mesh_prov_generate_keys
 .text.nrf_mesh_prov_listen_stop
                0x000301b4       0x2e examples/dfu/CMakeFiles/dfu_nrf52832_xxAA_s132_6.1.0.dir/__/__/mesh/prov/src/nrf_mesh_prov.c.obj
                0x000301b4                nrf_mesh_prov_listen_stop
 .text.nrf_mesh_prov_listen
                0x000301e2       0x88 examples/dfu/CMakeFiles/dfu_nrf52832_xxAA_s132_6.1.0.dir/__/__/mesh/prov/src/nrf_mesh_prov.c.obj
                0x000301e2                nrf_mesh_prov_listen
 .text.nrf_mesh_prov_provision
                0x0003026a       0x5c examples/dfu/CMakeFiles/dfu_nrf52832_xxAA_s132_6.1.0.dir/__/__/mesh/prov/src/nrf_mesh_prov.c.obj
                0x0003026a                nrf_mesh_prov_provision
 .text.nrf_mesh_prov_oob_use
                0x000302c6       0x18 examples/dfu/CMakeFiles/dfu_nrf52832_xxAA_s132_6.1.0.dir/__/__/mesh/prov/src/nrf_mesh_prov.c.obj
                0x000302c6                nrf_mesh_prov_oob_use
 .text.nrf_mesh_prov_auth_data_provide
                0x000302de       0xf4 examples/dfu/CMakeFiles/dfu_nrf52832_xxAA_s132_6.1.0.dir/__/__/mesh/prov/src/nrf_mesh_prov.c.obj
                0x000302de                nrf_mesh_prov_auth_data_provide
 .text.nrf_mesh_prov_shared_secret_provide
                0x000303d2        0xe examples/dfu/CMakeFiles/dfu_nrf52832_xxAA_s132_6.1.0.dir/__/__/mesh/prov/src/nrf_mesh_prov.c.obj
                0x000303d2                nrf_mesh_prov_shared_secret_provide
 .text.nrf_mesh_prov_scan_start
                0x000303e0       0x10 examples/dfu/CMakeFiles/dfu_nrf52832_xxAA_s132_6.1.0.dir/__/__/mesh/prov/src/nrf_mesh_prov.c.obj
                0x000303e0                nrf_mesh_prov_scan_start
 .text.nrf_mesh_prov_scan_stop
                0x000303f0        0x4 examples/dfu/CMakeFiles/dfu_nrf52832_xxAA_s132_6.1.0.dir/__/__/mesh/prov/src/nrf_mesh_prov.c.obj
                0x000303f0                nrf_mesh_prov_scan_stop
 .text.send_data
                0x000303f4       0x28 examples/dfu/CMakeFiles/dfu_nrf52832_xxAA_s132_6.1.0.dir/__/__/mesh/prov/src/provisioning.c.obj
 .text.prov_packet_length_valid
                0x0003041c       0x1c examples/dfu/CMakeFiles/dfu_nrf52832_xxAA_s132_6.1.0.dir/__/__/mesh/prov/src/provisioning.c.obj
                0x0003041c                prov_packet_length_valid
 .text.prov_tx_invite
                0x00030438       0x28 examples/dfu/CMakeFiles/dfu_nrf52832_xxAA_s132_6.1.0.dir/__/__/mesh/prov/src/provisioning.c.obj
                0x00030438                prov_tx_invite
 .text.prov_tx_capabilities
                0x00030460       0x1e examples/dfu/CMakeFiles/dfu_nrf52832_xxAA_s132_6.1.0.dir/__/__/mesh/prov/src/provisioning.c.obj
                0x00030460                prov_tx_capabilities
 .text.prov_tx_start
                0x0003047e       0x20 examples/dfu/CMakeFiles/dfu_nrf52832_xxAA_s132_6.1.0.dir/__/__/mesh/prov/src/provisioning.c.obj
                0x0003047e                prov_tx_start
 .text.prov_tx_public_key
                0x0003049e       0x26 examples/dfu/CMakeFiles/dfu_nrf52832_xxAA_s132_6.1.0.dir/__/__/mesh/prov/src/provisioning.c.obj
                0x0003049e                prov_tx_public_key
 .text.prov_tx_input_complete
                0x000304c4       0x16 examples/dfu/CMakeFiles/dfu_nrf52832_xxAA_s132_6.1.0.dir/__/__/mesh/prov/src/provisioning.c.obj
                0x000304c4                prov_tx_input_complete
 .text.prov_tx_confirmation
                0x000304da       0x26 examples/dfu/CMakeFiles/dfu_nrf52832_xxAA_s132_6.1.0.dir/__/__/mesh/prov/src/provisioning.c.obj
                0x000304da                prov_tx_confirmation
 .text.prov_tx_random
                0x00030500       0x26 examples/dfu/CMakeFiles/dfu_nrf52832_xxAA_s132_6.1.0.dir/__/__/mesh/prov/src/provisioning.c.obj
                0x00030500                prov_tx_random
 .text.prov_tx_complete
                0x00030526       0x16 examples/dfu/CMakeFiles/dfu_nrf52832_xxAA_s132_6.1.0.dir/__/__/mesh/prov/src/provisioning.c.obj
                0x00030526                prov_tx_complete
 .text.prov_tx_failed
                0x0003053c       0x1a examples/dfu/CMakeFiles/dfu_nrf52832_xxAA_s132_6.1.0.dir/__/__/mesh/prov/src/provisioning.c.obj
                0x0003053c                prov_tx_failed
 .text.prov_tx_data
                0x00030556        0x6 examples/dfu/CMakeFiles/dfu_nrf52832_xxAA_s132_6.1.0.dir/__/__/mesh/prov/src/provisioning.c.obj
                0x00030556                prov_tx_data
 .text.prov_beacon_unprov_build
                0x0003055c       0x54 examples/dfu/CMakeFiles/dfu_nrf52832_xxAA_s132_6.1.0.dir/__/__/mesh/prov/src/prov_beacon.c.obj
                0x0003055c                prov_beacon_unprov_build
 .text.prov_beacon_unprov_packet_in
                0x000305b0       0x88 examples/dfu/CMakeFiles/dfu_nrf52832_xxAA_s132_6.1.0.dir/__/__/mesh/prov/src/prov_beacon.c.obj
                0x000305b0                prov_beacon_unprov_packet_in
 .text.prov_beacon_scan_start
                0x00030638       0x18 examples/dfu/CMakeFiles/dfu_nrf52832_xxAA_s132_6.1.0.dir/__/__/mesh/prov/src/prov_beacon.c.obj
                0x00030638                prov_beacon_scan_start
 .text.prov_beacon_scan_stop
                0x00030650        0xc examples/dfu/CMakeFiles/dfu_nrf52832_xxAA_s132_6.1.0.dir/__/__/mesh/prov/src/prov_beacon.c.obj
                0x00030650                prov_beacon_scan_stop
 .text.ecdh_offloading_get
                0x0003065c       0x1c examples/dfu/CMakeFiles/dfu_nrf52832_xxAA_s132_6.1.0.dir/__/__/mesh/prov/src/prov_utils.c.obj
 .text.ecdh_offloading_set
                0x00030678       0x1c examples/dfu/CMakeFiles/dfu_nrf52832_xxAA_s132_6.1.0.dir/__/__/mesh/prov/src/prov_utils.c.obj
 .text.oob_gen_numeric
                0x00030694       0x3c examples/dfu/CMakeFiles/dfu_nrf52832_xxAA_s132_6.1.0.dir/__/__/mesh/prov/src/prov_utils.c.obj
 .text.oob_gen_alphanumeric
                0x000306d0       0x34 examples/dfu/CMakeFiles/dfu_nrf52832_xxAA_s132_6.1.0.dir/__/__/mesh/prov/src/prov_utils.c.obj
 .text.prov_utils_authentication_values_derive
                0x00030704       0xa0 examples/dfu/CMakeFiles/dfu_nrf52832_xxAA_s132_6.1.0.dir/__/__/mesh/prov/src/prov_utils.c.obj
                0x00030704                prov_utils_authentication_values_derive
 .text.prov_utils_keys_generate
                0x000307a4       0x1e examples/dfu/CMakeFiles/dfu_nrf52832_xxAA_s132_6.1.0.dir/__/__/mesh/prov/src/prov_utils.c.obj
                0x000307a4                prov_utils_keys_generate
 *fill*         0x000307c2        0x2 